From: "Sender" <sender@example.com>
To: "Recipient" <recipient@example.com>
Subject: =?UTF-8?b?8J+YgSBUZXN0IFN1YmplY3Q=?=
MIME-Version: 1.0
Content-Type: multipart/alternative; boundary="lloeYLjBi)Riw3.d6lAvlNNTU9Z
 g8_:ZaTSgaPlh,:(E+X0f3I+WozrGNeSKK:,ix()e=R"; charset="utf-8"

--lloeYLjBi)Riw3.d6lAvlNNTU9Zg8_:ZaTSgaPlh,:(E+X0f3I+WozrGNeSKK:,ix()e=R
Content-Type: text/plain; charset=utf-8
Content-Transfer-Encoding: quoted-printable

text
--lloeYLjBi)Riw3.d6lAvlNNTU9Zg8_:ZaTSgaPlh,:(E+X0f3I+WozrGNeSKK:,ix()e=R
Content-Type: text/html; charset=utf-8
Content-Transfer-Encoding: quoted-printable

<b>text</b>
--lloeYLjBi)Riw3.d6lAvlNNTU9Zg8_:ZaTSgaPlh,:(E+X0f3I+WozrGNeSKK:,ix()e=R--
