Content-Type: multipart/alternative; boundary="ac8a366dce7e87d9"; charset="utf-8"

--ac8a366dce7e87d9
Content-Transfer-Encoding: quoted-printable
Content-Type: text/plain; charset=utf-8
Mime-Version: 1.0

text
--ac8a366dce7e87d9
Content-Transfer-Encoding: quoted-printable
Content-Type: text/html; charset=utf-8
Mime-Version: 1.0

<b>text</b>
--ac8a366dce7e87d9--
