BCC: "Joe Crazy" <crazyjoe@test.com>, =?UTF-8?b?0J/QtdGA0YjQuNC5?=
  <first@test.com>, =?UTF-8?b?0JLRgtC+0YDRltC5?= <second@test.com>, 
 =?UTF-8?b?0KLRgNC10YLRltC5?= <third@test.com>, 
 =?UTF-8?b?0KfQtdGC0LLQtdGA0YLQuNC5?= <fourth@test.com>, 
 =?UTF-8?b?0J8n0Y/RgtC40Lk=?= <fifth@test.com>, 
 =?UTF-8?b?0KjQvtGB0YLQuNC5?= <sixth@test.com>, 
 =?UTF-8?b?0KHRjNC+0LzQuNC5?= <seventh@test.com>, 
 =?UTF-8?b?0JLQvtGB0YzQvNC40Lk=?= <eighth@test.com>, 
 =?UTF-8?b?0JTQtdCyJ9GP0YLQuNC5?= <ninth@test.com>, "Joe" <crazyjoe@test.com>, 
 empty@test.com, =?UTF-8?b?0JLRgtC+0YDRltC5?= <second@test.com>, 
 =?UTF-8?b?0KLRgNC10YLRltC5?= <third@test.com>, 
 =?UTF-8?b?0KfQtdGC0LLQtdGA0YLQuNC5?= <fourth@test.com>, 
 =?UTF-8?b?0J8n0Y/RgtC40Lk=?= <fifth@test.com>, 
 =?UTF-8?b?0KjQvtGB0YLQuNC5?= <sixth@test.com>, 
 =?UTF-8?b?0KHRjNC+0LzQuNC5?= <seventh@test.com>, 
 =?UTF-8?b?0JLQvtGB0YzQvNC40Lk=?= <eighth@test.com>, 
 =?UTF-8?b?0JTQtdCyJ9GP0YLQuNC5?= <ninth@test.com>