Content-Type: text/plain
Content-Length: 100
Content-Transfer-Encoding: base64
Content-Disposition: attachment; filename=test.txt
test: testValue
x: finalTestValue
a: firstTestValue
unicode-short: =?UTF-8?b?6ZqP5py655qE6K+d?=
unicode-pad1: =?UTF-8?b?IOi/meaYr+S4gOWPpemaj+acuueahOivnQ==?=
unicode-pad2: =?UTF-8?b?ICDov5nmmK/kuIDlj6Xpmo/mnLrnmoTor50=?=
unicode-pad3: =?UTF-8?b?ICAg6L+Z5piv5LiA5Y+l6ZqP5py655qE6K+d?=
unicode-pad4: =?UTF-8?b?ICAgIOi/meaYr+S4gOWPpemaj+acuueahOivnQ==?=
unicode-pad5: =?UTF-8?b?ICAgICDov5nmmK/kuIDlj6Xpmo/mnLrnmoTor50=?=
unicode-pad6: =?UTF-8?b?ICAgICAg6L+Z5piv5LiA5Y+l6ZqP5py655qE6K+d?=
unicode-pad7: =?UTF-8?b?ICAgICAgIOi/meaYr+S4gOWPpemaj+acuueahOivnQ==?=
unicode-pad8: =?UTF-8?b?ICAgICAgICDov5nmmK/kuIDlj6Xpmo/mnLrnmoTor50=?=
unicode-pad9: =?UTF-8?b?ICAgICAgICAg6L+Z5piv5LiA5Y+l6ZqP5py655qE6K+d?=
unicode-pad10: =?UTF-8?b?ICAgICAgICAgIOi/meaYr+S4gOWPpemaj+acuueahA==?=
 =?UTF-8?b?6K+d?=
unicode-pad11: =?UTF-8?b?ICAgICAgICAgICDov5nmmK/kuIDlj6Xpmo/mnLrnmoQ=?=
 =?UTF-8?b?6K+d?=
unicode-pad12: =?UTF-8?b?ICAgICAgICAgICAg6L+Z5piv5LiA5Y+l6ZqP5py6?=
 =?UTF-8?b?55qE6K+d?=
unicode-pad13: =?UTF-8?b?ICAgICAgICAgICAgIOi/meaYr+S4gOWPpemaj+acug==?=
 =?UTF-8?b?55qE6K+d?=
superLong: =?UTF-8?b?LS1MT05HLS0tLUxPTkctLS0tTE9ORy0tLS1MT05HLS0tLUxP?=
 =?UTF-8?b?TkctLS0tTE9ORy0tLS1MT05HLS0tLUxPTkctLS0tTE9ORy0tLS1MT05HLS0t?=
 =?UTF-8?b?LUxPTkctLS0tTE9ORy0tLS1MT05HLS0tLUxPTkctLS0tTE9ORy0tLS1MT05H?=
 =?UTF-8?b?LS0tLUxPTkctLS0tTE9ORy0tLS1MT05HLS0tLUxPTkctLS0tTE9ORy0tLS1M?=
 =?UTF-8?b?T05HLS0tLUxPTkctLS0tTE9ORy0tLS1MT05HLS0tLUxPTkctLS0tTE9ORy0t?=
 =?UTF-8?b?LS1MT05HLS0tLUxPTkctLS0tTE9ORy0tLS1MT05HLS0tLUxPTkctLS0tTE9O?=
 =?UTF-8?b?Ry0tLS1MT05HLS0tLUxPTkctLS0tTE9ORy0tLS1MT05HLS0tLUxPTkctLS0t?=
 =?UTF-8?b?TE9ORy0tLS1MT05HLS0tLUxPTkctLS0tTE9ORy0tLS1MT05HLS0tLUxPTkct?=
 =?UTF-8?b?LS0tTE9ORy0tLS1MT05HLS0tLUxPTkctLS0tTE9ORy0tLS1MT05HLS0tLUxP?=
 =?UTF-8?b?TkctLS0tTE9ORy0tLS1MT05HLS0tLUxPTkctLS0tTE9ORy0tLS1MT05HLS0t?=
 =?UTF-8?b?LUxPTkctLS0tTE9ORy0tLS1MT05HLS0tLUxPTkctLS0tTE9ORy0tLS1MT05H?=
 =?UTF-8?b?LS0tLUxPTkctLS0tTE9ORy0tLS1MT05HLS0tLUxPTkctLS0tTE9ORy0tLS1M?=
 =?UTF-8?b?T05HLS0tLUxPTkctLS0tTE9ORy0tLS1MT05HLS0tLUxPTkctLS0tTE9ORy0t?=
 =?UTF-8?b?LS1MT05HLS0tLUxPTkctLS0tTE9ORy0tLS1MT05HLS0tLUxPTkctLS0tTE9O?=
 =?UTF-8?b?Ry0tLS1MT05HLS0tLUxPTkctLS0tTE9ORy0tLS1MT05HLS0tLUxPTkctLS0t?=
 =?UTF-8?b?TE9ORy0tLS1MT05HLS0tLUxPTkctLS0tTE9ORy0tLS1MT05HLS0tLUxPTkct?=
 =?UTF-8?b?LS0tTE9ORy0tLS1MT05HLS0tLUxPTkctLS0tTE9ORy0tLS1MT05HLS0tLUxP?=
 =?UTF-8?b?TkctLS0tTE9ORy0tLS1MT05HLS0tLUxPTkctLS0tTE9ORy0tLS1MT05HLS0t?=
 =?UTF-8?b?LUxPTkctLS0tTE9ORy0tLS1MT05HLS0tLUxPTkctLS0tTE9ORy0tLS1MT05H?=
 =?UTF-8?b?LS0tLUxPTkctLS0tTE9ORy0tLS1MT05HLS0tLUxPTkctLS0tTE9ORy0tLS1M?=
 =?UTF-8?b?T05HLS0tLUxPTkctLS0tTE9ORy0tLS1MT05HLS0tLUxPTkctLS0tTE9ORy0t?=
 =?UTF-8?b?LS1MT05HLS0tLUxPTkctLS0tTE9ORy0tLS1MT05HLS0tLUxPTkctLS0tTE9O?=
 =?UTF-8?b?Ry0tLS1MT05HLS0tLUxPTkctLS0tTE9ORy0tLS1MT05HLS0tLUxPTkctLS0t?=
 =?UTF-8?b?TE9ORy0tLS1MT05HLS0tLUxPTkctLS0tTE9ORy0tLS1MT05HLS0tLUxPTkct?=
 =?UTF-8?b?LS0tTE9ORy0tLS1MT05HLS0tLUxPTkctLS0tTE9ORy0tLS1MT05HLS0tLUxP?=
 =?UTF-8?b?TkctLS0tTE9ORy0tLS1MT05HLS0tLUxPTkctLS0tTE9ORy0tLS1MT05HLS0t?=
 =?UTF-8?b?LUxPTkctLS0tTE9ORy0tLS1MT05HLS0tLUxPTkctLS0tTE9ORy0tLS1MT05H?=
 =?UTF-8?b?LS0tLUxPTkctLS0tTE9ORy0tLS1MT05HLS0tLUxPTkctLS0tTE9ORy0tLS1M?=
 =?UTF-8?b?T05HLS0tLUxPTkctLS0tTE9ORy0tLS1MT05HLS0tLUxPTkctLS0tTE9ORy0t?=
 =?UTF-8?b?LS1MT05HLS0tLUxPTkctLS0tTE9ORy0tLS1MT05HLS0tLUxPTkctLS0tTE9O?=
 =?UTF-8?b?Ry0tLS1MT05HLS0tLUxPTkctLS0tTE9ORy0tLS1MT05HLS0tLUxPTkctLS0t?=
 =?UTF-8?b?TE9ORy0tLS1MT05HLS0tLUxPTkctLS0tTE9ORy0tLS1MT05HLS0tLUxPTkct?=
 =?UTF-8?b?LS0tTE9ORy0tLS1MT05HLS0tLUxPTkctLS0tTE9ORy0tLS1MT05HLS0tLUxP?=
 =?UTF-8?b?TkctLS0tTE9ORy0tLS1MT05HLS0tLUxPTkctLS0tTE9ORy0tLS1MT05HLS0t?=
 =?UTF-8?b?LUxPTkctLS0tTE9ORy0tLS1MT05HLS0tLUxPTkctLS0tTE9ORy0tLS1MT05H?=
 =?UTF-8?b?LS0tLUxPTkctLS0tTE9ORy0tLS1MT05HLS0tLUxPTkctLS0tTE9ORy0tLS1M?=
 =?UTF-8?b?T05HLS0tLUxPTkctLS0tTE9ORy0tLS1MT05HLS0tLUxPTkctLS0tTE9ORy0t?=
 =?UTF-8?b?LS1MT05HLS0tLUxPTkctLS0tTE9ORy0tLS1MT05HLS0tLUxPTkctLS0tTE9O?=
 =?UTF-8?b?Ry0tLS1MT05HLS0tLUxPTkctLS0tTE9ORy0tLS1MT05HLS0tLUxPTkctLS0t?=
 =?UTF-8?b?TE9ORy0tLS1MT05HLS0tLUxPTkctLS0tTE9ORy0tLS1MT05HLS0tLUxPTkct?=
 =?UTF-8?b?LS0tTE9ORy0tLS1MT05HLS0tLUxPTkctLS0tTE9ORy0tLS1MT05HLS0tLUxP?=
 =?UTF-8?b?TkctLS0tTE9ORy0tLS1MT05HLS0tLUxPTkctLS0tTE9ORy0tLS1MT05HLS0t?=
 =?UTF-8?b?LUxPTkctLS0tTE9ORy0tLS1MT05HLS0tLUxPTkctLS0tTE9ORy0tLS1MT05H?=
 =?UTF-8?b?LS0tLUxPTkctLS0tTE9ORy0tLS1MT05HLS0tLUxPTkctLS0tTE9ORy0tLS1M?=
 =?UTF-8?b?T05HLS0tLUxPTkctLS0tTE9ORy0tLS1MT05HLS0tLUxPTkctLS0tTE9ORy0t?=
 =?UTF-8?b?LS1MT05HLS0tLUxPTkctLS0tTE9ORy0tLS1MT05HLS0tLUxPTkctLS0tTE9O?=
 =?UTF-8?b?Ry0tLS1MT05HLS0tLUxPTkctLS0tTE9ORy0tLS1MT05HLS0tLUxPTkctLS0t?=
 =?UTF-8?b?TE9ORy0tLS1MT05HLS0tLUxPTkctLS0tTE9ORy0tLS1MT05HLS0tLUxPTkct?=
 =?UTF-8?b?LS0tTE9ORy0tLS1MT05HLS0tLUxPTkctLS0tTE9ORy0tLS1MT05HLS0tLUxP?=
 =?UTF-8?b?TkctLS0tTE9ORy0tLS1MT05HLS0tLUxPTkctLS0tTE9ORy0tLS1MT05HLS0t?=
 =?UTF-8?b?LUxPTkctLS0tTE9ORy0tLS1MT05HLS0tLUxPTkctLS0tTE9ORy0tLS1MT05H?=
 =?UTF-8?b?LS0tLUxPTkctLS0tTE9ORy0tLS1MT05HLS0tLUxPTkctLS0tTE9ORy0tLS1M?=
 =?UTF-8?b?T05HLS0tLUxPTkctLS0tTE9ORy0tLS1MT05HLS0tLUxPTkctLS0tTE9ORy0t?=
 =?UTF-8?b?LS1MT05HLS0tLUxPTkctLS0tTE9ORy0tLS1MT05HLS0tLUxPTkctLS0tTE9O?=
 =?UTF-8?b?Ry0tLS1MT05HLS0tLUxPTkctLS0tTE9ORy0tLS1MT05HLS0tLUxPTkctLS0t?=
 =?UTF-8?b?TE9ORy0tLS1MT05HLS0tLUxPTkctLS0tTE9ORy0tLS1MT05HLS0tLUxPTkct?=
 =?UTF-8?b?LS0tTE9ORy0tLS1MT05HLS0tLUxPTkctLS0tTE9ORy0tLS1MT05HLS0tLUxP?=
 =?UTF-8?b?TkctLS0tTE9ORy0tLS1MT05HLS0tLUxPTkctLS0tTE9ORy0tLS1MT05HLS0t?=
 =?UTF-8?b?LUxPTkctLS0tTE9ORy0tLS1MT05HLS0tLUxPTkctLS0tTE9ORy0tLS1MT05H?=
 =?UTF-8?b?LS0tLUxPTkctLS0tTE9ORy0tLS1MT05HLS0tLUxPTkctLS0tTE9ORy0tLS1M?=
 =?UTF-8?b?T05HLS0tLUxPTkctLS0tTE9ORy0tLS1MT05HLS0tLUxPTkctLS0tTE9ORy0t?=
 =?UTF-8?b?LS1MT05HLS0tLUxPTkctLS0tTE9ORy0tLS1MT05HLS0tLUxPTkctLS0tTE9O?=
 =?UTF-8?b?Ry0tLS1MT05HLS0tLUxPTkctLS0tTE9ORy0tLS1MT05HLS0tLUxPTkctLS0t?=
 =?UTF-8?b?TE9ORy0tLS1MT05HLS0tLUxPTkctLS0tTE9ORy0tLS1MT05HLS0tLUxPTkct?=
 =?UTF-8?b?LS0tTE9ORy0tLS1MT05HLS0tLUxPTkctLS0tTE9ORy0tLS1MT05HLS0tLUxP?=
 =?UTF-8?b?TkctLS0tTE9ORy0tLS1MT05HLS0tLUxPTkctLS0tTE9ORy0tLS1MT05HLS0t?=
 =?UTF-8?b?LUxPTkctLS0tTE9ORy0tLS1MT05HLS0tLUxPTkctLS0tTE9ORy0tLS1MT05H?=
 =?UTF-8?b?LS0tLUxPTkctLS0tTE9ORy0tLS1MT05HLS0tLUxPTkctLS0tTE9ORy0tLS1M?=
 =?UTF-8?b?T05HLS0tLUxPTkctLS0tTE9ORy0tLS1MT05HLS0tLUxPTkctLS0tTE9ORy0t?=
 =?UTF-8?b?LS1MT05HLS0tLUxPTkctLS0tTE9ORy0tLS1MT05HLS0tLUxPTkctLS0tTE9O?=
 =?UTF-8?b?Ry0tLS1MT05HLS0tLUxPTkctLS0tTE9ORy0tLS1MT05HLS0tLUxPTkctLS0t?=
 =?UTF-8?b?TE9ORy0tLS1MT05HLS0tLUxPTkctLS0tTE9ORy0tLS1MT05HLS0tLUxPTkct?=
 =?UTF-8?b?LS0tTE9ORy0tLS1MT05HLS0tLUxPTkctLS0tTE9ORy0tLS1MT05HLS0tLUxP?=
 =?UTF-8?b?TkctLS0tTE9ORy0tLS1MT05HLS0tLUxPTkctLS0tTE9ORy0tLS1MT05HLS0t?=
 =?UTF-8?b?LUxPTkctLS0tTE9ORy0tLS1MT05HLS0tLUxPTkctLS0tTE9ORy0tLS1MT05H?=
 =?UTF-8?b?LS0tLUxPTkctLS0tTE9ORy0tLS1MT05HLS0tLUxPTkctLS0tTE9ORy0tLS1M?=
 =?UTF-8?b?T05HLS0tLUxPTkctLS0tTE9ORy0tLS1MT05HLS0tLUxPTkctLS0tTE9ORy0t?=
 =?UTF-8?b?LS1MT05HLS0tLUxPTkctLS0tTE9ORy0tLS1MT05HLS0tLUxPTkctLS0tTE9O?=
 =?UTF-8?b?Ry0tLS1MT05HLS0tLUxPTkctLS0tTE9ORy0tLS1MT05HLS0tLUxPTkctLS0t?=
 =?UTF-8?b?TE9ORy0tLS1MT05HLS0tLUxPTkctLS0tTE9ORy0tLS1MT05HLS0tLUxPTkct?=
 =?UTF-8?b?LS0tTE9ORy0tLS1MT05HLS0tLUxPTkctLS0tTE9ORy0tLS1MT05HLS0tLUxP?=
 =?UTF-8?b?TkctLS0tTE9ORy0tLS1MT05HLS0tLUxPTkctLS0tTE9ORy0tLS1MT05HLS0t?=
 =?UTF-8?b?LUxPTkctLS0tTE9ORy0tLS1MT05HLS0tLUxPTkctLS0tTE9ORy0tLS1MT05H?=
 =?UTF-8?b?LS0tLUxPTkctLS0tTE9ORy0tLS1MT05HLS0tLUxPTkctLS0tTE9ORy0tLS1M?=
 =?UTF-8?b?T05HLS0tLUxPTkctLS0tTE9ORy0tLS1MT05HLS0tLUxPTkctLS0tTE9ORy0t?=
 =?UTF-8?b?LS1MT05HLS0tLUxPTkctLS0tTE9ORy0tLS1MT05HLS0tLUxPTkctLS0tTE9O?=
 =?UTF-8?b?Ry0tLS1MT05HLS0tLUxPTkctLS0tTE9ORy0tLS1MT05HLS0tLUxPTkctLS0t?=
 =?UTF-8?b?TE9ORy0tLS1MT05HLS0tLUxPTkctLS0tTE9ORy0tLS1MT05HLS0tLUxPTkct?=
 =?UTF-8?b?LS0tTE9ORy0tLS1MT05HLS0tLUxPTkctLS0tTE9ORy0tLS1MT05HLS0tLUxP?=
 =?UTF-8?b?TkctLS0tTE9ORy0tLS1MT05HLS0tLUxPTkctLS0tTE9ORy0tLS1MT05HLS0t?=
 =?UTF-8?b?LUxPTkctLS0tTE9ORy0tLS1MT05HLS0tLUxPTkctLS0tTE9ORy0tLS1MT05H?=
 =?UTF-8?b?LS0tLUxPTkctLS0tTE9ORy0tLS1MT05HLS0tLUxPTkctLS0tTE9ORy0tLS1M?=
 =?UTF-8?b?T05HLS0tLUxPTkctLS0tTE9ORy0tLS1MT05HLS0tLUxPTkctLS0tTE9ORy0t?=
 =?UTF-8?b?LS1MT05HLS0tLUxPTkctLS0tTE9ORy0tLS1MT05HLS0tLUxPTkctLS0tTE9O?=
 =?UTF-8?b?Ry0tLS1MT05HLS0tLUxPTkctLS0tTE9ORy0tLS1MT05HLS0tLUxPTkctLS0t?=
 =?UTF-8?b?TE9ORy0tLS1MT05HLS0tLUxPTkctLS0tTE9ORy0tLS1MT05HLS0tLUxPTkct?=
 =?UTF-8?b?LS0tTE9ORy0tLS1MT05HLS0tLUxPTkctLS0tTE9ORy0tLS1MT05HLS0tLUxP?=
 =?UTF-8?b?TkctLS0tTE9ORy0tLS1MT05HLS0tLUxPTkctLS0tTE9ORy0tLS1MT05HLS0t?=
 =?UTF-8?b?LUxPTkctLS0tTE9ORy0tLS1MT05HLS0tLUxPTkctLS0tTE9ORy0tLS1MT05H?=
 =?UTF-8?b?LS0tLUxPTkctLS0tTE9ORy0tLS1MT05HLS0tLUxPTkctLS0tTE9ORy0tLS1M?=
 =?UTF-8?b?T05HLS0tLUxPTkctLS0tTE9ORy0tLS1MT05HLS0tLUxPTkctLS0tTE9ORy0t?=
 =?UTF-8?b?LS1MT05HLS0tLUxPTkctLS0tTE9ORy0tLS1MT05HLS0tLUxPTkctLS0tTE9O?=
 =?UTF-8?b?Ry0tLS1MT05HLS0tLUxPTkctLS0tTE9ORy0tLS1MT05HLS0tLUxPTkctLS0t?=
 =?UTF-8?b?TE9ORy0tLS1MT05HLS0tLUxPTkctLS0tTE9ORy0tLS1MT05HLS0tLUxPTkct?=
 =?UTF-8?b?LS0tTE9ORy0tLS1MT05HLS0tLUxPTkctLS0tTE9ORy0tLS1MT05HLS0tLUxP?=
 =?UTF-8?b?TkctLS0tTE9ORy0tLS1MT05HLS0tLUxPTkctLS0tTE9ORy0tLS1MT05HLS0t?=
 =?UTF-8?b?LUxPTkctLS0tTE9ORy0tLS1MT05HLS0tLUxPTkctLS0tTE9ORy0tLS1MT05H?=
 =?UTF-8?b?LS0tLUxPTkctLS0tTE9ORy0tLS1MT05HLS0tLUxPTkctLS0tTE9ORy0tLS1M?=
 =?UTF-8?b?T05HLS0tLUxPTkctLS0tTE9ORy0tLS1MT05HLS0tLUxPTkctLS0tTE9ORy0t?=
 =?UTF-8?b?LS1MT05HLS0tLUxPTkctLS0tTE9ORy0tLS1MT05HLS0tLUxPTkctLS0tTE9O?=
 =?UTF-8?b?Ry0tLS1MT05HLS0tLUxPTkctLS0tTE9ORy0tLS1MT05HLS0tLUxPTkctLS0t?=
 =?UTF-8?b?TE9ORy0tLS1MT05HLS0tLUxPTkctLS0tTE9ORy0tLS1MT05HLS0tLUxPTkct?=
 =?UTF-8?b?LS0tTE9ORy0tLS1MT05HLS0tLUxPTkctLS0tTE9ORy0tLS1MT05HLS0tLUxP?=
 =?UTF-8?b?TkctLS0tTE9ORy0tLS1MT05HLS0tLUxPTkctLS0tTE9ORy0tLS1MT05HLS0t?=
 =?UTF-8?b?LUxPTkctLS0tTE9ORy0tLS1MT05HLS0tLUxPTkctLS0tTE9ORy0tLS1MT05H?=
 =?UTF-8?b?LS0tLUxPTkctLS0tTE9ORy0tLS1MT05HLS0tLUxPTkctLS0tTE9ORy0tLS1M?=
 =?UTF-8?b?T05HLS0tLUxPTkctLS0tTE9ORy0tLS1MT05HLS0tLUxPTkctLS0tTE9ORy0t?=
 =?UTF-8?b?LS1MT05HLS0tLUxPTkctLS0tTE9ORy0tLS1MT05HLS0tLUxPTkctLS0tTE9O?=
 =?UTF-8?b?Ry0tLS1MT05HLS0tLUxPTkctLS0tTE9ORy0tLS1MT05HLS0tLUxPTkctLS0t?=
 =?UTF-8?b?TE9ORy0tLS1MT05HLS0tLUxPTkctLS0tTE9ORy0tLS1MT05HLS0tLUxPTkct?=
 =?UTF-8?b?LS0tTE9ORy0tLS1MT05HLS0tLUxPTkctLS0tTE9ORy0tLS1MT05HLS0tLUxP?=
 =?UTF-8?b?TkctLS0tTE9ORy0tLS1MT05HLS0tLUxPTkctLS0tTE9ORy0tLS1MT05HLS0t?=
 =?UTF-8?b?LUxPTkctLS0tTE9ORy0tLS1MT05HLS0tLUxPTkctLS0tTE9ORy0tLS1MT05H?=
 =?UTF-8?b?LS0tLUxPTkctLS0tTE9ORy0tLS1MT05HLS0tLUxPTkctLS0tTE9ORy0tLS1M?=
 =?UTF-8?b?T05HLS0tLUxPTkctLS0tTE9ORy0tLS1MT05HLS0tLUxPTkctLS0tTE9ORy0t?=
 =?UTF-8?b?LS1MT05HLS0tLUxPTkctLS0tTE9ORy0tLS1MT05HLS0tLUxPTkctLS0tTE9O?=
 =?UTF-8?b?Ry0tLS1MT05HLS0tLUxPTkctLS0tTE9ORy0tLS1MT05HLS0tLUxPTkctLS0t?=
 =?UTF-8?b?TE9ORy0tLS1MT05HLS0tLUxPTkctLS0tTE9ORy0tLS1MT05HLS0tLUxPTkct?=
 =?UTF-8?b?LS0tTE9ORy0tLS1MT05HLS0tLUxPTkctLS0tTE9ORy0tLS1MT05HLS0tLUxP?=
 =?UTF-8?b?TkctLS0tTE9ORy0tLS1MT05HLS0tLUxPTkctLS0tTE9ORy0tLS1MT05HLS0t?=
 =?UTF-8?b?LUxPTkctLS0tTE9ORy0tLS1MT05HLS0tLUxPTkctLS0tTE9ORy0tLS1MT05H?=
 =?UTF-8?b?LS0tLUxPTkctLS0tTE9ORy0tLS1MT05HLS0tLUxPTkctLS0tTE9ORy0tLS1M?=
 =?UTF-8?b?T05HLS0tLUxPTkctLS0tTE9ORy0tLS1MT05HLS0tLUxPTkctLS0tTE9ORy0t?=
 =?UTF-8?b?LS1MT05HLS0tLUxPTkctLS0tTE9ORy0tLS1MT05HLS0tLUxPTkctLS0tTE9O?=
 =?UTF-8?b?Ry0tLS1MT05HLS0tLUxPTkctLS0tTE9ORy0tLS1MT05HLS0tLUxPTkctLS0t?=
 =?UTF-8?b?TE9ORy0tLS1MT05HLS0tLUxPTkctLS0tTE9ORy0tLS1MT05HLS0tLUxPTkct?=
 =?UTF-8?b?LS0tTE9ORy0tLS1MT05HLS0tLUxPTkctLS0tTE9ORy0tLS1MT05HLS0tLUxP?=
 =?UTF-8?b?TkctLS0tTE9ORy0tLS1MT05HLS0tLUxPTkctLS0tTE9ORy0tLS1MT05HLS0t?=
 =?UTF-8?b?LUxPTkctLS0tTE9ORy0tLS1MT05HLS0tLUxPTkctLS0tTE9ORy0tLS1MT05H?=
 =?UTF-8?b?LS0tLUxPTkctLS0tTE9ORy0tLS1MT05HLS0tLUxPTkctLS0tTE9ORy0tLS1M?=
 =?UTF-8?b?T05HLS0tLUxPTkctLS0tTE9ORy0tLS1MT05HLS0tLUxPTkctLS0tTE9ORy0t?=
 =?UTF-8?b?LS1MT05HLS0tLUxPTkctLS0tTE9ORy0tLS1MT05HLS0tLUxPTkctLS0tTE9O?=
 =?UTF-8?b?Ry0tLS1MT05HLS0tLUxPTkctLS0tTE9ORy0tLS1MT05HLS0tLUxPTkctLS0t?=
 =?UTF-8?b?TE9ORy0tLS1MT05HLS0tLUxPTkctLS0tTE9ORy0tLS1MT05HLS0tLUxPTkct?=
 =?UTF-8?b?LS0tTE9ORy0tLS1MT05HLS0tLUxPTkctLS0tTE9ORy0tLS1MT05HLS0tLUxP?=
 =?UTF-8?b?TkctLS0tTE9ORy0tLS1MT05HLS0tLUxPTkctLS0tTE9ORy0tLS1MT05HLS0t?=
 =?UTF-8?b?LUxPTkctLS0tTE9ORy0tLS1MT05HLS0tLUxPTkctLS0tTE9ORy0tLS1MT05H?=
 =?UTF-8?b?LS0tLUxPTkctLS0tTE9ORy0tLS1MT05HLS0tLUxPTkctLS0tTE9ORy0tLS1M?=
 =?UTF-8?b?T05HLS0tLUxPTkctLS0tTE9ORy0tLS1MT05HLS0tLUxPTkctLS0tTE9ORy0t?=
 =?UTF-8?b?LS1MT05HLS0tLUxPTkctLS0tTE9ORy0tLS1MT05HLS0tLUxPTkctLS0tTE9O?=
 =?UTF-8?b?Ry0tLS1MT05HLS0tLUxPTkctLS0tTE9ORy0tLS1MT05HLS0tLUxPTkctLS0t?=
 =?UTF-8?b?TE9ORy0tLS1MT05HLS0tLUxPTkctLS0tTE9ORy0tLS1MT05HLS0tLUxPTkct?=
 =?UTF-8?b?LS0tTE9ORy0tLS1MT05HLS0tLUxPTkctLS0tTE9ORy0tLS1MT05HLS0tLUxP?=
 =?UTF-8?b?TkctLS0tTE9ORy0tLS1MT05HLS0tLUxPTkctLS0tTE9ORy0tLS1MT05HLS0t?=
 =?UTF-8?b?LUxPTkctLS0tTE9ORy0tLS1MT05HLS0tLUxPTkctLS0tTE9ORy0tLS1MT05H?=
 =?UTF-8?b?LS0tLUxPTkctLS0tTE9ORy0tLS1MT05HLS0tLUxPTkctLS0tTE9ORy0tLS1M?=
 =?UTF-8?b?T05HLS0tLUxPTkctLS0tTE9ORy0tLS1MT05HLS0tLUxPTkctLS0tTE9ORy0t?=
 =?UTF-8?b?LS1MT05HLS0tLUxPTkctLS0tTE9ORy0tLS1MT05HLS0tLUxPTkctLS0tTE9O?=
 =?UTF-8?b?Ry0tLS1MT05HLS0tLUxPTkctLS0tTE9ORy0tLS1MT05HLS0tLUxPTkctLS0t?=
 =?UTF-8?b?TE9ORy0tLS1MT05HLS0tLUxPTkctLS0tTE9ORy0tLS1MT05HLS0tLUxPTkct?=
 =?UTF-8?b?LS0tTE9ORy0tLS1MT05HLS0tLUxPTkctLS0tTE9ORy0tLS1MT05HLS0tLUxP?=
 =?UTF-8?b?TkctLS0tTE9ORy0tLS1MT05HLS0tLUxPTkctLS0tTE9ORy0tLS1MT05HLS0t?=
 =?UTF-8?b?LUxPTkctLS0tTE9ORy0tLS1MT05HLS0tLUxPTkctLS0tTE9ORy0tLS1MT05H?=
 =?UTF-8?b?LS0tLUxPTkctLS0tTE9ORy0tLS1MT05HLS0tLUxPTkctLS0tTE9ORy0tLS1M?=
 =?UTF-8?b?T05HLS0tLUxPTkctLS0tTE9ORy0tLS1MT05HLS0tLUxPTkctLS0tTE9ORy0t?=
 =?UTF-8?b?LS1MT05HLS0tLUxPTkctLS0tTE9ORy0tLS1MT05HLS0tLUxPTkctLS0tTE9O?=
 =?UTF-8?b?Ry0tLS1MT05HLS0tLUxPTkctLS0tTE9ORy0tLS1MT05HLS0tLUxPTkctLS0t?=
 =?UTF-8?b?TE9ORy0tLS1MT05HLS0tLUxPTkctLS0tTE9ORy0tLS1MT05HLS0tLUxPTkct?=
 =?UTF-8?b?LS0tTE9ORy0tLS1MT05HLS0tLUxPTkctLS0tTE9ORy0tLS1MT05HLS0tLUxP?=
 =?UTF-8?b?TkctLS0tTE9ORy0tLS1MT05HLS0tLUxPTkctLS0tTE9ORy0tLS1MT05HLS0t?=
 =?UTF-8?b?LUxPTkctLS0tTE9ORy0tLS1MT05HLS0tLUxPTkctLS0tTE9ORy0tLS1MT05H?=
 =?UTF-8?b?LS0tLUxPTkctLS0tTE9ORy0tLS1MT05HLS0tLUxPTkctLS0tTE9ORy0tLS1M?=
 =?UTF-8?b?T05HLS0tLUxPTkctLS0tTE9ORy0tLS1MT05HLS0tLUxPTkctLS0tTE9ORy0t?=
 =?UTF-8?b?LS1MT05HLS0tLUxPTkctLS0tTE9ORy0tLS1MT05HLS0tLUxPTkctLS0tTE9O?=
 =?UTF-8?b?Ry0tLS1MT05HLS0tLUxPTkctLS0tTE9ORy0tLS1MT05HLS0tLUxPTkctLS0t?=
 =?UTF-8?b?TE9ORy0tLS1MT05HLS0tLUxPTkctLS0tTE9ORy0tLS1MT05HLS0tLUxPTkct?=
 =?UTF-8?b?LS0tTE9ORy0tLS1MT05HLS0tLUxPTkctLS0tTE9ORy0tLS1MT05HLS0tLUxP?=
 =?UTF-8?b?TkctLS0tTE9ORy0tLS1MT05HLS0tLUxPTkctLS0tTE9ORy0tLS1MT05HLS0=?=
unicode: =?UTF-8?b?6L+Z5piv5LiA5Y+lYemaj+acuueahNGM6K+d6L+Z5piv5LiA?=
 =?UTF-8?b?5Y+lYemaj+acuueahNGM6K+d6L+Z5piv5LiA5Y+lYemaj+acuueahNGM6K+d?=
 =?UTF-8?b?6L+Z5piv5LiA5Y+lYemaj+acuueahNGM6K+d6L+Z5piv5LiA5Y+lYemajw==?=
 =?UTF-8?b?5py655qE0Yzor53ov5nmmK/kuIDlj6Vh6ZqP5py655qE0Yzor53ov5nmmK8=?=
 =?UTF-8?b?5LiA5Y+lYemaj+acuueahNGM6K+d6L+Z5piv5LiA5Y+lYemaj+acuueahNGM?=
 =?UTF-8?b?6K+d6L+Z5piv5LiA5Y+lYemaj+acuueahNGM6K+d6L+Z5piv5LiA5Y+lYQ==?=
 =?UTF-8?b?6ZqP5py655qE0Yzor53ov5nmmK/kuIDlj6Vh6ZqP5py655qE0Yzor53ov5k=?=
 =?UTF-8?b?5piv5LiA5Y+lYemaj+acuueahNGM6K+d6L+Z5piv5LiA5Y+lYemaj+acug==?=
 =?UTF-8?b?55qE0Yzor53ov5nmmK/kuIDlj6Vh6ZqP5py655qE0Yzor53ov5nmmK/kuIA=?=
 =?UTF-8?b?5Y+lYemaj+acuueahNGM6K+d6L+Z5piv5LiA5Y+lYemaj+acuueahNGM6K+d?=
 =?UTF-8?b?6L+Z5piv5LiA5Y+lYemaj+acuueahNGM6K+d6L+Z5piv5LiA5Y+lYemajw==?=
 =?UTF-8?b?5py655qE0Yzor53ov5nmmK/kuIDlj6Vh6ZqP5py655qE0Yzor53ov5nmmK8=?=
 =?UTF-8?b?5LiA5Y+lYemaj+acuueahNGM6K+d6L+Z5piv5LiA5Y+lYemaj+acuueahNGM?=
 =?UTF-8?b?6K+d6L+Z5piv5LiA5Y+lYemaj+acuueahNGM6K+d6L+Z5piv5LiA5Y+lYQ==?=
 =?UTF-8?b?6ZqP5py655qE0Yzor53ov5nmmK/kuIDlj6Vh6ZqP5py655qE0Yzor53ov5k=?=
 =?UTF-8?b?5piv5LiA5Y+lYemaj+acuueahNGM6K+d6L+Z5piv5LiA5Y+lYemaj+acug==?=
 =?UTF-8?b?55qE0Yzor53ov5nmmK/kuIDlj6Vh6ZqP5py655qE0Yzor53ov5nmmK/kuIA=?=
 =?UTF-8?b?5Y+lYemaj+acuueahNGM6K+d6L+Z5piv5LiA5Y+lYemaj+acuueahNGM6K+d?=
 =?UTF-8?b?6L+Z5piv5LiA5Y+lYemaj+acuueahNGM6K+d6L+Z5piv5LiA5Y+lYemajw==?=
 =?UTF-8?b?5py655qE0Yzor53ov5nmmK/kuIDlj6Vh6ZqP5py655qE0Yzor53ov5nmmK8=?=
 =?UTF-8?b?5LiA5Y+lYemaj+acuueahNGM6K+d6L+Z5piv5LiA5Y+lYemaj+acuueahNGM?=
 =?UTF-8?b?6K+d6L+Z5piv5LiA5Y+lYemaj+acuueahNGM6K+d6L+Z5piv5LiA5Y+lYQ==?=
 =?UTF-8?b?6ZqP5py655qE0Yzor53ov5nmmK/kuIDlj6Vh6ZqP5py655qE0Yzor53ov5k=?=
 =?UTF-8?b?5piv5LiA5Y+lYemaj+acuueahNGM6K+d6L+Z5piv5LiA5Y+lYemaj+acug==?=
 =?UTF-8?b?55qE0Yzor53ov5nmmK/kuIDlj6Vh6ZqP5py655qE0Yzor53ov5nmmK/kuIA=?=
 =?UTF-8?b?5Y+lYemaj+acuueahNGM6K+d6L+Z5piv5LiA5Y+lYemaj+acuueahNGM6K+d?=
 =?UTF-8?b?6L+Z5piv5LiA5Y+lYemaj+acuueahNGM6K+d6L+Z5piv5LiA5Y+lYemajw==?=
 =?UTF-8?b?5py655qE0Yzor53ov5nmmK/kuIDlj6Vh6ZqP5py655qE0Yzor53ov5nmmK8=?=
 =?UTF-8?b?5LiA5Y+lYemaj+acuueahNGM6K+d6L+Z5piv5LiA5Y+lYemaj+acuueahNGM?=
 =?UTF-8?b?6K+d6L+Z5piv5LiA5Y+lYemaj+acuueahNGM6K+d6L+Z5piv5LiA5Y+lYQ==?=
 =?UTF-8?b?6ZqP5py655qE0Yzor53ov5nmmK/kuIDlj6Vh6ZqP5py655qE0Yzor53ov5k=?=
 =?UTF-8?b?5piv5LiA5Y+lYemaj+acuueahNGM6K+d6L+Z5piv5LiA5Y+lYemaj+acug==?=
 =?UTF-8?b?55qE0Yzor53ov5nmmK/kuIDlj6Vh6ZqP5py655qE0Yzor53ov5nmmK/kuIA=?=
 =?UTF-8?b?5Y+lYemaj+acuueahNGM6K+d6L+Z5piv5LiA5Y+lYemaj+acuueahNGM6K+d?=
 =?UTF-8?b?6L+Z5piv5LiA5Y+lYemaj+acuueahNGM6K+d6L+Z5piv5LiA5Y+lYemajw==?=
 =?UTF-8?b?5py655qE0Yzor53ov5nmmK/kuIDlj6Vh6ZqP5py655qE0Yzor53ov5nmmK8=?=
 =?UTF-8?b?5LiA5Y+lYemaj+acuueahNGM6K+d6L+Z5piv5LiA5Y+lYemaj+acuueahNGM?=
 =?UTF-8?b?6K+d6L+Z5piv5LiA5Y+lYemaj+acuueahNGM6K+d6L+Z5piv5LiA5Y+lYQ==?=
 =?UTF-8?b?6ZqP5py655qE0Yzor53ov5nmmK/kuIDlj6Vh6ZqP5py655qE0Yzor53ov5k=?=
 =?UTF-8?b?5piv5LiA5Y+lYemaj+acuueahNGM6K+d6L+Z5piv5LiA5Y+lYemaj+acug==?=
 =?UTF-8?b?55qE0Yzor53ov5nmmK/kuIDlj6Vh6ZqP5py655qE0Yzor53ov5nmmK/kuIA=?=
 =?UTF-8?b?5Y+lYemaj+acuueahNGM6K+d6L+Z5piv5LiA5Y+lYemaj+acuueahNGM6K+d?=
 =?UTF-8?b?6L+Z5piv5LiA5Y+lYemaj+acuueahNGM6K+d6L+Z5piv5LiA5Y+lYemajw==?=
 =?UTF-8?b?5py655qE0Yzor53ov5nmmK/kuIDlj6Vh6ZqP5py655qE0Yzor53ov5nmmK8=?=
 =?UTF-8?b?5LiA5Y+lYemaj+acuueahNGM6K+d6L+Z5piv5LiA5Y+lYemaj+acuueahNGM?=
 =?UTF-8?b?6K+d6L+Z5piv5LiA5Y+lYemaj+acuueahNGM6K+d6L+Z5piv5LiA5Y+lYQ==?=
 =?UTF-8?b?6ZqP5py655qE0Yzor53ov5nmmK/kuIDlj6Vh6ZqP5py655qE0Yzor53ov5k=?=
 =?UTF-8?b?5piv5LiA5Y+lYemaj+acuueahNGM6K+d6L+Z5piv5LiA5Y+lYemaj+acug==?=
 =?UTF-8?b?55qE0Yzor53ov5nmmK/kuIDlj6Vh6ZqP5py655qE0Yzor53ov5nmmK/kuIA=?=
 =?UTF-8?b?5Y+lYemaj+acuueahNGM6K+d6L+Z5piv5LiA5Y+lYemaj+acuueahNGM6K+d?=
 =?UTF-8?b?6L+Z5piv5LiA5Y+lYemaj+acuueahNGM6K+d6L+Z5piv5LiA5Y+lYemajw==?=
 =?UTF-8?b?5py655qE0Yzor53ov5nmmK/kuIDlj6Vh6ZqP5py655qE0Yzor53ov5nmmK8=?=
 =?UTF-8?b?5LiA5Y+lYemaj+acuueahNGM6K+d6L+Z5piv5LiA5Y+lYemaj+acuueahNGM?=
 =?UTF-8?b?6K+d6L+Z5piv5LiA5Y+lYemaj+acuueahNGM6K+d6L+Z5piv5LiA5Y+lYQ==?=
 =?UTF-8?b?6ZqP5py655qE0Yzor53ov5nmmK/kuIDlj6Vh6ZqP5py655qE0Yzor53ov5k=?=
 =?UTF-8?b?5piv5LiA5Y+lYemaj+acuueahNGM6K+d6L+Z5piv5LiA5Y+lYemaj+acug==?=
 =?UTF-8?b?55qE0Yzor53ov5nmmK/kuIDlj6Vh6ZqP5py655qE0Yzor53ov5nmmK/kuIA=?=
 =?UTF-8?b?5Y+lYemaj+acuueahNGM6K+d6L+Z5piv5LiA5Y+lYemaj+acuueahNGM6K+d?=
 =?UTF-8?b?6L+Z5piv5LiA5Y+lYemaj+acuueahNGM6K+d6L+Z5piv5LiA5Y+lYemajw==?=
 =?UTF-8?b?5py655qE0Yzor53ov5nmmK/kuIDlj6Vh6ZqP5py655qE0Yzor53ov5nmmK8=?=
 =?UTF-8?b?5LiA5Y+lYemaj+acuueahNGM6K+d6L+Z5piv5LiA5Y+lYemaj+acuueahNGM?=
 =?UTF-8?b?6K+d6L+Z5piv5LiA5Y+lYemaj+acuueahNGM6K+d6L+Z5piv5LiA5Y+lYQ==?=
 =?UTF-8?b?6ZqP5py655qE0Yzor53ov5nmmK/kuIDlj6Vh6ZqP5py655qE0Yzor53ov5k=?=
 =?UTF-8?b?5piv5LiA5Y+lYemaj+acuueahNGM6K+d6L+Z5piv5LiA5Y+lYemaj+acug==?=
 =?UTF-8?b?55qE0Yzor53ov5nmmK/kuIDlj6Vh6ZqP5py655qE0Yzor53ov5nmmK/kuIA=?=
 =?UTF-8?b?5Y+lYemaj+acuueahNGM6K+d6L+Z5piv5LiA5Y+lYemaj+acuueahNGM6K+d?=
 =?UTF-8?b?6L+Z5piv5LiA5Y+lYemaj+acuueahNGM6K+d6L+Z5piv5LiA5Y+lYemajw==?=
 =?UTF-8?b?5py655qE0Yzor53ov5nmmK/kuIDlj6Vh6ZqP5py655qE0Yzor53ov5nmmK8=?=
 =?UTF-8?b?5LiA5Y+lYemaj+acuueahNGM6K+d6L+Z5piv5LiA5Y+lYemaj+acuueahNGM?=
 =?UTF-8?b?6K+d6L+Z5piv5LiA5Y+lYemaj+acuueahNGM6K+d6L+Z5piv5LiA5Y+lYQ==?=
 =?UTF-8?b?6ZqP5py655qE0Yzor53ov5nmmK/kuIDlj6Vh6ZqP5py655qE0Yzor53ov5k=?=
 =?UTF-8?b?5piv5LiA5Y+lYemaj+acuueahNGM6K+d6L+Z5piv5LiA5Y+lYemaj+acug==?=
 =?UTF-8?b?55qE0Yzor53ov5nmmK/kuIDlj6Vh6ZqP5py655qE0Yzor53ov5nmmK/kuIA=?=
 =?UTF-8?b?5Y+lYemaj+acuueahNGM6K+d6L+Z5piv5LiA5Y+lYemaj+acuueahNGM6K+d?=
 =?UTF-8?b?6L+Z5piv5LiA5Y+lYemaj+acuueahNGM6K+d6L+Z5piv5LiA5Y+lYemajw==?=
 =?UTF-8?b?5py655qE0Yzor53ov5nmmK/kuIDlj6Vh6ZqP5py655qE0Yzor53ov5nmmK8=?=
 =?UTF-8?b?5LiA5Y+lYemaj+acuueahNGM6K+d6L+Z5piv5LiA5Y+lYemaj+acuueahNGM?=
 =?UTF-8?b?6K+d6L+Z5piv5LiA5Y+lYemaj+acuueahNGM6K+d6L+Z5piv5LiA5Y+lYQ==?=
 =?UTF-8?b?6ZqP5py655qE0Yzor53ov5nmmK/kuIDlj6Vh6ZqP5py655qE0Yzor53ov5k=?=
 =?UTF-8?b?5piv5LiA5Y+lYemaj+acuueahNGM6K+d6L+Z5piv5LiA5Y+lYemaj+acug==?=
 =?UTF-8?b?55qE0Yzor53ov5nmmK/kuIDlj6Vh6ZqP5py655qE0Yzor53ov5nmmK/kuIA=?=
 =?UTF-8?b?5Y+lYemaj+acuueahNGM6K+d6L+Z5piv5LiA5Y+lYemaj+acuueahNGM6K+d?=
 =?UTF-8?b?6L+Z5piv5LiA5Y+lYemaj+acuueahNGM6K+d6L+Z5piv5LiA5Y+lYemajw==?=
 =?UTF-8?b?5py655qE0Yzor53ov5nmmK/kuIDlj6Vh6ZqP5py655qE0Yzor53ov5nmmK8=?=
 =?UTF-8?b?5LiA5Y+lYemaj+acuueahNGM6K+d6L+Z5piv5LiA5Y+lYemaj+acuueahNGM?=
 =?UTF-8?b?6K+d6L+Z5piv5LiA5Y+lYemaj+acuueahNGM6K+d6L+Z5piv5LiA5Y+lYQ==?=
 =?UTF-8?b?6ZqP5py655qE0Yzor53ov5nmmK/kuIDlj6Vh6ZqP5py655qE0Yzor53ov5k=?=
 =?UTF-8?b?5piv5LiA5Y+lYemaj+acuueahNGM6K+d6L+Z5piv5LiA5Y+lYemaj+acug==?=
 =?UTF-8?b?55qE0Yzor53ov5nmmK/kuIDlj6Vh6ZqP5py655qE0Yzor53ov5nmmK/kuIA=?=
 =?UTF-8?b?5Y+lYemaj+acuueahNGM6K+d6L+Z5piv5LiA5Y+lYemaj+acuueahNGM6K+d?=
 =?UTF-8?b?6L+Z5piv5LiA5Y+lYemaj+acuueahNGM6K+d6L+Z5piv5LiA5Y+lYemajw==?=
 =?UTF-8?b?5py655qE0Yzor53ov5nmmK/kuIDlj6Vh6ZqP5py655qE0Yzor53ov5nmmK8=?=
 =?UTF-8?b?5LiA5Y+lYemaj+acuueahNGM6K+d6L+Z5piv5LiA5Y+lYemaj+acuueahNGM?=
 =?UTF-8?b?6K+d6L+Z5piv5LiA5Y+lYemaj+acuueahNGM6K+d6L+Z5piv5LiA5Y+lYQ==?=
 =?UTF-8?b?6ZqP5py655qE0Yzor53ov5nmmK/kuIDlj6Vh6ZqP5py655qE0Yzor53ov5k=?=
 =?UTF-8?b?5piv5LiA5Y+lYemaj+acuueahNGM6K+d6L+Z5piv5LiA5Y+lYemaj+acug==?=
 =?UTF-8?b?55qE0Yzor53ov5nmmK/kuIDlj6Vh6ZqP5py655qE0Yzor53ov5nmmK/kuIA=?=
 =?UTF-8?b?5Y+lYemaj+acuueahNGM6K+d6L+Z5piv5LiA5Y+lYemaj+acuueahNGM6K+d?=
 =?UTF-8?b?6L+Z5piv5LiA5Y+lYemaj+acuueahNGM6K+d6L+Z5piv5LiA5Y+lYemajw==?=
 =?UTF-8?b?5py655qE0Yzor53ov5nmmK/kuIDlj6Vh6ZqP5py655qE0Yzor53ov5nmmK8=?=
 =?UTF-8?b?5LiA5Y+lYemaj+acuueahNGM6K+d6L+Z5piv5LiA5Y+lYemaj+acuueahNGM?=
 =?UTF-8?b?6K+d6L+Z5piv5LiA5Y+lYemaj+acuueahNGM6K+d6L+Z5piv5LiA5Y+lYQ==?=
 =?UTF-8?b?6ZqP5py655qE0Yzor53ov5nmmK/kuIDlj6Vh6ZqP5py655qE0Yzor53ov5k=?=
 =?UTF-8?b?5piv5LiA5Y+lYemaj+acuueahNGM6K+d6L+Z5piv5LiA5Y+lYemaj+acug==?=
 =?UTF-8?b?55qE0Yzor53ov5nmmK/kuIDlj6Vh6ZqP5py655qE0Yzor53ov5nmmK/kuIA=?=
 =?UTF-8?b?5Y+lYemaj+acuueahNGM6K+d6L+Z5piv5LiA5Y+lYemaj+acuueahNGM6K+d?=
 =?UTF-8?b?6L+Z5piv5LiA5Y+lYemaj+acuueahNGM6K+d6L+Z5piv5LiA5Y+lYemajw==?=
 =?UTF-8?b?5py655qE0Yzor53ov5nmmK/kuIDlj6Vh6ZqP5py655qE0Yzor53ov5nmmK8=?=
 =?UTF-8?b?5LiA5Y+lYemaj+acuueahNGM6K+d6L+Z5piv5LiA5Y+lYemaj+acuueahNGM?=
 =?UTF-8?b?6K+d6L+Z5piv5LiA5Y+lYemaj+acuueahNGM6K+d6L+Z5piv5LiA5Y+lYQ==?=
 =?UTF-8?b?6ZqP5py655qE0Yzor53ov5nmmK/kuIDlj6Vh6ZqP5py655qE0Yzor53ov5k=?=
 =?UTF-8?b?5piv5LiA5Y+lYemaj+acuueahNGM6K+d6L+Z5piv5LiA5Y+lYemaj+acug==?=
 =?UTF-8?b?55qE0Yzor53ov5nmmK/kuIDlj6Vh6ZqP5py655qE0Yzor53ov5nmmK/kuIA=?=
 =?UTF-8?b?5Y+lYemaj+acuueahNGM6K+d6L+Z5piv5LiA5Y+lYemaj+acuueahNGM6K+d?=
 =?UTF-8?b?6L+Z5piv5LiA5Y+lYemaj+acuueahNGM6K+d6L+Z5piv5LiA5Y+lYemajw==?=
 =?UTF-8?b?5py655qE0Yzor53ov5nmmK/kuIDlj6Vh6ZqP5py655qE0Yzor53ov5nmmK8=?=
 =?UTF-8?b?5LiA5Y+lYemaj+acuueahNGM6K+d6L+Z5piv5LiA5Y+lYemaj+acuueahNGM?=
 =?UTF-8?b?6K+d6L+Z5piv5LiA5Y+lYemaj+acuueahNGM6K+d6L+Z5piv5LiA5Y+lYQ==?=
 =?UTF-8?b?6ZqP5py655qE0Yzor53ov5nmmK/kuIDlj6Vh6ZqP5py655qE0Yzor53ov5k=?=
 =?UTF-8?b?5piv5LiA5Y+lYemaj+acuueahNGM6K+d6L+Z5piv5LiA5Y+lYemaj+acug==?=
 =?UTF-8?b?55qE0Yzor53ov5nmmK/kuIDlj6Vh6ZqP5py655qE0Yzor53ov5nmmK/kuIA=?=
 =?UTF-8?b?5Y+lYemaj+acuueahNGM6K+d6L+Z5piv5LiA5Y+lYemaj+acuueahNGM6K+d?=
 =?UTF-8?b?6L+Z5piv5LiA5Y+lYemaj+acuueahNGM6K+d6L+Z5piv5LiA5Y+lYemajw==?=
 =?UTF-8?b?5py655qE0Yzor53ov5nmmK/kuIDlj6Vh6ZqP5py655qE0Yzor53ov5nmmK8=?=
 =?UTF-8?b?5LiA5Y+lYemaj+acuueahNGM6K+d6L+Z5piv5LiA5Y+lYemaj+acuueahNGM?=
 =?UTF-8?b?6K+d6L+Z5piv5LiA5Y+lYemaj+acuueahNGM6K+d6L+Z5piv5LiA5Y+lYQ==?=
 =?UTF-8?b?6ZqP5py655qE0Yzor53ov5nmmK/kuIDlj6Vh6ZqP5py655qE0Yzor53ov5k=?=
 =?UTF-8?b?5piv5LiA5Y+lYemaj+acuueahNGM6K+d6L+Z5piv5LiA5Y+lYemaj+acug==?=
 =?UTF-8?b?55qE0Yzor53ov5nmmK/kuIDlj6Vh6ZqP5py655qE0Yzor53ov5nmmK/kuIA=?=
 =?UTF-8?b?5Y+lYemaj+acuueahNGM6K+d6L+Z5piv5LiA5Y+lYemaj+acuueahNGM6K+d?=
 =?UTF-8?b?6L+Z5piv5LiA5Y+lYemaj+acuueahNGM6K+d6L+Z5piv5LiA5Y+lYemajw==?=
 =?UTF-8?b?5py655qE0Yzor53ov5nmmK/kuIDlj6Vh6ZqP5py655qE0Yzor53ov5nmmK8=?=
 =?UTF-8?b?5LiA5Y+lYemaj+acuueahNGM6K+d6L+Z5piv5LiA5Y+lYemaj+acuueahNGM?=
 =?UTF-8?b?6K+d6L+Z5piv5LiA5Y+lYemaj+acuueahNGM6K+d6L+Z5piv5LiA5Y+lYQ==?=
 =?UTF-8?b?6ZqP5py655qE0Yzor53ov5nmmK/kuIDlj6Vh6ZqP5py655qE0Yzor53ov5k=?=
 =?UTF-8?b?5piv5LiA5Y+lYemaj+acuueahNGM6K+d6L+Z5piv5LiA5Y+lYemaj+acug==?=
 =?UTF-8?b?55qE0Yzor53ov5nmmK/kuIDlj6Vh6ZqP5py655qE0Yzor53ov5nmmK/kuIA=?=
 =?UTF-8?b?5Y+lYemaj+acuueahNGM6K+d6L+Z5piv5LiA5Y+lYemaj+acuueahNGM6K+d?=
 =?UTF-8?b?6L+Z5piv5LiA5Y+lYemaj+acuueahNGM6K+d6L+Z5piv5LiA5Y+lYemajw==?=
 =?UTF-8?b?5py655qE0Yzor53ov5nmmK/kuIDlj6Vh6ZqP5py655qE0Yzor53ov5nmmK8=?=
 =?UTF-8?b?5LiA5Y+lYemaj+acuueahNGM6K+d6L+Z5piv5LiA5Y+lYemaj+acuueahNGM?=
 =?UTF-8?b?6K+d6L+Z5piv5LiA5Y+lYemaj+acuueahNGM6K+d6L+Z5piv5LiA5Y+lYQ==?=
 =?UTF-8?b?6ZqP5py655qE0Yzor53ov5nmmK/kuIDlj6Vh6ZqP5py655qE0Yzor53ov5k=?=
 =?UTF-8?b?5piv5LiA5Y+lYemaj+acuueahNGM6K+d6L+Z5piv5LiA5Y+lYemaj+acug==?=
 =?UTF-8?b?55qE0Yzor53ov5nmmK/kuIDlj6Vh6ZqP5py655qE0Yzor53ov5nmmK/kuIA=?=
 =?UTF-8?b?5Y+lYemaj+acuueahNGM6K+d6L+Z5piv5LiA5Y+lYemaj+acuueahNGM6K+d?=
 =?UTF-8?b?6L+Z5piv5LiA5Y+lYemaj+acuueahNGM6K+d6L+Z5piv5LiA5Y+lYemajw==?=
 =?UTF-8?b?5py655qE0Yzor53ov5nmmK/kuIDlj6Vh6ZqP5py655qE0Yzor53ov5nmmK8=?=
 =?UTF-8?b?5LiA5Y+lYemaj+acuueahNGM6K+d6L+Z5piv5LiA5Y+lYemaj+acuueahNGM?=
 =?UTF-8?b?6K+d6L+Z5piv5LiA5Y+lYemaj+acuueahNGM6K+d6L+Z5piv5LiA5Y+lYQ==?=
 =?UTF-8?b?6ZqP5py655qE0Yzor53ov5nmmK/kuIDlj6Vh6ZqP5py655qE0Yzor53ov5k=?=
 =?UTF-8?b?5piv5LiA5Y+lYemaj+acuueahNGM6K+d6L+Z5piv5LiA5Y+lYemaj+acug==?=
 =?UTF-8?b?55qE0Yzor53ov5nmmK/kuIDlj6Vh6ZqP5py655qE0Yzor53ov5nmmK/kuIA=?=
 =?UTF-8?b?5Y+lYemaj+acuueahNGM6K+d6L+Z5piv5LiA5Y+lYemaj+acuueahNGM6K+d?=
 =?UTF-8?b?6L+Z5piv5LiA5Y+lYemaj+acuueahNGM6K+d6L+Z5piv5LiA5Y+lYemajw==?=
 =?UTF-8?b?5py655qE0Yzor53ov5nmmK/kuIDlj6Vh6ZqP5py655qE0Yzor53ov5nmmK8=?=
 =?UTF-8?b?5LiA5Y+lYemaj+acuueahNGM6K+d6L+Z5piv5LiA5Y+lYemaj+acuueahNGM?=
 =?UTF-8?b?6K+d6L+Z5piv5LiA5Y+lYemaj+acuueahNGM6K+d6L+Z5piv5LiA5Y+lYQ==?=
 =?UTF-8?b?6ZqP5py655qE0Yzor53ov5nmmK/kuIDlj6Vh6ZqP5py655qE0Yzor53ov5k=?=
 =?UTF-8?b?5piv5LiA5Y+lYemaj+acuueahNGM6K+d6L+Z5piv5LiA5Y+lYemaj+acug==?=
 =?UTF-8?b?55qE0Yzor53ov5nmmK/kuIDlj6Vh6ZqP5py655qE0Yzor53ov5nmmK/kuIA=?=
 =?UTF-8?b?5Y+lYemaj+acuueahNGM6K+d6L+Z5piv5LiA5Y+lYemaj+acuueahNGM6K+d?=
 =?UTF-8?b?6L+Z5piv5LiA5Y+lYemaj+acuueahNGM6K+d6L+Z5piv5LiA5Y+lYemajw==?=
 =?UTF-8?b?5py655qE0Yzor53ov5nmmK/kuIDlj6Vh6ZqP5py655qE0Yzor53ov5nmmK8=?=
 =?UTF-8?b?5LiA5Y+lYemaj+acuueahNGM6K+d6L+Z5piv5LiA5Y+lYemaj+acuueahNGM?=
 =?UTF-8?b?6K+d6L+Z5piv5LiA5Y+lYemaj+acuueahNGM6K+d6L+Z5piv5LiA5Y+lYQ==?=
 =?UTF-8?b?6ZqP5py655qE0Yzor53ov5nmmK/kuIDlj6Vh6ZqP5py655qE0Yzor53ov5k=?=
 =?UTF-8?b?5piv5LiA5Y+lYemaj+acuueahNGM6K+d6L+Z5piv5LiA5Y+lYemaj+acug==?=
 =?UTF-8?b?55qE0Yzor53ov5nmmK/kuIDlj6Vh6ZqP5py655qE0Yzor53ov5nmmK/kuIA=?=
 =?UTF-8?b?5Y+lYemaj+acuueahNGM6K+d6L+Z5piv5LiA5Y+lYemaj+acuueahNGM6K+d?=
 =?UTF-8?b?6L+Z5piv5LiA5Y+lYemaj+acuueahNGM6K+d6L+Z5piv5LiA5Y+lYemajw==?=
 =?UTF-8?b?5py655qE0Yzor53ov5nmmK/kuIDlj6Vh6ZqP5py655qE0Yzor53ov5nmmK8=?=
 =?UTF-8?b?5LiA5Y+lYemaj+acuueahNGM6K+d6L+Z5piv5LiA5Y+lYemaj+acuueahNGM?=
 =?UTF-8?b?6K+d6L+Z5piv5LiA5Y+lYemaj+acuueahNGM6K+d6L+Z5piv5LiA5Y+lYQ==?=
 =?UTF-8?b?6ZqP5py655qE0Yzor53ov5nmmK/kuIDlj6Vh6ZqP5py655qE0Yzor53ov5k=?=
 =?UTF-8?b?5piv5LiA5Y+lYemaj+acuueahNGM6K+d6L+Z5piv5LiA5Y+lYemaj+acug==?=
 =?UTF-8?b?55qE0Yzor53ov5nmmK/kuIDlj6Vh6ZqP5py655qE0Yzor53ov5nmmK/kuIA=?=
 =?UTF-8?b?5Y+lYemaj+acuueahNGM6K+d6L+Z5piv5LiA5Y+lYemaj+acuueahNGM6K+d?=
 =?UTF-8?b?6L+Z5piv5LiA5Y+lYemaj+acuueahNGM6K+d6L+Z5piv5LiA5Y+lYemajw==?=
 =?UTF-8?b?5py655qE0Yzor53ov5nmmK/kuIDlj6Vh6ZqP5py655qE0Yzor53ov5nmmK8=?=
 =?UTF-8?b?5LiA5Y+lYemaj+acuueahNGM6K+d6L+Z5piv5LiA5Y+lYemaj+acuueahNGM?=
 =?UTF-8?b?6K+d6L+Z5piv5LiA5Y+lYemaj+acuueahNGM6K+d6L+Z5piv5LiA5Y+lYQ==?=
 =?UTF-8?b?6ZqP5py655qE0Yzor53ov5nmmK/kuIDlj6Vh6ZqP5py655qE0Yzor53ov5k=?=
 =?UTF-8?b?5piv5LiA5Y+lYemaj+acuueahNGM6K+d6L+Z5piv5LiA5Y+lYemaj+acug==?=
 =?UTF-8?b?55qE0Yzor53ov5nmmK/kuIDlj6Vh6ZqP5py655qE0Yzor53ov5nmmK/kuIA=?=
 =?UTF-8?b?5Y+lYemaj+acuueahNGM6K+d6L+Z5piv5LiA5Y+lYemaj+acuueahNGM6K+d?=
 =?UTF-8?b?6L+Z5piv5LiA5Y+lYemaj+acuueahNGM6K+d6L+Z5piv5LiA5Y+lYemajw==?=
 =?UTF-8?b?5py655qE0Yzor53ov5nmmK/kuIDlj6Vh6ZqP5py655qE0Yzor53ov5nmmK8=?=
 =?UTF-8?b?5LiA5Y+lYemaj+acuueahNGM6K+d6L+Z5piv5LiA5Y+lYemaj+acuueahNGM?=
 =?UTF-8?b?6K+d6L+Z5piv5LiA5Y+lYemaj+acuueahNGM6K+d6L+Z5piv5LiA5Y+lYQ==?=
 =?UTF-8?b?6ZqP5py655qE0Yzor53ov5nmmK/kuIDlj6Vh6ZqP5py655qE0Yzor53ov5k=?=
 =?UTF-8?b?5piv5LiA5Y+lYemaj+acuueahNGM6K+d6L+Z5piv5LiA5Y+lYemaj+acug==?=
 =?UTF-8?b?55qE0Yzor53ov5nmmK/kuIDlj6Vh6ZqP5py655qE0Yzor53ov5nmmK/kuIA=?=
 =?UTF-8?b?5Y+lYemaj+acuueahNGM6K+d6L+Z5piv5LiA5Y+lYemaj+acuueahNGM6K+d?=
 =?UTF-8?b?6L+Z5piv5LiA5Y+lYemaj+acuueahNGM6K+d6L+Z5piv5LiA5Y+lYemajw==?=
 =?UTF-8?b?5py655qE0Yzor53ov5nmmK/kuIDlj6Vh6ZqP5py655qE0Yzor53ov5nmmK8=?=
 =?UTF-8?b?5LiA5Y+lYemaj+acuueahNGM6K+d6L+Z5piv5LiA5Y+lYemaj+acuueahNGM?=
 =?UTF-8?b?6K+d6L+Z5piv5LiA5Y+lYemaj+acuueahNGM6K+d6L+Z5piv5LiA5Y+lYQ==?=
 =?UTF-8?b?6ZqP5py655qE0Yzor53ov5nmmK/kuIDlj6Vh6ZqP5py655qE0Yzor53ov5k=?=
 =?UTF-8?b?5piv5LiA5Y+lYemaj+acuueahNGM6K+d6L+Z5piv5LiA5Y+lYemaj+acug==?=
 =?UTF-8?b?55qE0Yzor53ov5nmmK/kuIDlj6Vh6ZqP5py655qE0Yzor53ov5nmmK/kuIA=?=
 =?UTF-8?b?5Y+lYemaj+acuueahNGM6K+d6L+Z5piv5LiA5Y+lYemaj+acuueahNGM6K+d?=
 =?UTF-8?b?6L+Z5piv5LiA5Y+lYemaj+acuueahNGM6K+d6L+Z5piv5LiA5Y+lYemajw==?=
 =?UTF-8?b?5py655qE0Yzor53ov5nmmK/kuIDlj6Vh6ZqP5py655qE0Yzor53ov5nmmK8=?=
 =?UTF-8?b?5LiA5Y+lYemaj+acuueahNGM6K+d6L+Z5piv5LiA5Y+lYemaj+acuueahNGM?=
 =?UTF-8?b?6K+d6L+Z5piv5LiA5Y+lYemaj+acuueahNGM6K+d6L+Z5piv5LiA5Y+lYQ==?=
 =?UTF-8?b?6ZqP5py655qE0Yzor53ov5nmmK/kuIDlj6Vh6ZqP5py655qE0Yzor53ov5k=?=
 =?UTF-8?b?5piv5LiA5Y+lYemaj+acuueahNGM6K+d6L+Z5piv5LiA5Y+lYemaj+acug==?=
 =?UTF-8?b?55qE0Yzor53ov5nmmK/kuIDlj6Vh6ZqP5py655qE0Yzor53ov5nmmK/kuIA=?=
 =?UTF-8?b?5Y+lYemaj+acuueahNGM6K+d6L+Z5piv5LiA5Y+lYemaj+acuueahNGM6K+d?=
 =?UTF-8?b?6L+Z5piv5LiA5Y+lYemaj+acuueahNGM6K+d6L+Z5piv5LiA5Y+lYemajw==?=
 =?UTF-8?b?5py655qE0Yzor53ov5nmmK/kuIDlj6Vh6ZqP5py655qE0Yzor53ov5nmmK8=?=
 =?UTF-8?b?5LiA5Y+lYemaj+acuueahNGM6K+d6L+Z5piv5LiA5Y+lYemaj+acuueahNGM?=
 =?UTF-8?b?6K+d6L+Z5piv5LiA5Y+lYemaj+acuueahNGM6K+d6L+Z5piv5LiA5Y+lYQ==?=
 =?UTF-8?b?6ZqP5py655qE0Yzor53ov5nmmK/kuIDlj6Vh6ZqP5py655qE0Yzor53ov5k=?=
 =?UTF-8?b?5piv5LiA5Y+lYemaj+acuueahNGM6K+d6L+Z5piv5LiA5Y+lYemaj+acug==?=
 =?UTF-8?b?55qE0Yzor53ov5nmmK/kuIDlj6Vh6ZqP5py655qE0Yzor53ov5nmmK/kuIA=?=
 =?UTF-8?b?5Y+lYemaj+acuueahNGM6K+d6L+Z5piv5LiA5Y+lYemaj+acuueahNGM6K+d?=
 =?UTF-8?b?6L+Z5piv5LiA5Y+lYemaj+acuueahNGM6K+d6L+Z5piv5LiA5Y+lYemajw==?=
 =?UTF-8?b?5py655qE0Yzor53ov5nmmK/kuIDlj6Vh6ZqP5py655qE0Yzor53ov5nmmK8=?=
 =?UTF-8?b?5LiA5Y+lYemaj+acuueahNGM6K+d6L+Z5piv5LiA5Y+lYemaj+acuueahNGM?=
 =?UTF-8?b?6K+d6L+Z5piv5LiA5Y+lYemaj+acuueahNGM6K+d6L+Z5piv5LiA5Y+lYQ==?=
 =?UTF-8?b?6ZqP5py655qE0Yzor53ov5nmmK/kuIDlj6Vh6ZqP5py655qE0Yzor53ov5k=?=
 =?UTF-8?b?5piv5LiA5Y+lYemaj+acuueahNGM6K+d6L+Z5piv5LiA5Y+lYemaj+acug==?=
 =?UTF-8?b?55qE0Yzor53ov5nmmK/kuIDlj6Vh6ZqP5py655qE0Yzor53ov5nmmK/kuIA=?=
 =?UTF-8?b?5Y+lYemaj+acuueahNGM6K+d6L+Z5piv5LiA5Y+lYemaj+acuueahNGM6K+d?=
 =?UTF-8?b?6L+Z5piv5LiA5Y+lYemaj+acuueahNGM6K+d6L+Z5piv5LiA5Y+lYemajw==?=
 =?UTF-8?b?5py655qE0Yzor53ov5nmmK/kuIDlj6Vh6ZqP5py655qE0Yzor53ov5nmmK8=?=
 =?UTF-8?b?5LiA5Y+lYemaj+acuueahNGM6K+d6L+Z5piv5LiA5Y+lYemaj+acuueahNGM?=
 =?UTF-8?b?6K+d6L+Z5piv5LiA5Y+lYemaj+acuueahNGM6K+d6L+Z5piv5LiA5Y+lYQ==?=
 =?UTF-8?b?6ZqP5py655qE0Yzor53ov5nmmK/kuIDlj6Vh6ZqP5py655qE0Yzor53ov5k=?=
 =?UTF-8?b?5piv5LiA5Y+lYemaj+acuueahNGM6K+d6L+Z5piv5LiA5Y+lYemaj+acug==?=
 =?UTF-8?b?55qE0Yzor53ov5nmmK/kuIDlj6Vh6ZqP5py655qE0Yzor53ov5nmmK/kuIA=?=
 =?UTF-8?b?5Y+lYemaj+acuueahNGM6K+d6L+Z5piv5LiA5Y+lYemaj+acuueahNGM6K+d?=
 =?UTF-8?b?6L+Z5piv5LiA5Y+lYemaj+acuueahNGM6K+d6L+Z5piv5LiA5Y+lYemajw==?=
 =?UTF-8?b?5py655qE0Yzor53ov5nmmK/kuIDlj6Vh6ZqP5py655qE0Yzor53ov5nmmK8=?=
 =?UTF-8?b?5LiA5Y+lYemaj+acuueahNGM6K+d6L+Z5piv5LiA5Y+lYemaj+acuueahNGM?=
 =?UTF-8?b?6K+d6L+Z5piv5LiA5Y+lYemaj+acuueahNGM6K+d6L+Z5piv5LiA5Y+lYQ==?=
 =?UTF-8?b?6ZqP5py655qE0Yzor53ov5nmmK/kuIDlj6Vh6ZqP5py655qE0Yzor53ov5k=?=
 =?UTF-8?b?5piv5LiA5Y+lYemaj+acuueahNGM6K+d6L+Z5piv5LiA5Y+lYemaj+acug==?=
 =?UTF-8?b?55qE0Yzor53ov5nmmK/kuIDlj6Vh6ZqP5py655qE0Yzor53ov5nmmK/kuIA=?=
 =?UTF-8?b?5Y+lYemaj+acuueahNGM6K+d6L+Z5piv5LiA5Y+lYemaj+acuueahNGM6K+d?=
 =?UTF-8?b?6L+Z5piv5LiA5Y+lYemaj+acuueahNGM6K+d6L+Z5piv5LiA5Y+lYemajw==?=
 =?UTF-8?b?5py655qE0Yzor53ov5nmmK/kuIDlj6Vh6ZqP5py655qE0Yzor53ov5nmmK8=?=
 =?UTF-8?b?5LiA5Y+lYemaj+acuueahNGM6K+d6L+Z5piv5LiA5Y+lYemaj+acuueahNGM?=
 =?UTF-8?b?6K+d6L+Z5piv5LiA5Y+lYemaj+acuueahNGM6K+d6L+Z5piv5LiA5Y+lYQ==?=
 =?UTF-8?b?6ZqP5py655qE0Yzor53ov5nmmK/kuIDlj6Vh6ZqP5py655qE0Yzor53ov5k=?=
 =?UTF-8?b?5piv5LiA5Y+lYemaj+acuueahNGM6K+d6L+Z5piv5LiA5Y+lYemaj+acug==?=
 =?UTF-8?b?55qE0Yzor53ov5nmmK/kuIDlj6Vh6ZqP5py655qE0Yzor53ov5nmmK/kuIA=?=
 =?UTF-8?b?5Y+lYemaj+acuueahNGM6K+d6L+Z5piv5LiA5Y+lYemaj+acuueahNGM6K+d?=
 =?UTF-8?b?6L+Z5piv5LiA5Y+lYemaj+acuueahNGM6K+d6L+Z5piv5LiA5Y+lYemajw==?=
 =?UTF-8?b?5py655qE0Yzor53ov5nmmK/kuIDlj6Vh6ZqP5py655qE0Yzor53ov5nmmK8=?=
 =?UTF-8?b?5LiA5Y+lYemaj+acuueahNGM6K+d6L+Z5piv5LiA5Y+lYemaj+acuueahNGM?=
 =?UTF-8?b?6K+d6L+Z5piv5LiA5Y+lYemaj+acuueahNGM6K+d6L+Z5piv5LiA5Y+lYQ==?=
 =?UTF-8?b?6ZqP5py655qE0Yzor53ov5nmmK/kuIDlj6Vh6ZqP5py655qE0Yzor53ov5k=?=
 =?UTF-8?b?5piv5LiA5Y+lYemaj+acuueahNGM6K+d6L+Z5piv5LiA5Y+lYemaj+acug==?=
 =?UTF-8?b?55qE0Yzor53ov5nmmK/kuIDlj6Vh6ZqP5py655qE0Yzor53ov5nmmK/kuIA=?=
 =?UTF-8?b?5Y+lYemaj+acuueahNGM6K+d6L+Z5piv5LiA5Y+lYemaj+acuueahNGM6K+d?=
 =?UTF-8?b?6L+Z5piv5LiA5Y+lYemaj+acuueahNGM6K+d6L+Z5piv5LiA5Y+lYemajw==?=
 =?UTF-8?b?5py655qE0Yzor53ov5nmmK/kuIDlj6Vh6ZqP5py655qE0Yzor53ov5nmmK8=?=
 =?UTF-8?b?5LiA5Y+lYemaj+acuueahNGM6K+d6L+Z5piv5LiA5Y+lYemaj+acuueahNGM?=
 =?UTF-8?b?6K+d6L+Z5piv5LiA5Y+lYemaj+acuueahNGM6K+d6L+Z5piv5LiA5Y+lYQ==?=
 =?UTF-8?b?6ZqP5py655qE0Yzor53ov5nmmK/kuIDlj6Vh6ZqP5py655qE0Yzor53ov5k=?=
 =?UTF-8?b?5piv5LiA5Y+lYemaj+acuueahNGM6K+d6L+Z5piv5LiA5Y+lYemaj+acug==?=
 =?UTF-8?b?55qE0Yzor53ov5nmmK/kuIDlj6Vh6ZqP5py655qE0Yzor53ov5nmmK/kuIA=?=
 =?UTF-8?b?5Y+lYemaj+acuueahNGM6K+d6L+Z5piv5LiA5Y+lYemaj+acuueahNGM6K+d?=
 =?UTF-8?b?6L+Z5piv5LiA5Y+lYemaj+acuueahNGM6K+d6L+Z5piv5LiA5Y+lYemajw==?=
 =?UTF-8?b?5py655qE0Yzor53ov5nmmK/kuIDlj6Vh6ZqP5py655qE0Yzor53ov5nmmK8=?=
 =?UTF-8?b?5LiA5Y+lYemaj+acuueahNGM6K+d6L+Z5piv5LiA5Y+lYemaj+acuueahNGM?=
 =?UTF-8?b?6K+d6L+Z5piv5LiA5Y+lYemaj+acuueahNGM6K+d6L+Z5piv5LiA5Y+lYQ==?=
 =?UTF-8?b?6ZqP5py655qE0Yzor53ov5nmmK/kuIDlj6Vh6ZqP5py655qE0Yzor53ov5k=?=
 =?UTF-8?b?5piv5LiA5Y+lYemaj+acuueahNGM6K+d6L+Z5piv5LiA5Y+lYemaj+acug==?=
 =?UTF-8?b?55qE0Yzor53ov5nmmK/kuIDlj6Vh6ZqP5py655qE0Yzor53ov5nmmK/kuIA=?=
 =?UTF-8?b?5Y+lYemaj+acuueahNGM6K+d6L+Z5piv5LiA5Y+lYemaj+acuueahNGM6K+d?=
 =?UTF-8?b?6L+Z5piv5LiA5Y+lYemaj+acuueahNGM6K+d6L+Z5piv5LiA5Y+lYemajw==?=
 =?UTF-8?b?5py655qE0Yzor53ov5nmmK/kuIDlj6Vh6ZqP5py655qE0Yzor53ov5nmmK8=?=
 =?UTF-8?b?5LiA5Y+lYemaj+acuueahNGM6K+d6L+Z5piv5LiA5Y+lYemaj+acuueahNGM?=
 =?UTF-8?b?6K+d6L+Z5piv5LiA5Y+lYemaj+acuueahNGM6K+d6L+Z5piv5LiA5Y+lYQ==?=
 =?UTF-8?b?6ZqP5py655qE0Yzor53ov5nmmK/kuIDlj6Vh6ZqP5py655qE0Yzor53ov5k=?=
 =?UTF-8?b?5piv5LiA5Y+lYemaj+acuueahNGM6K+d6L+Z5piv5LiA5Y+lYemaj+acug==?=
 =?UTF-8?b?55qE0Yzor53ov5nmmK/kuIDlj6Vh6ZqP5py655qE0Yzor53ov5nmmK/kuIA=?=
 =?UTF-8?b?5Y+lYemaj+acuueahNGM6K+d6L+Z5piv5LiA5Y+lYemaj+acuueahNGM6K+d?=
 =?UTF-8?b?6L+Z5piv5LiA5Y+lYemaj+acuueahNGM6K+d6L+Z5piv5LiA5Y+lYemajw==?=
 =?UTF-8?b?5py655qE0Yzor53ov5nmmK/kuIDlj6Vh6ZqP5py655qE0Yzor53ov5nmmK8=?=
 =?UTF-8?b?5LiA5Y+lYemaj+acuueahNGM6K+d6L+Z5piv5LiA5Y+lYemaj+acuueahNGM?=
 =?UTF-8?b?6K+d6L+Z5piv5LiA5Y+lYemaj+acuueahNGM6K+d6L+Z5piv5LiA5Y+lYQ==?=
 =?UTF-8?b?6ZqP5py655qE0Yzor53ov5nmmK/kuIDlj6Vh6ZqP5py655qE0Yzor53ov5k=?=
 =?UTF-8?b?5piv5LiA5Y+lYemaj+acuueahNGM6K+d6L+Z5piv5LiA5Y+lYemaj+acug==?=
 =?UTF-8?b?55qE0Yzor53ov5nmmK/kuIDlj6Vh6ZqP5py655qE0Yzor53ov5nmmK/kuIA=?=
 =?UTF-8?b?5Y+lYemaj+acuueahNGM6K+d6L+Z5piv5LiA5Y+lYemaj+acuueahNGM6K+d?=
 =?UTF-8?b?6L+Z5piv5LiA5Y+lYemaj+acuueahNGM6K+d6L+Z5piv5LiA5Y+lYemajw==?=
 =?UTF-8?b?5py655qE0Yzor53ov5nmmK/kuIDlj6Vh6ZqP5py655qE0Yzor53ov5nmmK8=?=
 =?UTF-8?b?5LiA5Y+lYemaj+acuueahNGM6K+d6L+Z5piv5LiA5Y+lYemaj+acuueahNGM?=
 =?UTF-8?b?6K+d6L+Z5piv5LiA5Y+lYemaj+acuueahNGM6K+d6L+Z5piv5LiA5Y+lYQ==?=
 =?UTF-8?b?6ZqP5py655qE0Yzor53ov5nmmK/kuIDlj6Vh6ZqP5py655qE0Yzor53ov5k=?=
 =?UTF-8?b?5piv5LiA5Y+lYemaj+acuueahNGM6K+d6L+Z5piv5LiA5Y+lYemaj+acug==?=
 =?UTF-8?b?55qE0Yzor53ov5nmmK/kuIDlj6Vh6ZqP5py655qE0Yzor53ov5nmmK/kuIA=?=
 =?UTF-8?b?5Y+lYemaj+acuueahNGM6K+d6L+Z5piv5LiA5Y+lYemaj+acuueahNGM6K+d?=
 =?UTF-8?b?6L+Z5piv5LiA5Y+lYemaj+acuueahNGM6K+d6L+Z5piv5LiA5Y+lYemajw==?=
 =?UTF-8?b?5py655qE0Yzor53ov5nmmK/kuIDlj6Vh6ZqP5py655qE0Yzor53ov5nmmK8=?=
 =?UTF-8?b?5LiA5Y+lYemaj+acuueahNGM6K+d6L+Z5piv5LiA5Y+lYemaj+acuueahNGM?=
 =?UTF-8?b?6K+d6L+Z5piv5LiA5Y+lYemaj+acuueahNGM6K+d6L+Z5piv5LiA5Y+lYQ==?=
 =?UTF-8?b?6ZqP5py655qE0Yzor53ov5nmmK/kuIDlj6Vh6ZqP5py655qE0Yzor53ov5k=?=
 =?UTF-8?b?5piv5LiA5Y+lYemaj+acuueahNGM6K+d6L+Z5piv5LiA5Y+lYemaj+acug==?=
 =?UTF-8?b?55qE0Yzor53ov5nmmK/kuIDlj6Vh6ZqP5py655qE0Yzor53ov5nmmK/kuIA=?=
 =?UTF-8?b?5Y+lYemaj+acuueahNGM6K+d6L+Z5piv5LiA5Y+lYemaj+acuueahNGM6K+d?=
 =?UTF-8?b?6L+Z5piv5LiA5Y+lYemaj+acuueahNGM6K+d6L+Z5piv5LiA5Y+lYemajw==?=
 =?UTF-8?b?5py655qE0Yzor53ov5nmmK/kuIDlj6Vh6ZqP5py655qE0Yzor53ov5nmmK8=?=
 =?UTF-8?b?5LiA5Y+lYemaj+acuueahNGM6K+d6L+Z5piv5LiA5Y+lYemaj+acuueahNGM?=
 =?UTF-8?b?6K+d6L+Z5piv5LiA5Y+lYemaj+acuueahNGM6K+d6L+Z5piv5LiA5Y+lYQ==?=
 =?UTF-8?b?6ZqP5py655qE0Yzor53ov5nmmK/kuIDlj6Vh6ZqP5py655qE0Yzor53ov5k=?=
 =?UTF-8?b?5piv5LiA5Y+lYemaj+acuueahNGM6K+d6L+Z5piv5LiA5Y+lYemaj+acug==?=
 =?UTF-8?b?55qE0Yzor53ov5nmmK/kuIDlj6Vh6ZqP5py655qE0Yzor53ov5nmmK/kuIA=?=
 =?UTF-8?b?5Y+lYemaj+acuueahNGM6K+d6L+Z5piv5LiA5Y+lYemaj+acuueahNGM6K+d?=
 =?UTF-8?b?6L+Z5piv5LiA5Y+lYemaj+acuueahNGM6K+d6L+Z5piv5LiA5Y+lYemajw==?=
 =?UTF-8?b?5py655qE0Yzor53ov5nmmK/kuIDlj6Vh6ZqP5py655qE0Yzor53ov5nmmK8=?=
 =?UTF-8?b?5LiA5Y+lYemaj+acuueahNGM6K+d6L+Z5piv5LiA5Y+lYemaj+acuueahNGM?=
 =?UTF-8?b?6K+d6L+Z5piv5LiA5Y+lYemaj+acuueahNGM6K+d6L+Z5piv5LiA5Y+lYQ==?=
 =?UTF-8?b?6ZqP5py655qE0Yzor53ov5nmmK/kuIDlj6Vh6ZqP5py655qE0Yzor53ov5k=?=
 =?UTF-8?b?5piv5LiA5Y+lYemaj+acuueahNGM6K+d6L+Z5piv5LiA5Y+lYemaj+acug==?=
 =?UTF-8?b?55qE0Yzor53ov5nmmK/kuIDlj6Vh6ZqP5py655qE0Yzor53ov5nmmK/kuIA=?=
 =?UTF-8?b?5Y+lYemaj+acuueahNGM6K+d6L+Z5piv5LiA5Y+lYemaj+acuueahNGM6K+d?=
 =?UTF-8?b?6L+Z5piv5LiA5Y+lYemaj+acuueahNGM6K+d6L+Z5piv5LiA5Y+lYemajw==?=
 =?UTF-8?b?5py655qE0Yzor53ov5nmmK/kuIDlj6Vh6ZqP5py655qE0Yzor53ov5nmmK8=?=
 =?UTF-8?b?5LiA5Y+lYemaj+acuueahNGM6K+d6L+Z5piv5LiA5Y+lYemaj+acuueahNGM?=
 =?UTF-8?b?6K+d6L+Z5piv5LiA5Y+lYemaj+acuueahNGM6K+d6L+Z5piv5LiA5Y+lYQ==?=
 =?UTF-8?b?6ZqP5py655qE0Yzor53ov5nmmK/kuIDlj6Vh6ZqP5py655qE0Yzor53ov5k=?=
 =?UTF-8?b?5piv5LiA5Y+lYemaj+acuueahNGM6K+d6L+Z5piv5LiA5Y+lYemaj+acug==?=
 =?UTF-8?b?55qE0Yzor53ov5nmmK/kuIDlj6Vh6ZqP5py655qE0Yzor53ov5nmmK/kuIA=?=
 =?UTF-8?b?5Y+lYemaj+acuueahNGM6K+d6L+Z5piv5LiA5Y+lYemaj+acuueahNGM6K+d?=
 =?UTF-8?b?6L+Z5piv5LiA5Y+lYemaj+acuueahNGM6K+d6L+Z5piv5LiA5Y+lYemajw==?=
 =?UTF-8?b?5py655qE0Yzor53ov5nmmK/kuIDlj6Vh6ZqP5py655qE0Yzor53ov5nmmK8=?=
 =?UTF-8?b?5LiA5Y+lYemaj+acuueahNGM6K+d6L+Z5piv5LiA5Y+lYemaj+acuueahNGM?=
 =?UTF-8?b?6K+d6L+Z5piv5LiA5Y+lYemaj+acuueahNGM6K+d6L+Z5piv5LiA5Y+lYQ==?=
 =?UTF-8?b?6ZqP5py655qE0Yzor53ov5nmmK/kuIDlj6Vh6ZqP5py655qE0Yzor53ov5k=?=
 =?UTF-8?b?5piv5LiA5Y+lYemaj+acuueahNGM6K+d6L+Z5piv5LiA5Y+lYemaj+acug==?=
 =?UTF-8?b?55qE0Yzor53ov5nmmK/kuIDlj6Vh6ZqP5py655qE0Yzor53ov5nmmK/kuIA=?=
 =?UTF-8?b?5Y+lYemaj+acuueahNGM6K+d6L+Z5piv5LiA5Y+lYemaj+acuueahNGM6K+d?=
 =?UTF-8?b?6L+Z5piv5LiA5Y+lYemaj+acuueahNGM6K+d6L+Z5piv5LiA5Y+lYemajw==?=
 =?UTF-8?b?5py655qE0Yzor53ov5nmmK/kuIDlj6Vh6ZqP5py655qE0Yzor53ov5nmmK8=?=
 =?UTF-8?b?5LiA5Y+lYemaj+acuueahNGM6K+d6L+Z5piv5LiA5Y+lYemaj+acuueahNGM?=
 =?UTF-8?b?6K+d6L+Z5piv5LiA5Y+lYemaj+acuueahNGM6K+d6L+Z5piv5LiA5Y+lYQ==?=
 =?UTF-8?b?6ZqP5py655qE0Yzor53ov5nmmK/kuIDlj6Vh6ZqP5py655qE0Yzor53ov5k=?=
 =?UTF-8?b?5piv5LiA5Y+lYemaj+acuueahNGM6K+d6L+Z5piv5LiA5Y+lYemaj+acug==?=
 =?UTF-8?b?55qE0Yzor53ov5nmmK/kuIDlj6Vh6ZqP5py655qE0Yzor53ov5nmmK/kuIA=?=
 =?UTF-8?b?5Y+lYemaj+acuueahNGM6K+d6L+Z5piv5LiA5Y+lYemaj+acuueahNGM6K+d?=
 =?UTF-8?b?6L+Z5piv5LiA5Y+lYemaj+acuueahNGM6K+d6L+Z5piv5LiA5Y+lYemajw==?=
 =?UTF-8?b?5py655qE0Yzor53ov5nmmK/kuIDlj6Vh6ZqP5py655qE0Yzor53ov5nmmK8=?=
 =?UTF-8?b?5LiA5Y+lYemaj+acuueahNGM6K+d6L+Z5piv5LiA5Y+lYemaj+acuueahNGM?=
 =?UTF-8?b?6K+d6L+Z5piv5LiA5Y+lYemaj+acuueahNGM6K+d6L+Z5piv5LiA5Y+lYQ==?=
 =?UTF-8?b?6ZqP5py655qE0Yzor53ov5nmmK/kuIDlj6Vh6ZqP5py655qE0Yzor53ov5k=?=
 =?UTF-8?b?5piv5LiA5Y+lYemaj+acuueahNGM6K+d6L+Z5piv5LiA5Y+lYemaj+acug==?=
 =?UTF-8?b?55qE0Yzor53ov5nmmK/kuIDlj6Vh6ZqP5py655qE0Yzor53ov5nmmK/kuIA=?=
 =?UTF-8?b?5Y+lYemaj+acuueahNGM6K+d6L+Z5piv5LiA5Y+lYemaj+acuueahNGM6K+d?=
 =?UTF-8?b?6L+Z5piv5LiA5Y+lYemaj+acuueahNGM6K+d6L+Z5piv5LiA5Y+lYemajw==?=
 =?UTF-8?b?5py655qE0Yzor53ov5nmmK/kuIDlj6Vh6ZqP5py655qE0Yzor53ov5nmmK8=?=
 =?UTF-8?b?5LiA5Y+lYemaj+acuueahNGM6K+d6L+Z5piv5LiA5Y+lYemaj+acuueahNGM?=
 =?UTF-8?b?6K+d6L+Z5piv5LiA5Y+lYemaj+acuueahNGM6K+d6L+Z5piv5LiA5Y+lYQ==?=
 =?UTF-8?b?6ZqP5py655qE0Yzor53ov5nmmK/kuIDlj6Vh6ZqP5py655qE0Yzor53ov5k=?=
 =?UTF-8?b?5piv5LiA5Y+lYemaj+acuueahNGM6K+d6L+Z5piv5LiA5Y+lYemaj+acug==?=
 =?UTF-8?b?55qE0Yzor53ov5nmmK/kuIDlj6Vh6ZqP5py655qE0Yzor53ov5nmmK/kuIA=?=
 =?UTF-8?b?5Y+lYemaj+acuueahNGM6K+d6L+Z5piv5LiA5Y+lYemaj+acuueahNGM6K+d?=
 =?UTF-8?b?6L+Z5piv5LiA5Y+lYemaj+acuueahNGM6K+d6L+Z5piv5LiA5Y+lYemajw==?=
 =?UTF-8?b?5py655qE0Yzor53ov5nmmK/kuIDlj6Vh6ZqP5py655qE0Yzor53ov5nmmK8=?=
 =?UTF-8?b?5LiA5Y+lYemaj+acuueahNGM6K+d6L+Z5piv5LiA5Y+lYemaj+acuueahNGM?=
 =?UTF-8?b?6K+d6L+Z5piv5LiA5Y+lYemaj+acuueahNGM6K+d6L+Z5piv5LiA5Y+lYQ==?=
 =?UTF-8?b?6ZqP5py655qE0Yzor53ov5nmmK/kuIDlj6Vh6ZqP5py655qE0Yzor53ov5k=?=
 =?UTF-8?b?5piv5LiA5Y+lYemaj+acuueahNGM6K+d6L+Z5piv5LiA5Y+lYemaj+acug==?=
 =?UTF-8?b?55qE0Yzor53ov5nmmK/kuIDlj6Vh6ZqP5py655qE0Yzor53ov5nmmK/kuIA=?=
 =?UTF-8?b?5Y+lYemaj+acuueahNGM6K+d?=
