BCC: "Joe Crazy" <crazyjoe@test.com>, =?UTF-8?b?0J/QtdGA0YjQuNC5?=
 <first@test.com>, =?UTF-8?b?0JLRgtC+0YDRltC5?= <second@test.com>,
 =?UTF-8?b?0KLRgNC10YLRltC5?= <third@test.com>,
 =?UTF-8?b?0KfQtdGC0LLQtdGA0YLQuNC5?= <fourth@test.com>,
 =?UTF-8?b?0J8n0Y/RgtC40Lk=?= <fifth@test.com>,
 =?UTF-8?b?0KjQvtGB0YLQuNC5?= <sixth@test.com>,
 =?UTF-8?b?0KHRjNC+0LzQuNC5?= <seventh@test.com>,
 =?UTF-8?b?0JLQvtGB0YzQvNC40Lk=?= <eighth@test.com>,
 =?UTF-8?b?0JTQtdCyJ9GP0YLQuNC5?= <ninth@test.com>, "Joe"
 <crazyjoe@test.com>, empty@test.com, =?UTF-8?b?0JLRgtC+0YDRltC5?=
 <second@test.com>, =?UTF-8?b?0KLRgNC10YLRltC5?= <third@test.com>,
 =?UTF-8?b?0KfQtdGC0LLQtdGA0YLQuNC5?= <fourth@test.com>,
 =?UTF-8?b?0J8n0Y/RgtC40Lk=?= <fifth@test.com>,
 =?UTF-8?b?0KjQvtGB0YLQuNC5?= <sixth@test.com>,
 =?UTF-8?b?0KHRjNC+0LzQuNC5?= <seventh@test.com>,
 =?UTF-8?b?0JLQvtGB0YzQvNC40Lk=?= <eighth@test.com>,
 =?UTF-8?b?0JTQtdCyJ9GP0YLQuNC5?= <ninth@test.com>, "James Wilson"
 <james.wilson@gmail.com>, "Patricia Johnson" <pjohnson@yahoo.com>,
 "Michael Brown" <michael_brown@outlook.com>, "Linda Garcia"
 <l.garcia@test.com>, "David Martinez" <david+work@example.com>,
 "Barbara Rodriguez" <brod@gmail.com>, "Robert Taylor"
 <r_taylor@yahoo.com>, "Susan Thomas" <susan.thomas@outlook.com>,
 "William Moore" <wmoore@test.com>, "Jessica Anderson"
 <jessica.anderson@example.com>, "Joseph Jackson" <j.jackson@gmail.com>,
 "Sarah White" <sarah_white@yahoo.com>, "Charles Harris"
 <charlesharris@outlook.com>, "Karen Martin" <karen.m@test.com>,
 "Christopher Thompson" <c.thompson@example.com>, "Nancy Garcia"
 <nancy+mail@gmail.com>, "Daniel Lee" <dlee@yahoo.com>, "Lisa Perez"
 <lisa.perez@outlook.com>, "Matthew Clark" <matthew_clark@test.com>,
 "Betty Lewis" <b.lewis@example.com>, "Mark Walker"
 <mark.walker@gmail.com>, "Margaret Hall" <mhall@yahoo.com>, "Donald Young"
 <d_young@outlook.com>, "Sandra King" <sandra.king@test.com>,
 "Steven Wright" <s.wright@example.com>, "Ashley Lopez"
 <ashley+work@gmail.com>, "Paul Hill" <phill@yahoo.com>, "Kimberly Scott"
 <k.scott@outlook.com>, "Andrew Green" <andrew_green@test.com>,
 "Emily Adams" <emily.adams@example.com>, "Joshua Nelson"
 <j.nelson@gmail.com>, "Donna Carter" <donna_carter@yahoo.com>,
 "Kenneth Mitchell" <kmitchell@outlook.com>, "Carol Roberts"
 <carol.roberts@test.com>, "Kevin Phillips" <k.phillips@example.com>,
 "Melissa Campbell" <melissa+mail@gmail.com>, "Brian Parker"
 <bparker@yahoo.com>, "Deborah Evans" <deborah.evans@outlook.com>,
 "Edward Edwards" <e_edwards@test.com>, "Stephanie Collins"
 <stephanie.collins@example.com>, "Ronald Reeves" <r.reeves@gmail.com>,
 "Rebecca Morris" <rebecca_morris@yahoo.com>, "Timothy Rogers"
 <timothy.rogers@outlook.com>, "Sharon Morgan" <smorgan@test.com>,
 "Jason Peterson" <jason.peterson@example.com>, "Kathleen Cooper"
 <kcooper+work@gmail.com>, "Jeffrey Brady" <j.brady@yahoo.com>,
 "Shirley Bowman" <shirley_bowman@outlook.com>, "Ryan Medina"
 <ryan.medina@test.com>, "Angela Fowler" <angela.fowler@example.com>,
 "Jacob Brewer" <j.brewer@gmail.com>, "Brenda Hoffman"
 <brenda_hoffman@yahoo.com>, "Gary Carlson" <gcarlson@outlook.com>,
 "Anna Silva" <anna.silva@test.com>, "Nicholas Pearson"
 <n.pearson@example.com>, "Pamela Tanner" <pamela+mail@gmail.com>,
 "Eric Sutherland" <eric.sutherland@yahoo.com>, "Emma Kipling"
 <emma_kipling@outlook.com>, "Jonathan Harper" <j.harper@test.com>,
 "Rachel Fleming" <rachel.fleming@example.com>, "Stephen Houston"
 <stephen+work@gmail.com>, "Diane Welch" <dwelch@yahoo.com>, "Larry Patel"
 <larry.patel@outlook.com>, "Julie Franklin" <julie_franklin@test.com>,
 "Justin Randall" <justin.randall@example.com>, "Joyce Montoya"
 <j.montoya@gmail.com>, "Scott Farrell" <scott_farrell@yahoo.com>,
 "Evelyn Hoover" <evelyn.hoover@outlook.com>, "Brandon Potts"
 <bpotts@test.com>, "Frances Bastian" <frances.bastian@example.com>,
 "Benjamin Hale" <benjamin+mail@gmail.com>, "Ann Rhodes"
 <a.rhodes@yahoo.com>, "Samuel Pugh" <samuel_pugh@outlook.com>,
 "Janice Meadows" <janice.meadows@test.com>, "Frank Munoz"
 <frank.munoz@example.com>, "Marilyn Hunt" <mhunt+work@gmail.com>,
 "Alexander Lyons" <alyons@yahoo.com>, "Jean Solis"
 <jean.solis@outlook.com>, "Raymond Gaines" <r_gaines@test.com>,
 "Alice Duran" <alice.duran@example.com>, "Patrick Ochoa"
 <patrick.ochoa@gmail.com>, "Abigail Ewing" <abigail_ewing@yahoo.com>,
 "Dennis Mills" <dmills@outlook.com>, "Lucy Houston"
 <lucy.houston@test.com>, "Jerry Morales" <j.morales@example.com>,
 "Kathryn Barker" <kathryn+mail@gmail.com>, "Tyler Cortez"
 <tyler_cortez@yahoo.com>, "Sophia Henson" <sophia.henson@outlook.com>,
 "Aaron Merritt" <aaron.merritt@test.com>, "Elena Snyder"
 <elena.snyder@example.com>, "Jose Galloway" <j.galloway+work@gmail.com>,
 "Olivia Ponce" <oponce@yahoo.com>, "Adam Mckinney"
 <adam_mckinney@outlook.com>, "Isabella Frederick"
 <isabella.frederick@test.com>, "Henry Dalton" <henry.dalton@example.com>,
 "Ava Langley" <ava.langley@gmail.com>, "Zachary Maldonado"
 <zmaldonado_mail@yahoo.com>, "Mia Knowles" <mia.knowles@outlook.com>,
 "Douglas Leach" <d.leach@test.com>, "Charlotte Combs"
 <charlotte.combs@example.com>, "Peter Estes" <peter+work@gmail.com>,
 "Amelia Brady" <a.brady@yahoo.com>, "Kyle Cain" <kyle_cain@outlook.com>,
 "Harper Soto" <harper.soto@test.com>, "Walter Marvin"
 <walter.marvin@example.com>, "Everly Voss" <everly+mail@gmail.com>,
 "Elijah Sexton" <esexton@yahoo.com>, "Scarlett England"
 <scarlett.england@outlook.com>, "David Beard" <d_beard@test.com>,
 "Victoria Strickland" <victoria.strickland@example.com>, "Albert Okafor"
 <albert.okafor@gmail.com>, "Madison Whitfield"
 <madison_whitfield@yahoo.com>, "Vincent Owens" <vowens@outlook.com>,
 "Abigail Bush" <abigail.bush@test.com>, "Ralph Morse"
 <ralph.morse@example.com>, "Natalie Ramirez" <natalie+work@gmail.com>,
 "Roy Benson" <r.benson@yahoo.com>, "Hannah Wade"
 <hannah_wade@outlook.com>, "Russell Marshall" <rmarshall@test.com>,
 "Lillian Parsons" <lillian.parsons@example.com>, "Louis Erickson"
 <l.erickson+mail@gmail.com>, "Ivy Conner" <ivy.conner@yahoo.com>,
 "Jack Boone" <jack_boone@outlook.com>, "Grace Warner"
 <grace.warner@test.com>, "Marvin Carrillo" <marvin.carrillo@example.com>,
 "Zoey Perkins" <z.perkins@gmail.com>, "Howard Moody"
 <howard_moody@yahoo.com>, "Aurora Santiago" <aurora.santiago@outlook.com>,
 "Glenn Barrera" <gbarrera+work@test.com>, "Penelope Winters"
 <penelope.winters@example.com>, "Daryl Mclaughlin"
 <daryl_mclaughlin@gmail.com>, "Stella Calhoun" <stella.calhoun@yahoo.com>,
 "Kelvin Hicks" <khicks@outlook.com>, "Clara Conway"
 <clara.conway@test.com>, "Shawn Sandoval" <shawn.sandoval@example.com>,
 "Violet Orozco" <violet+mail@gmail.com>, "Bryce Copley"
 <b.copley@yahoo.com>, "Rose Yates" <rose_yates@outlook.com>,
 "Casey Levine" <casey.levine@test.com>, "Iris Mccarthy"
 <iris.mccarthy@example.com>, "Ashton Mcwhorter" <ashton+work@gmail.com>,
 "Lily Seiler" <l.seiler@yahoo.com>, "Corey Titus"
 <corey_titus@outlook.com>, "Hydrangea Kirby" <hydrangea.kirby@test.com>,
 "Cody Mccormack" <cody.mccormack@example.com>, "Daisy Robison"
 <daisy_robison@gmail.com>, "Dominic Sousa" <d.sousa+mail@yahoo.com>,
 "Poppy Henley" <poppy.henley@outlook.com>, "Emmett Mccarty"
 <emmett@test.com>, "Magnolia Hershey" <magnolia.hershey@example.com>,
 "Jeremiah Petty" <j.petty@gmail.com>, "Azalea Henson"
 <azalea_henson@yahoo.com>, "Micah Pena" <mpena+work@outlook.com>,
 "Camellia Schaefer" <camellia.schaefer@test.com>, "Leonardo Raley"
 <leonardo.raley@example.com>, "Dahlia Lytle" <d.lytle@gmail.com>,
 "Ezra Belk" <ezra_belk@yahoo.com>, "Primrose Brokaw"
 <primrose.brokaw@outlook.com>, "Logan Belton" <logan+mail@test.com>,
 "Bluebell Meyers" <bluebell.meyers@example.com>, "Mason Staub"
 <mason.staub@gmail.com>, "Orchid Ragsdale" <orchid_ragsdale@yahoo.com>,
 "Xavier Farina" <xavier.farina@outlook.com>, "Sunflower Mack"
 <sunflower+mail@test.com>, "Isaiah Bentley" <isaiah_bentley@example.com>,
 "Jasmine Amos" <j.amos@gmail.com>, "Levi Teel" <levi_teel@yahoo.com>,
 "Lilac Coley" <lilac.coley@outlook.com>, "Matteo Dorsey"
 <matteo+work@test.com>, "Violet Doughty" <violet.doughty@example.com>,
 "Owen Howell" <ohowell@gmail.com>, "Iris Stokes" <iris_stokes@yahoo.com>,
 "Lucas Newman" <lucas.newman@outlook.com>, "Fuchsia Doty"
 <fuchsia.doty@test.com>, "Jackson Norris" <j.norris+mail@example.com>,
 "Petunia Holley" <petunia.holley@gmail.com>, "Aiden Blanks"
 <ablanks_mail@yahoo.com>, "Pansy Ramos" <pansy.ramos@outlook.com>,
 "Lucas Gates" <lgates@test.com>, "Heather Graves"
 <heather+work@example.com>, "Carter Pope" <carter.pope@gmail.com>,
 "Rosemary Savage" <r_savage@yahoo.com>, "Quinn Norris"
 <qnorris@outlook.com>, "Basil Garrett" <basil.garrett@test.com>,
 "Thyme Wright" <thyme.wright@example.com>, "Hunter Delaney"
 <hunter+mail@gmail.com>, "Sage Mendez" <sage_mendez@yahoo.com>,
 "Blake Shields" <blake.shields@outlook.com>, "Mint Malone"
 <mint.malone@test.com>, "Riley Swanson" <r.swanson@example.com>,
 "Lavender Santos" <lavender+work@gmail.com>, "Finley Hammond"
 <f.hammond@yahoo.com>, "Laurel Holden" <laurel_holden@outlook.com>,
 "Morgan Blake" <morgan.blake@test.com>, "Hazel Griffith"
 <hazel.griffith@example.com>, "Avery Romero" <avery+mail@gmail.com>,
 "Olive Sharp" <olive_sharp@yahoo.com>, "Taylor Hathaway"
 <taylor.hathaway@outlook.com>, "River Stanford" <r.stanford@test.com>,
 "Blake Nichols" <blake.nichols@example.com>, "Skylar Stafford"
 <skylar+work@gmail.com>, "Avery Simon" <asimon@yahoo.com>, "Morgan Holmes"
 <morgan_holmes@outlook.com>, "Drew Larkin" <drew.larkin@test.com>,
 "Riley Cravens" <riley.cravens@example.com>, "Sage Mitchell"
 <s.mitchell+mail@gmail.com>, "Blair Reardon" <blair_reardon@yahoo.com>,
 "Avery Ruiz" <aruiz@outlook.com>, "Morgan Mayo" <morgan.mayo@test.com>,
 "Casey Sizemore" <casey.sizemore@example.com>, "Dakota Ware"
 <dakota+mail@gmail.com>, "Phoenix Webb" <p.webb@yahoo.com>, "Sage Wheeler"
 <sage_wheeler@outlook.com>, "River Whitmore" <river.whitmore@test.com>,
 "James Smith" <james.smith@gmail.com>, "Mary Johnson"
 <mary_johnson@yahoo.com>, "Robert Williams" <rwilliams@outlook.com>,
 "Patricia Brown" <patricia.brown@test.com>, "Michael Jones"
 <m.jones@example.com>, "Jennifer Garcia" <jennifer-garcia@gmail.com>,
 "William Miller" <wmiller@hotmail.com>, "Linda Davis"
 <linda.davis@yahoo.com>, "David Rodriguez" <david_rodriguez@outlook.com>,
 "Barbara Martinez" <bmartinez@test.com>, "Richard Hernandez"
 <richard.hernandez@example.com>, "Elizabeth Lopez" <e.lopez@gmail.com>,
 "Joseph Gonzalez" <joseph-gonzalez@yahoo.com>, "Susan Wilson"
 <susan_wilson@hotmail.com>, "Thomas Anderson" <tanderson@outlook.com>,
 "Jessica Thomas" <jessica.thomas@test.com>, "Charles Taylor"
 <ctaylor@example.com>, "Sarah Moore" <sarah_moore@gmail.com>,
 "Christopher Jackson" <christopher-jackson@yahoo.com>, "Karen Martin"
 <kmartin@hotmail.com>, "Donald Lee" <donald.lee@outlook.com>,
 "Nancy Perez" <nperez@test.com>, "Matthew Thompson"
 <matthew_thompson@example.com>, "Lisa White" <lwhite@gmail.com>,
 "Mark Harris" <mharris@yahoo.com>, "Betty Sanchez"
 <betty-sanchez@hotmail.com>, "Steven Clark" <steven.clark@outlook.com>,
 "Margaret Ramirez" <m.ramirez@test.com>, "Paul Lewis"
 <paul_lewis@example.com>, "Sandra Robinson" <srobinson@gmail.com>,
 "Andrew Walker" <andrew.walker@yahoo.com>, "Ashley Young"
 <ayoung@hotmail.com>, "Joshua Allen" <joshua-allen@outlook.com>,
 "Kimberly King" <kking@test.com>, "Kenneth Wright"
 <kenneth_wright@example.com>, "Emily Scott" <escott@gmail.com>,
 "Kevin Torres" <kevin.torres@yahoo.com>, "Donna Peterson"
 <dpeterson@hotmail.com>, "Brian Phillips" <bphillips@outlook.com>,
 "Michelle Campbell" <michelle-campbell@test.com>, "George Parker"
 <george.parker@example.com>, "Dorothy Evans" <d.evans@gmail.com>,
 "Edward Edwards" <edward_edwards@yahoo.com>, "Carol Collins"
 <ccollins@hotmail.com>, "Ronald Reeves" <ronald-reeves@outlook.com>,
 "Amanda Stewart" <amstewart@test.com>, "Anthony Morris"
 <anthony_morris@example.com>, "Melissa Morales" <mmorales@gmail.com>,
 "Frank Murphy" <frank.murphy@yahoo.com>, "Deborah Cook"
 <dcook@hotmail.com>, "Ryan Rogers" <ryan-rogers@outlook.com>,
 "Stephanie Gutierrez" <sgutierrez@test.com>, "Gary Ortiz"
 <gary_ortiz@example.com>, "Rebecca Morgan" <rmorgan@gmail.com>,
 "Nicholas Peterson" <npeterson@yahoo.com>, "Sharon Cooper"
 <scooper@hotmail.com>, "Eric Reed" <eric-reed@outlook.com>, "Laura Bell"
 <lbell@test.com>, "Jonathan Gomez" <jonathan_gomez@example.com>,
 "Joyce Mason" <jmason@gmail.com>, "Stephen Russell"
 <stephen.russell@yahoo.com>, "Victoria Hunter" <vhunter@hotmail.com>,
 "Larry Barnes" <larry-barnes@outlook.com>, "Diane Olson"
 <dolson@test.com>, "Justin Carroll" <justin_carroll@example.com>,
 "Olivia Duncan" <oduncan@gmail.com>, "Scott Snyder"
 <scott.snyder@yahoo.com>, "Kelly Hart" <khart@hotmail.com>,
 "Brandon Cunningham" <brandon-cunningham@outlook.com>, "Christina Knight"
 <cknight@test.com>, "Benjamin Welch" <benjamin_welch@example.com>,
 "Lauren Nichols" <lnichols@gmail.com>, "Samuel Mccarty"
 <samuel.mccarty@yahoo.com>, "Joan Peoples" <jpeople@hotmail.com>,
 "Raymond Ballard" <raymond-ballard@outlook.com>, "Evelyn Bridges"
 <ebridges@test.com>, "Gregory Alexander" <gregory_alexander@example.com>,
 "Judith Hicks" <jhicks@gmail.com>, "Alexander Wills" <awills@yahoo.com>,
 "Megan Parks" <mparks@hotmail.com>, "Patrick Van"
 <patrick-van@outlook.com>, "Andrea Rivers" <arivers@test.com>,
 "Jack Swanson" <jack_swanson@example.com>, "Cheryl Joyce"
 <cjoyce@gmail.com>, "Dennis Santiago" <dsantiago@yahoo.com>,
 "Hannah Curry" <hcurry@hotmail.com>, "Jerry Powers"
 <jerry-powers@outlook.com>, "Jacqueline Chambers" <jchambers@test.com>,
 "Tyler Newton" <tyler_newton@example.com>, "Megan Fernandez"
 <mfernandez@gmail.com>, "Aaron Spence" <aaron.spence@yahoo.com>,
 "Andrea Caldwell" <acaldwell@hotmail.com>, "Jose Warner"
 <jose-warner@outlook.com>, "Kelly Sutton" <ksutton@test.com>,
 "Adam Armstead" <adam_armstead@example.com>, "Rachel Schroeder"
 <rschroeder@gmail.com>, "Henry Stafford" <hstafford@yahoo.com>,
 "Maria England" <mengland@hotmail.com>, "Douglas Bolton"
 <douglas-bolton@outlook.com>, "Heather York" <hyork@test.com>,
 "Peter Hulsey" <peter_hulsey@example.com>, "Julie Beatty"
 <jbeatty@gmail.com>, "Walter Ritter" <writter@yahoo.com>, "Joyce Haynes"
 <jhaynes@hotmail.com>, "Harold Miles" <harold-miles@outlook.com>,
 "Victoria Tittle" <vtittle@test.com>, "Carl Ratliff"
 <carl_ratliff@example.com>, "Olivia Blankenship" <oblankenship@gmail.com>,
 "Jeremy Fulton" <jfulton@yahoo.com>, "Emily Mcleod" <emcleod@hotmail.com>,
 "Keith Gilmore" <keith-gilmore@outlook.com>, "Christina Locklear"
 <clocklear@test.com>, "Roger Stinson" <roger_stinson@example.com>,
 "Lauren Tanner" <ltanner@gmail.com>, "Arthur Swain" <aswain@yahoo.com>,
 "Hannah Pena" <hpena@hotmail.com>, "Terry Beck" <terry-beck@outlook.com>,
 "Jacqueline Newman" <jnewman@test.com>, "Gerald Benson"
 <gerald_benson@example.com>, "Amanda Stein" <astein@gmail.com>,
 "Joe Kauffman" <jkauffman@yahoo.com>, "Rachel Deleon"
 <rdeleon@hotmail.com>, "Sean Vance" <sean-vance@outlook.com>,
 "Maria Richmond" <mrichmond@test.com>, "Austin Sutherland"
 <austin_sutherland@example.com>, "Stephanie Summers" <ssummers@gmail.com>,
 "Carl Walton" <cwalton@yahoo.com>, "Kelly Wilcox" <kwilcox@hotmail.com>,
 "Keith Winters" <keith-winters@outlook.com>, "Christina Wyatt"
 <cwyatt@test.com>, "Robert Abernathy" <robert_abernathy@example.com>,
 "Patricia Ackerman" <packerman@gmail.com>, "Michael Adcock"
 <madcock@yahoo.com>, "Jennifer Addington" <jaddington@hotmail.com>,
 "William Adkins" <wadkins@outlook.com>, "Linda Albertson"
 <lalbertson@test.com>, "David Albrecht" <d.albrecht@example.com>,
 "Barbara Aldridge" <baldridge@gmail.com>, "Richard Alexander"
 <r_alexander@yahoo.com>, "Elizabeth Alfonso" <ealfonso@hotmail.com>,
 "Joseph Alford" <jalford@outlook.com>, "Susan Alger" <s.alger@test.com>,
 "Thomas Alles" <talles@example.com>, "Jessica Allison"
 <jallison@gmail.com>, "Charles Allred" <c_allred@yahoo.com>,
 "Sarah Almonte" <salmonte@hotmail.com>, "Christopher Almquist"
 <calmquist@outlook.com>, "Karen Alspaugh" <k.alspaugh@test.com>,
 "Donald Alston" <dalston@example.com>, "Nancy Altamirano"
 <naltamirano@gmail.com>, "Matthew Altamirano" <m_altamirano@yahoo.com>,
 "Lisa Althoff" <lalthoff@hotmail.com>, "Mark Alton" <malton@outlook.com>,
 "Betty Alves" <b.alves@test.com>, "Steven Alves" <salves@example.com>,
 "Margaret Alveson" <malveson@gmail.com>, "Paul Alvey" <p_alvey@yahoo.com>,
 "Sandra Alves" <s-alves@hotmail.com>, "Andrew Amador"
 <aamador@outlook.com>, "Ashley Ambrose" <aambrose@test.com>,
 "Joshua Amerman" <jamerman@example.com>, "Kimberly Amick"
 <kamick@gmail.com>, "Kenneth Ammons" <kammons@yahoo.com>, "Emily Ammons"
 <eammons@hotmail.com>, "Kevin Amon" <kamon@outlook.com>, "Donna Amos"
 <d.amos@test.com>, "Brian Amour" <bamour@example.com>, "Michelle Amphlett"
 <mamphlett@gmail.com>, "George Amundsen" <gamundsen@yahoo.com>,
 "Dorothy Andersen" <dandersen@hotmail.com>, "Edward Andersen"
 <eandersen@outlook.com>, "Carol Anderson" <c_anderson@test.com>,
 "Ronald Anderton" <randerton@example.com>, "Amanda Andino"
 <aandino@gmail.com>, "Anthony Andino" <a_andino@yahoo.com>,
 "Melissa Andolina" <mandolina@hotmail.com>, "Frank Andolino"
 <fandolino@outlook.com>, "Deborah Andrada" <dandrada@test.com>,
 "Ryan Andrade" <randrade@example.com>, "Stephanie Andraka"
 <sandraka@gmail.com>, "Gary Andreas" <gaandreas@yahoo.com>,
 "Rebecca Andreasen" <randreasen@hotmail.com>, "Nicholas Andreen"
 <nandreen@outlook.com>, "Sharon Andren" <sandren@test.com>, "Eric Andress"
 <e.andress@example.com>, "Laura Andreu" <landreu@gmail.com>,
 "Jonathan Andreu" <j_andreu@yahoo.com>, "Joyce Andrey"
 <jandrey@hotmail.com>, "Stephen Andria" <sandria@outlook.com>,
 "Victoria Andrian" <vandrian@test.com>, "Larry Andrick"
 <landrick@example.com>, "Diane Andries" <dandries@gmail.com>,
 "Justin Andrik" <jandrik@yahoo.com>, "Olivia Andrine"
 <oandrine@hotmail.com>, "Scott Andring" <sandring@outlook.com>,
 "Kelly Andrist" <kandrist@test.com>, "Brandon Andrle"
 <brandrle@example.com>, "Christina Andros" <candros@gmail.com>,
 "Benjamin Andrus" <bandrus@yahoo.com>, "Lauren Andruzzi"
 <landruzzi@hotmail.com>, "Samuel Ands" <sands@outlook.com>, "Joan Andy"
 <jandy@test.com>, "Raymond Anema" <ranema@example.com>, "Evelyn Anemone"
 <eanemone@gmail.com>, "Gregory Anets" <ganets@yahoo.com>, "Judith Anfang"
 <jfang@hotmail.com>, "Alexander Anfinson" <aanfinson@outlook.com>,
 "Megan Anfora" <manfora@test.com>, "Patrick Anfrange"
 <panfrange@example.com>, "Andrea Angalich" <aangalich@gmail.com>,
 "Jack Angaran" <jangaran@yahoo.com>, "Cheryl Angari"
 <cangari@hotmail.com>, "Dennis Angary" <dangary@outlook.com>,
 "Hannah Angas" <hangas@test.com>, "Jerry Angase" <jangase@example.com>,
 "Jacqueline Angasi" <jangasi@gmail.com>, "Tyler Angawi"
 <tangawi@yahoo.com>, =?UTF-8?b?TWVnYW4gQW5nw6k=?= <mange@hotmail.com>,
 "Aaron Angeco" <aangeco@outlook.com>, "Andrea Angeli" <aangeli@test.com>,
 "Jose Angelica" <jangelica@example.com>, "Kelly Angelini"
 <kangelini@gmail.com>, "Adam Angelis" <aangelis@yahoo.com>,
 "Rachel Angelit" <rangeli@hotmail.com>, "Henry Angella"
 <hangella@outlook.com>, "Maria Angello" <m_angello@test.com>,
 "Douglas Angellotti" <dangelotti@example.com>, "Heather Angeles"
 <hengeles@gmail.com>, "Peter Angelet" <pangelet@yahoo.com>,
 "Julie Angeletti" <jangeletti@hotmail.com>, "Walter Angelettis"
 <wangelettis@outlook.com>, "Joyce Angeletz" <jangeletz@test.com>,
 "Harold Angelewitsch" <hangelwitsch@example.com>, "Victoria Angelich"
 <vangelich@gmail.com>, "Carl Angelico" <cangelico@yahoo.com>,
 "Olivia Angelides" <oangelides@hotmail.com>, "Jeremy Angelieu"
 <jangelieu@outlook.com>, "Emily Angeliev" <eangeliev@test.com>,
 "Keith Angelini" <kangelini@example.com>, "Christina Angelis"
 <cangelis@gmail.com>, "Roger Angelito" <rangelito@yahoo.com>,
 "Lauren Angelitti" <langelitti@hotmail.com>, "Arthur Angelius"
 <aangelius@outlook.com>, "Hannah Angeljak" <hangeljak@test.com>,
 "Terry Angeljevic" <tangeljevic@example.com>, "Jacqueline Angeljon"
 <jangeljon@gmail.com>, "Gerald Angeljur" <gangelur@yahoo.com>,
 "Amanda Angeljury" <aangeljury@hotmail.com>, "Joe Angeljurovski"
 <jangelurovski@outlook.com>, "Rachel Angelmyer" <rangelmyer@test.com>,
 "Sean Angelnat" <sangelnat@example.com>, "Maria Angelnett"
 <mangelnett@gmail.com>, "Austin Angelney" <aangelney@yahoo.com>,
 "Stephanie Angelnony" <sangelnony@hotmail.com>, "Carl Angelopoulos"
 <cangelopoulos@outlook.com>, "Kelly Angelora" <kangelora@test.com>,
 "Keith Angelopoulos" <kangelopoulos@example.com>, "Christina Angelopouli"
 <cangelopouli@gmail.com>, "Robert Angelotti" <rangelotti@yahoo.com>,
 "Patricia Angelotti" <pangelotti@hotmail.com>, "Michael Angelou"
 <mangelou@outlook.com>, "Jennifer Angelos" <jangelos@test.com>,
 "William Angelos" <w_angelos@example.com>, "Linda Angelou"
 <langelou@gmail.com>, "David Angelovsk" <dangelovsk@yahoo.com>,
 "Barbara Angelovskia" <bangelovskia@hotmail.com>, "Richard Angelouski"
 <rangelouski@outlook.com>, "Elizabeth Angelouskis"
 <eangelouskis@test.com>, "Joseph Angelousskis" <jangelous@example.com>,
 "Susan Angeloussis" <sangeloussis@gmail.com>, "Thomas Angeloussias"
 <tangeloussia@yahoo.com>, "Jessica Angeloussiou"
 <jangelossiou@hotmail.com>, "Charles Angeloussos"
 <cangelossos@outlook.com>, "Sarah Angelova" <sangelova@test.com>,
 "Christopher Angelovatz" <cangelovatz@example.com>, "Karen Angelovatis"
 <kangelovatis@gmail.com>, "Donald Angelovatz" <dangelovatz@yahoo.com>,
 "Nancy Angelove" <nangelove@hotmail.com>, "Matthew Angelovic"
 <mangelovic@outlook.com>, "Lisa Angelovitch" <langelovitch@test.com>,
 "Mark Angelovits" <mangelovits@example.com>, "Betty Angelovitz"
 <bangelovitz@gmail.com>, "Steven Angelow" <sangelow@yahoo.com>,
 "Margaret Angelowsky" <mangelowsky@hotmail.com>, "Paul Angelowski"
 <pangelowski@outlook.com>, "Sandra Angelowsky" <sangelowsky@test.com>,
 "Andrew Angelowsku" <aangelowsku@example.com>, "Ashley Angelowskus"
 <aangelowskus@gmail.com>, "Joshua Angelowitz" <jangelowitz@yahoo.com>,
 "Kimberly Angelovek" <kangelovek@hotmail.com>, "Kenneth Angelov"
 <kangelv@outlook.com>, "Emily Angelovsky" <eangelovsky@test.com>,
 "Kevin Angelovskye" <kangelovskye@example.com>, "Donna Angelovskyes"
 <dangelovskyes@gmail.com>, "Brian Angelovskyi" <bangelovskyi@yahoo.com>,
 "Michelle Angelovsk" <mangelovsk@hotmail.com>, "George Angelovskis"
 <gangelovskis@outlook.com>, "Dorothy Angelia" <dangelia@test.com>,
 "Edward Angelias" <eangelias@example.com>, "Carol Angelias"
 <cangelias@gmail.com>, "Ronald Angelianus" <rangelianus@yahoo.com>,
 "Amanda Angelid" <aangelid@hotmail.com>, "Anthony Angelidis"
 <aangelidis@outlook.com>, "Melissa Angelids" <mangelids@test.com>,
 "Frank Angelidou" <fangelidou@example.com>, "Deborah Angelides"
 <dangelides@gmail.com>, "Ryan Angelidis" <rangelidis@yahoo.com>,
 "Stephanie Angelidou" <sangelidou@hotmail.com>, "Gary Angelidis"
 <gangelidis@outlook.com>, "Rebecca Angelidopoulos"
 <rangelidopoulos@test.com>, "Nicholas Angelidopouli"
 <nangelidopouli@example.com>, "Sharon Angelidopolus"
 <sangelidu@gmail.com>, "Eric Angelidis" <e_angelidis@yahoo.com>,
 "Laura Angelidis" <langelidis@hotmail.com>, "Jonathan Angelidis"
 <jangelidis@outlook.com>, "Joyce Angelidi" <jangelidi@test.com>,
 "Stephen Angelidio" <sangelidio@example.com>, "Victoria Angelidious"
 <vangelidious@gmail.com>, "Larry Angelidis" <langelidis@yahoo.com>,
 "Diane Angelidon" <dangelidon@hotmail.com>, "Justin Angelidoni"
 <jangelidoni@outlook.com>, "Olivia Angelidonio" <oangelidonio@test.com>,
 "Scott Angelidonis" <sangelidonis@example.com>, "Kelly Angelidonishow"
 <kangelidonishow@gmail.com>, "Brandon Angelidonius"
 <bangelidonius@yahoo.com>, "Christina Angelie" <cangelie@hotmail.com>,
 "Benjamin Angelies" <bangelies@outlook.com>, "Lauren Angelies"
 <langelies@test.com>, "Samuel Angelieva" <sangelieva@example.com>,
 "Joan Angelieve" <jangelieve@gmail.com>, "Raymond Angelievich"
 <rangelievich@yahoo.com>, "Evelyn Angelievichs"
 <eangelievichs@hotmail.com>, "Gregory Angelievichso"
 <gangelievichso@outlook.com>, "Judith Angelievna" <jangelievna@test.com>,
 "Alexander Angelievnas" <aangelievnas@example.com>, "Megan Angelievskiy"
 <mangelievskiy@gmail.com>, "Patrick Angelievskys"
 <pangelievskys@yahoo.com>, "Andrea Angelievsky"
 <aangelievsky@hotmail.com>, "Jack Angelievski" <jangelievski@outlook.com>,
 "Cheryl Angelievskis" <cangelievskis@test.com>, "Dennis Angelievskij"
 <dangelievskij@example.com>, "Hannah Angelievskii"
 <hangelievskii@gmail.com>, "Jerry Angelievskij" <jangelievskij@yahoo.com>,
 "Tyler Angellski" <tangellski@hotmail.com>, "Aaron Angellucci"
 <aangellucci@outlook.com>, "Jose Angelle" <jangelle@test.com>,
 "Sean Angellem" <sangellem@example.com>, "Austin Angelletti"
 <aangeletti@gmail.com>, "Carl Angelli" <cangelli@yahoo.com>,
 "Keith Angellia" <kangellia@hotmail.com>, "Robert Angellier"
 <rangellier@outlook.com>, "Patricia Angello" <pangello@test.com>,
 "Michael Angellone" <mangellone@example.com>, "Jennifer Angellos"
 <jangellos@gmail.com>, "William Angellotti" <wangellotti@yahoo.com>,
 "Linda Angellozzi" <langellozzi@hotmail.com>, "David Angellucci"
 <dangellucci@outlook.com>, "Barbara Angelluccis" <bangelluccis@test.com>,
 "Richard Angelluzzo" <rangelluzzo@example.com>, "Elizabeth Angelmano"
 <eangelmano@gmail.com>, "Joseph Angelmann" <jangelmann@yahoo.com>,
 "Susan Angelmas" <sangelmas@hotmail.com>, "Thomas Angelmayer"
 <tangelmayer@outlook.com>, "Jessica Angelmini" <jangelmi@test.com>,
 "Charles Angelmons" <cangelmons@example.com>, "Sarah Angelmyer"
 <sangelmyer@gmail.com>, "Christopher Angelokitsos"
 <cangelokitsos@yahoo.com>, "Karen Angelopoulos"
 <kangelopoulos@hotmail.com>, "Donald Angelopolus"
 <dangelopolus@outlook.com>, "Nancy Angelopoulos" <nangelopoulos@test.com>,
 "Matthew Angelopoulou" <mangelopoulou@example.com>, "Lisa Angelopouli"
 <langelopouli@gmail.com>, "Mark Angeloporta" <mangeloporta@yahoo.com>,
 "Betty Angelora" <bangelora@hotmail.com>, "Steven Angelorsi"
 <sangelorsi@outlook.com>, "Margaret Angelou" <mangelou@test.com>,
 "Paul Angeloura" <pangeloura@example.com>, "Sandra Angelous"
 <sangelous@gmail.com>, "Andrew Angelovard" <aangelovard@yahoo.com>,
 "Ashley Angelovartz" <aangelovartz@hotmail.com>, "Joshua Angelovs"
 <jangelovs@outlook.com>, "Kimberly Angelovitch" <kangelovitch@test.com>,
 "Kenneth Angelovits" <kangelovits@example.com>, "Emily Angelovitz"
 <eangelovitz@gmail.com>, "Kevin Angelova" <kangelova@yahoo.com>,
 "Donna Angelovich" <dangelovich@hotmail.com>, "Brian Angelovics"
 <bangelovics@outlook.com>, "Michelle Angelovitch" <mangelovitch@test.com>,
 "George Angelovitz" <gangelovitz@example.com>, "Dorothy Angelovskis"
 <dangelovskis@gmail.com>, "Edward Angelovskiy" <eangelovskiy@yahoo.com>,
 "Carol Angelovskiy" <cangelovskiy@hotmail.com>, "Ronald Angelovskivs"
 <rangelovskivs@outlook.com>, "Amanda Angelovsky" <aangelovsky@test.com>,
 "Anthony Angelovskys" <aangelovskys@example.com>, "Melissa Angelovskj"
 <mangelovskj@gmail.com>, "Frank Angelovsksi" <fangelovsksi@yahoo.com>,
 "Deborah Angelovska" <dangelovska@hotmail.com>, "Ryan Angelovske"
 <rangelovske@outlook.com>