Content-Type: text/plain
Content-Length: 100
Content-Transfer-Encoding: base64
Content-Disposition: attachment; filename=test.txt
test: testValue
x: finalTestValue
a: firstTestValue
superLong: --LONG----LONG----LONG----LONG----LONG----LONG----LONG----LONG-
 ---LONG----LONG----LONG----LONG----LONG----LONG----LONG----LONG----LONG--
 --LONG----LONG----LONG----LONG----LONG----LONG----LONG----LONG----LONG---
 -LONG----LONG----LONG----LONG----LONG----LONG----LONG----LONG----LONG----
 LONG----LONG----LONG----LONG----LONG----LONG----LONG----LONG----LONG----L
 ONG----LONG----LONG----LONG----LONG----LONG----LONG----LONG----LONG----LO
 NG----LONG----LONG----LONG----LONG----LONG----LONG----LONG----LONG----LON
 G----LONG----LONG----LONG----LONG----LONG----LONG----LONG----LONG----LONG
 ----LONG----LONG----LONG----LONG----LONG----LONG----LONG----LONG----LONG-
 ---LONG----LONG----LONG----LONG----LONG----LONG----LONG----LONG----LONG--
 --LONG----LONG----LONG----LONG----LONG----LONG----LONG----LONG----LONG---
 -LONG----LONG----LONG----LONG----LONG----LONG----LONG----LONG----LONG----
 LONG----LONG----LONG----LONG----LONG----LONG----LONG----LONG----LONG----L
 ONG----LONG----LONG----LONG----LONG----LONG----LONG----LONG----LONG----LO
 NG----LONG----LONG----LONG----LONG----LONG----LONG----LONG----LONG----LON
 G----LONG----LONG----LONG----LONG----LONG----LONG----LONG----LONG----LONG
 ----LONG----LONG----LONG----LONG----LONG----LONG----LONG----LONG----LONG-
 ---LONG----LONG----LONG----LONG----LONG----LONG----LONG----LONG----LONG--
 --LONG----LONG----LONG----LONG----LONG----LONG----LONG----LONG----LONG---
 -LONG----LONG----LONG----LONG----LONG----LONG----LONG----LONG----LONG----
 LONG----LONG----LONG----LONG----LONG----LONG----LONG----LONG----LONG----L
 ONG----LONG----LONG----LONG----LONG----LONG----LONG----LONG----LONG----LO
 NG----LONG----LONG----LONG----LONG----LONG----LONG----LONG----LONG----LON
 G----LONG----LONG----LONG----LONG----LONG----LONG----LONG----LONG----LONG
 ----LONG----LONG----LONG----LONG----LONG----LONG----LONG----LONG----LONG-
 ---LONG----LONG----LONG----LONG----LONG----LONG----LONG----LONG----LONG--
 --LONG----LONG----LONG----LONG----LONG----LONG----LONG----LONG----LONG---
 -LONG----LONG----LONG----LONG----LONG----LONG----LONG----LONG----LONG----
 LONG----LONG----LONG----LONG----LONG----LONG----LONG----LONG----LONG----L
 ONG----LONG----LONG----LONG----LONG----LONG----LONG----LONG----LONG----LO
 NG----LONG----LONG----LONG----LONG----LONG----LONG----LONG----LONG----LON
 G----LONG----LONG----LONG----LONG----LONG----LONG----LONG----LONG----LONG
 ----LONG----LONG----LONG----LONG----LONG----LONG----LONG----LONG----LONG-
 ---LONG----LONG----LONG----LONG----LONG----LONG----LONG----LONG----LONG--
 --LONG----LONG----LONG----LONG----LONG----LONG----LONG----LONG----LONG---
 -LONG----LONG----LONG----LONG----LONG----LONG----LONG----LONG----LONG----
 LONG----LONG----LONG----LONG----LONG----LONG----LONG----LONG----LONG----L
 ONG----LONG----LONG----LONG----LONG----LONG----LONG----LONG----LONG----LO
 NG----LONG----LONG----LONG----LONG----LONG----LONG----LONG----LONG----LON
 G----LONG----LONG----LONG----LONG----LONG----LONG----LONG----LONG----LONG
 ----LONG----LONG----LONG----LONG----LONG----LONG----LONG----LONG----LONG-
 ---LONG----LONG----LONG----LONG----LONG----LONG----LONG----LONG----LONG--
 --LONG----LONG----LONG----LONG----LONG----LONG----LONG----LONG----LONG---
 -LONG----LONG----LONG----LONG----LONG----LONG----LONG----LONG----LONG----
 LONG----LONG----LONG----LONG----LONG----LONG----LONG----LONG----LONG----L
 ONG----LONG----LONG----LONG----LONG----LONG----LONG----LONG----LONG----LO
 NG----LONG----LONG----LONG----LONG----LONG----LONG----LONG----LONG----LON
 G----LONG----LONG----LONG----LONG----LONG----LONG----LONG----LONG----LONG
 ----LONG----LONG----LONG----LONG----LONG----LONG----LONG----LONG----LONG-
 ---LONG----LONG----LONG----LONG----LONG----LONG----LONG----LONG----LONG--
 --LONG----LONG----LONG----LONG----LONG----LONG----LONG----LONG----LONG---
 -LONG----LONG----LONG----LONG----LONG----LONG----LONG----LONG----LONG----
 LONG----LONG----LONG----LONG----LONG----LONG----LONG----LONG----LONG----L
 ONG----LONG----LONG----LONG----LONG----LONG----LONG----LONG----LONG----LO
 NG----LONG----LONG----LONG----LONG----LONG----LONG----LONG----LONG----LON
 G----LONG----LONG----LONG----LONG----LONG----LONG----LONG----LONG----LONG
 ----LONG----LONG----LONG----LONG----LONG----LONG----LONG----LONG----LONG-
 ---LONG----LONG----LONG----LONG----LONG----LONG----LONG----LONG----LONG--
 --LONG----LONG----LONG----LONG----LONG----LONG----LONG----LONG----LONG---
 -LONG----LONG----LONG----LONG----LONG----LONG----LONG----LONG----LONG----
 LONG----LONG----LONG----LONG----LONG----LONG----LONG----LONG----LONG----L
 ONG----LONG----LONG----LONG----LONG----LONG----LONG----LONG----LONG----LO
 NG----LONG----LONG----LONG----LONG----LONG----LONG----LONG----LONG----LON
 G----LONG----LONG----LONG----LONG----LONG----LONG----LONG----LONG----LONG
 ----LONG----LONG----LONG----LONG----LONG----LONG----LONG----LONG----LONG-
 ---LONG----LONG----LONG----LONG----LONG----LONG----LONG----LONG----LONG--
 --LONG----LONG----LONG----LONG----LONG----LONG----LONG----LONG----LONG---
 -LONG----LONG----LONG----LONG----LONG----LONG----LONG----LONG----LONG----
 LONG----LONG----LONG----LONG----LONG----LONG----LONG----LONG----LONG----L
 ONG----LONG----LONG----LONG----LONG----LONG----LONG----LONG----LONG----LO
 NG----LONG----LONG----LONG----LONG----LONG----LONG----LONG----LONG----LON
 G----LONG----LONG----LONG----LONG----LONG----LONG----LONG----LONG----LONG
 ----LONG----LONG----LONG----LONG----LONG----LONG----LONG----LONG----LONG-
 ---LONG----LONG----LONG----LONG----LONG----LONG----LONG----LONG----LONG--
 --LONG----LONG----LONG----LONG----LONG----LONG----LONG----LONG----LONG---
 -LONG----LONG----LONG----LONG----LONG----LONG----LONG----LONG----LONG----
 LONG----LONG----LONG----LONG----LONG----LONG----LONG----LONG----LONG----L
 ONG----LONG----LONG----LONG----LONG----LONG----LONG----LONG----LONG----LO
 NG----LONG----LONG----LONG----LONG----LONG----LONG----LONG----LONG----LON
 G----LONG----LONG----LONG----LONG----LONG----LONG----LONG----LONG----LONG
 ----LONG----LONG----LONG----LONG----LONG----LONG----LONG----LONG----LONG-
 ---LONG----LONG----LONG----LONG----LONG----LONG----LONG----LONG----LONG--
 --LONG----LONG----LONG----LONG----LONG----LONG----LONG----LONG----LONG---
 -LONG----LONG----LONG----LONG----LONG----LONG----LONG----LONG----LONG----
 LONG----LONG----LONG----LONG----LONG----LONG----LONG----LONG----LONG----L
 ONG----LONG----LONG----LONG----LONG----LONG----LONG----LONG----LONG----LO
 NG----LONG----LONG----LONG----LONG----LONG----LONG----LONG----LONG----LON
 G----LONG----LONG----LONG----LONG----LONG----LONG----LONG----LONG----LONG
 ----LONG----LONG----LONG----LONG----LONG----LONG----LONG----LONG----LONG-
 ---LONG----LONG----LONG----LONG----LONG----LONG----LONG----LONG----LONG--
 --LONG----LONG----LONG----LONG----LONG----LONG----LONG----LONG----LONG---
 -LONG----LONG----LONG----LONG----LONG----LONG----LONG----LONG----LONG----
 LONG----LONG----LONG----LONG----LONG----LONG----LONG----LONG----LONG----L
 ONG----LONG----LONG----LONG----LONG----LONG----LONG----LONG----LONG----LO
 NG----LONG----LONG----LONG----LONG----LONG----LONG----LONG----LONG----LON
 G----LONG----LONG----LONG----LONG----LONG----LONG----LONG----LONG----LONG
 ----LONG----LONG----LONG----LONG----LONG----LONG----LONG----LONG----LONG-
 ---LONG----LONG----LONG----LONG----LONG----LONG----LONG----LONG----LONG--
 --LONG----LONG----LONG----LONG----LONG----LONG----LONG----LONG----LONG---
 -LONG----LONG----LONG----LONG----LONG----LONG----LONG----LONG----LONG----
 LONG----LONG----LONG----LONG----LONG----LONG----LONG----LONG----LONG----L
 ONG----LONG----LONG----LONG----LONG----LONG----LONG----LONG----LONG----LO
 NG----LONG----LONG----LONG----LONG----LONG----LONG----LONG----LONG----LON
 G----LONG----LONG----LONG----LONG----LONG----LONG----LONG----LONG----LONG
 ----LONG----LONG----LONG----LONG----LONG----LONG----LONG----LONG----LONG-
 ---LONG----LONG----LONG----LONG----LONG----LONG----LONG----LONG----LONG--
 --LONG----LONG----LONG----LONG----LONG----LONG----LONG----LONG----LONG---
 -LONG----LONG----LONG----LONG----LONG----LONG----LONG----LONG----LONG----
 LONG----LONG----LONG----LONG----LONG----LONG----LONG----LONG----LONG----L
 ONG----LONG----LONG----LONG----LONG----LONG----LONG--
unicode: =?UTF-8?b?6L+Z5piv5LiA5Y+l6ZqP5py655qE6K+d6L+Z5piv5LiA5Y+l6ZqP?=
 =?UTF-8?b?5py655qE6K+d6L+Z5piv5LiA5Y+l6ZqP5py655qE6K+d6L+Z5piv5LiA5Y+l?=
 =?UTF-8?b?6ZqP5py655qE6K+d6L+Z5piv5LiA5Y+l6ZqP5py655qE6K+d6L+Z5piv5LiA?=
 =?UTF-8?b?5Y+l6ZqP5py655qE6K+d6L+Z5piv5LiA5Y+l6ZqP5py655qE6K+d6L+Z5piv?=
 =?UTF-8?b?5LiA5Y+l6ZqP5py655qE6K+d6L+Z5piv5LiA5Y+l6ZqP5py655qE6K+d6L+Z?=
 =?UTF-8?b?5piv5LiA5Y+l6ZqP5py655qE6K+d6L+Z5piv5LiA5Y+l6ZqP5py655qE6K+d?=
 =?UTF-8?b?6L+Z5piv5LiA5Y+l6ZqP5py655qE6K+d6L+Z5piv5LiA5Y+l6ZqP5py655qE?=
 =?UTF-8?b?6K+d6L+Z5piv5LiA5Y+l6ZqP5py655qE6K+d6L+Z5piv5LiA5Y+l6ZqP5py6?=
 =?UTF-8?b?55qE6K+d6L+Z5piv5LiA5Y+l6ZqP5py655qE6K+d6L+Z5piv5LiA5Y+l6ZqP?=
 =?UTF-8?b?5py655qE6K+d6L+Z5piv5LiA5Y+l6ZqP5py655qE6K+d6L+Z5piv5LiA5Y+l?=
 =?UTF-8?b?6ZqP5py655qE6K+d6L+Z5piv5LiA5Y+l6ZqP5py655qE6K+d6L+Z5piv5LiA?=
 =?UTF-8?b?5Y+l6ZqP5py655qE6K+d6L+Z5piv5LiA5Y+l6ZqP5py655qE6K+d6L+Z5piv?=
 =?UTF-8?b?5LiA5Y+l6ZqP5py655qE6K+d6L+Z5piv5LiA5Y+l6ZqP5py655qE6K+d6L+Z?=
 =?UTF-8?b?5piv5LiA5Y+l6ZqP5py655qE6K+d6L+Z5piv5LiA5Y+l6ZqP5py655qE6K+d?=
 =?UTF-8?b?6L+Z5piv5LiA5Y+l6ZqP5py655qE6K+d6L+Z5piv5LiA5Y+l6ZqP5py655qE?=
 =?UTF-8?b?6K+d6L+Z5piv5LiA5Y+l6ZqP5py655qE6K+d6L+Z5piv5LiA5Y+l6ZqP5py6?=
 =?UTF-8?b?55qE6K+d6L+Z5piv5LiA5Y+l6ZqP5py655qE6K+d6L+Z5piv5LiA5Y+l6ZqP?=
 =?UTF-8?b?5py655qE6K+d6L+Z5piv5LiA5Y+l6ZqP5py655qE6K+d6L+Z5piv5LiA5Y+l?=
 =?UTF-8?b?6ZqP5py655qE6K+d6L+Z5piv5LiA5Y+l6ZqP5py655qE6K+d6L+Z5piv5LiA?=
 =?UTF-8?b?5Y+l6ZqP5py655qE6K+d6L+Z5piv5LiA5Y+l6ZqP5py655qE6K+d6L+Z5piv?=
 =?UTF-8?b?5LiA5Y+l6ZqP5py655qE6K+d6L+Z5piv5LiA5Y+l6ZqP5py655qE6K+d6L+Z?=
 =?UTF-8?b?5piv5LiA5Y+l6ZqP5py655qE6K+d6L+Z5piv5LiA5Y+l6ZqP5py655qE6K+d?=
 =?UTF-8?b?6L+Z5piv5LiA5Y+l6ZqP5py655qE6K+d6L+Z5piv5LiA5Y+l6ZqP5py655qE?=
 =?UTF-8?b?6K+d6L+Z5piv5LiA5Y+l6ZqP5py655qE6K+d6L+Z5piv5LiA5Y+l6ZqP5py6?=
 =?UTF-8?b?55qE6K+d6L+Z5piv5LiA5Y+l6ZqP5py655qE6K+d6L+Z5piv5LiA5Y+l6ZqP?=
 =?UTF-8?b?5py655qE6K+d6L+Z5piv5LiA5Y+l6ZqP5py655qE6K+d6L+Z5piv5LiA5Y+l?=
 =?UTF-8?b?6ZqP5py655qE6K+d6L+Z5piv5LiA5Y+l6ZqP5py655qE6K+d6L+Z5piv5LiA?=
 =?UTF-8?b?5Y+l6ZqP5py655qE6K+d6L+Z5piv5LiA5Y+l6ZqP5py655qE6K+d6L+Z5piv?=
 =?UTF-8?b?5LiA5Y+l6ZqP5py655qE6K+d6L+Z5piv5LiA5Y+l6ZqP5py655qE6K+d6L+Z?=
 =?UTF-8?b?5piv5LiA5Y+l6ZqP5py655qE6K+d6L+Z5piv5LiA5Y+l6ZqP5py655qE6K+d?=
 =?UTF-8?b?6L+Z5piv5LiA5Y+l6ZqP5py655qE6K+d6L+Z5piv5LiA5Y+l6ZqP5py655qE?=
 =?UTF-8?b?6K+d6L+Z5piv5LiA5Y+l6ZqP5py655qE6K+d6L+Z5piv5LiA5Y+l6ZqP5py6?=
 =?UTF-8?b?55qE6K+d6L+Z5piv5LiA5Y+l6ZqP5py655qE6K+d6L+Z5piv5LiA5Y+l6ZqP?=
 =?UTF-8?b?5py655qE6K+d6L+Z5piv5LiA5Y+l6ZqP5py655qE6K+d6L+Z5piv5LiA5Y+l?=
 =?UTF-8?b?6ZqP5py655qE6K+d6L+Z5piv5LiA5Y+l6ZqP5py655qE6K+d6L+Z5piv5LiA?=
 =?UTF-8?b?5Y+l6ZqP5py655qE6K+d6L+Z5piv5LiA5Y+l6ZqP5py655qE6K+d6L+Z5piv?=
 =?UTF-8?b?5LiA5Y+l6ZqP5py655qE6K+d6L+Z5piv5LiA5Y+l6ZqP5py655qE6K+d6L+Z?=
 =?UTF-8?b?5piv5LiA5Y+l6ZqP5py655qE6K+d6L+Z5piv5LiA5Y+l6ZqP5py655qE6K+d?=
 =?UTF-8?b?6L+Z5piv5LiA5Y+l6ZqP5py655qE6K+d6L+Z5piv5LiA5Y+l6ZqP5py655qE?=
 =?UTF-8?b?6K+d6L+Z5piv5LiA5Y+l6ZqP5py655qE6K+d6L+Z5piv5LiA5Y+l6ZqP5py6?=
 =?UTF-8?b?55qE6K+d6L+Z5piv5LiA5Y+l6ZqP5py655qE6K+d6L+Z5piv5LiA5Y+l6ZqP?=
 =?UTF-8?b?5py655qE6K+d6L+Z5piv5LiA5Y+l6ZqP5py655qE6K+d6L+Z5piv5LiA5Y+l?=
 =?UTF-8?b?6ZqP5py655qE6K+d6L+Z5piv5LiA5Y+l6ZqP5py655qE6K+d6L+Z5piv5LiA?=
 =?UTF-8?b?5Y+l6ZqP5py655qE6K+d6L+Z5piv5LiA5Y+l6ZqP5py655qE6K+d6L+Z5piv?=
 =?UTF-8?b?5LiA5Y+l6ZqP5py655qE6K+d6L+Z5piv5LiA5Y+l6ZqP5py655qE6K+d6L+Z?=
 =?UTF-8?b?5piv5LiA5Y+l6ZqP5py655qE6K+d6L+Z5piv5LiA5Y+l6ZqP5py655qE6K+d?=
 =?UTF-8?b?6L+Z5piv5LiA5Y+l6ZqP5py655qE6K+d6L+Z5piv5LiA5Y+l6ZqP5py655qE?=
 =?UTF-8?b?6K+d6L+Z5piv5LiA5Y+l6ZqP5py655qE6K+d6L+Z5piv5LiA5Y+l6ZqP5py6?=
 =?UTF-8?b?55qE6K+d6L+Z5piv5LiA5Y+l6ZqP5py655qE6K+d6L+Z5piv5LiA5Y+l6ZqP?=
 =?UTF-8?b?5py655qE6K+d6L+Z5piv5LiA5Y+l6ZqP5py655qE6K+d6L+Z5piv5LiA5Y+l?=
 =?UTF-8?b?6ZqP5py655qE6K+d6L+Z5piv5LiA5Y+l6ZqP5py655qE6K+d6L+Z5piv5LiA?=
 =?UTF-8?b?5Y+l6ZqP5py655qE6K+d6L+Z5piv5LiA5Y+l6ZqP5py655qE6K+d6L+Z5piv?=
 =?UTF-8?b?5LiA5Y+l6ZqP5py655qE6K+d6L+Z5piv5LiA5Y+l6ZqP5py655qE6K+d6L+Z?=
 =?UTF-8?b?5piv5LiA5Y+l6ZqP5py655qE6K+d6L+Z5piv5LiA5Y+l6ZqP5py655qE6K+d?=
 =?UTF-8?b?6L+Z5piv5LiA5Y+l6ZqP5py655qE6K+d6L+Z5piv5LiA5Y+l6ZqP5py655qE?=
 =?UTF-8?b?6K+d6L+Z5piv5LiA5Y+l6ZqP5py655qE6K+d6L+Z5piv5LiA5Y+l6ZqP5py6?=
 =?UTF-8?b?55qE6K+d6L+Z5piv5LiA5Y+l6ZqP5py655qE6K+d6L+Z5piv5LiA5Y+l6ZqP?=
 =?UTF-8?b?5py655qE6K+d6L+Z5piv5LiA5Y+l6ZqP5py655qE6K+d6L+Z5piv5LiA5Y+l?=
 =?UTF-8?b?6ZqP5py655qE6K+d6L+Z5piv5LiA5Y+l6ZqP5py655qE6K+d6L+Z5piv5LiA?=
 =?UTF-8?b?5Y+l6ZqP5py655qE6K+d6L+Z5piv5LiA5Y+l6ZqP5py655qE6K+d6L+Z5piv?=
 =?UTF-8?b?5LiA5Y+l6ZqP5py655qE6K+d6L+Z5piv5LiA5Y+l6ZqP5py655qE6K+d6L+Z?=
 =?UTF-8?b?5piv5LiA5Y+l6ZqP5py655qE6K+d6L+Z5piv5LiA5Y+l6ZqP5py655qE6K+d?=
 =?UTF-8?b?6L+Z5piv5LiA5Y+l6ZqP5py655qE6K+d6L+Z5piv5LiA5Y+l6ZqP5py655qE?=
 =?UTF-8?b?6K+d6L+Z5piv5LiA5Y+l6ZqP5py655qE6K+d6L+Z5piv5LiA5Y+l6ZqP5py6?=
 =?UTF-8?b?55qE6K+d6L+Z5piv5LiA5Y+l6ZqP5py655qE6K+d6L+Z5piv5LiA5Y+l6ZqP?=
 =?UTF-8?b?5py655qE6K+d6L+Z5piv5LiA5Y+l6ZqP5py655qE6K+d6L+Z5piv5LiA5Y+l?=
 =?UTF-8?b?6ZqP5py655qE6K+d6L+Z5piv5LiA5Y+l6ZqP5py655qE6K+d6L+Z5piv5LiA?=
 =?UTF-8?b?5Y+l6ZqP5py655qE6K+d6L+Z5piv5LiA5Y+l6ZqP5py655qE6K+d6L+Z5piv?=
 =?UTF-8?b?5LiA5Y+l6ZqP5py655qE6K+d6L+Z5piv5LiA5Y+l6ZqP5py655qE6K+d6L+Z?=
 =?UTF-8?b?5piv5LiA5Y+l6ZqP5py655qE6K+d6L+Z5piv5LiA5Y+l6ZqP5py655qE6K+d?=
 =?UTF-8?b?6L+Z5piv5LiA5Y+l6ZqP5py655qE6K+d6L+Z5piv5LiA5Y+l6ZqP5py655qE?=
 =?UTF-8?b?6K+d6L+Z5piv5LiA5Y+l6ZqP5py655qE6K+d6L+Z5piv5LiA5Y+l6ZqP5py6?=
 =?UTF-8?b?55qE6K+d6L+Z5piv5LiA5Y+l6ZqP5py655qE6K+d6L+Z5piv5LiA5Y+l6ZqP?=
 =?UTF-8?b?5py655qE6K+d6L+Z5piv5LiA5Y+l6ZqP5py655qE6K+d6L+Z5piv5LiA5Y+l?=
 =?UTF-8?b?6ZqP5py655qE6K+d6L+Z5piv5LiA5Y+l6ZqP5py655qE6K+d6L+Z5piv5LiA?=
 =?UTF-8?b?5Y+l6ZqP5py655qE6K+d6L+Z5piv5LiA5Y+l6ZqP5py655qE6K+d6L+Z5piv?=
 =?UTF-8?b?5LiA5Y+l6ZqP5py655qE6K+d6L+Z5piv5LiA5Y+l6ZqP5py655qE6K+d6L+Z?=
 =?UTF-8?b?5piv5LiA5Y+l6ZqP5py655qE6K+d6L+Z5piv5LiA5Y+l6ZqP5py655qE6K+d?=
 =?UTF-8?b?6L+Z5piv5LiA5Y+l6ZqP5py655qE6K+d6L+Z5piv5LiA5Y+l6ZqP5py655qE?=
 =?UTF-8?b?6K+d6L+Z5piv5LiA5Y+l6ZqP5py655qE6K+d6L+Z5piv5LiA5Y+l6ZqP5py6?=
 =?UTF-8?b?55qE6K+d6L+Z5piv5LiA5Y+l6ZqP5py655qE6K+d6L+Z5piv5LiA5Y+l6ZqP?=
 =?UTF-8?b?5py655qE6K+d6L+Z5piv5LiA5Y+l6ZqP5py655qE6K+d6L+Z5piv5LiA5Y+l?=
 =?UTF-8?b?6ZqP5py655qE6K+d6L+Z5piv5LiA5Y+l6ZqP5py655qE6K+d6L+Z5piv5LiA?=
 =?UTF-8?b?5Y+l6ZqP5py655qE6K+d6L+Z5piv5LiA5Y+l6ZqP5py655qE6K+d6L+Z5piv?=
 =?UTF-8?b?5LiA5Y+l6ZqP5py655qE6K+d6L+Z5piv5LiA5Y+l6ZqP5py655qE6K+d6L+Z?=
 =?UTF-8?b?5piv5LiA5Y+l6ZqP5py655qE6K+d6L+Z5piv5LiA5Y+l6ZqP5py655qE6K+d?=
 =?UTF-8?b?6L+Z5piv5LiA5Y+l6ZqP5py655qE6K+d6L+Z5piv5LiA5Y+l6ZqP5py655qE?=
 =?UTF-8?b?6K+d6L+Z5piv5LiA5Y+l6ZqP5py655qE6K+d6L+Z5piv5LiA5Y+l6ZqP5py6?=
 =?UTF-8?b?55qE6K+d6L+Z5piv5LiA5Y+l6ZqP5py655qE6K+d6L+Z5piv5LiA5Y+l6ZqP?=
 =?UTF-8?b?5py655qE6K+d6L+Z5piv5LiA5Y+l6ZqP5py655qE6K+d6L+Z5piv5LiA5Y+l?=
 =?UTF-8?b?6ZqP5py655qE6K+d6L+Z5piv5LiA5Y+l6ZqP5py655qE6K+d6L+Z5piv5LiA?=
 =?UTF-8?b?5Y+l6ZqP5py655qE6K+d6L+Z5piv5LiA5Y+l6ZqP5py655qE6K+d6L+Z5piv?=
 =?UTF-8?b?5LiA5Y+l6ZqP5py655qE6K+d6L+Z5piv5LiA5Y+l6ZqP5py655qE6K+d6L+Z?=
 =?UTF-8?b?5piv5LiA5Y+l6ZqP5py655qE6K+d6L+Z5piv5LiA5Y+l6ZqP5py655qE6K+d?=
 =?UTF-8?b?6L+Z5piv5LiA5Y+l6ZqP5py655qE6K+d6L+Z5piv5LiA5Y+l6ZqP5py655qE?=
 =?UTF-8?b?6K+d6L+Z5piv5LiA5Y+l6ZqP5py655qE6K+d6L+Z5piv5LiA5Y+l6ZqP5py6?=
 =?UTF-8?b?55qE6K+d6L+Z5piv5LiA5Y+l6ZqP5py655qE6K+d6L+Z5piv5LiA5Y+l6ZqP?=
 =?UTF-8?b?5py655qE6K+d6L+Z5piv5LiA5Y+l6ZqP5py655qE6K+d6L+Z5piv5LiA5Y+l?=
 =?UTF-8?b?6ZqP5py655qE6K+d6L+Z5piv5LiA5Y+l6ZqP5py655qE6K+d6L+Z5piv5LiA?=
 =?UTF-8?b?5Y+l6ZqP5py655qE6K+d6L+Z5piv5LiA5Y+l6ZqP5py655qE6K+d6L+Z5piv?=
 =?UTF-8?b?5LiA5Y+l6ZqP5py655qE6K+d6L+Z5piv5LiA5Y+l6ZqP5py655qE6K+d6L+Z?=
 =?UTF-8?b?5piv5LiA5Y+l6ZqP5py655qE6K+d6L+Z5piv5LiA5Y+l6ZqP5py655qE6K+d?=
 =?UTF-8?b?6L+Z5piv5LiA5Y+l6ZqP5py655qE6K+d6L+Z5piv5LiA5Y+l6ZqP5py655qE?=
 =?UTF-8?b?6K+d6L+Z5piv5LiA5Y+l6ZqP5py655qE6K+d6L+Z5piv5LiA5Y+l6ZqP5py6?=
 =?UTF-8?b?55qE6K+d6L+Z5piv5LiA5Y+l6ZqP5py655qE6K+d6L+Z5piv5LiA5Y+l6ZqP?=
 =?UTF-8?b?5py655qE6K+d6L+Z5piv5LiA5Y+l6ZqP5py655qE6K+d6L+Z5piv5LiA5Y+l?=
 =?UTF-8?b?6ZqP5py655qE6K+d6L+Z5piv5LiA5Y+l6ZqP5py655qE6K+d6L+Z5piv5LiA?=
 =?UTF-8?b?5Y+l6ZqP5py655qE6K+d6L+Z5piv5LiA5Y+l6ZqP5py655qE6K+d6L+Z5piv?=
 =?UTF-8?b?5LiA5Y+l6ZqP5py655qE6K+d6L+Z5piv5LiA5Y+l6ZqP5py655qE6K+d6L+Z?=
 =?UTF-8?b?5piv5LiA5Y+l6ZqP5py655qE6K+d6L+Z5piv5LiA5Y+l6ZqP5py655qE6K+d?=
 =?UTF-8?b?6L+Z5piv5LiA5Y+l6ZqP5py655qE6K+d6L+Z5piv5LiA5Y+l6ZqP5py655qE?=
 =?UTF-8?b?6K+d6L+Z5piv5LiA5Y+l6ZqP5py655qE6K+d6L+Z5piv5LiA5Y+l6ZqP5py6?=
 =?UTF-8?b?55qE6K+d6L+Z5piv5LiA5Y+l6ZqP5py655qE6K+d6L+Z5piv5LiA5Y+l6ZqP?=
 =?UTF-8?b?5py655qE6K+d6L+Z5piv5LiA5Y+l6ZqP5py655qE6K+d6L+Z5piv5LiA5Y+l?=
 =?UTF-8?b?6ZqP5py655qE6K+d6L+Z5piv5LiA5Y+l6ZqP5py655qE6K+d6L+Z5piv5LiA?=
 =?UTF-8?b?5Y+l6ZqP5py655qE6K+d6L+Z5piv5LiA5Y+l6ZqP5py655qE6K+d6L+Z5piv?=
 =?UTF-8?b?5LiA5Y+l6ZqP5py655qE6K+d6L+Z5piv5LiA5Y+l6ZqP5py655qE6K+d6L+Z?=
 =?UTF-8?b?5piv5LiA5Y+l6ZqP5py655qE6K+d6L+Z5piv5LiA5Y+l6ZqP5py655qE6K+d?=
 =?UTF-8?b?6L+Z5piv5LiA5Y+l6ZqP5py655qE6K+d6L+Z5piv5LiA5Y+l6ZqP5py655qE?=
 =?UTF-8?b?6K+d6L+Z5piv5LiA5Y+l6ZqP5py655qE6K+d6L+Z5piv5LiA5Y+l6ZqP5py6?=
 =?UTF-8?b?55qE6K+d6L+Z5piv5LiA5Y+l6ZqP5py655qE6K+d6L+Z5piv5LiA5Y+l6ZqP?=
 =?UTF-8?b?5py655qE6K+d6L+Z5piv5LiA5Y+l6ZqP5py655qE6K+d6L+Z5piv5LiA5Y+l?=
 =?UTF-8?b?6ZqP5py655qE6K+d6L+Z5piv5LiA5Y+l6ZqP5py655qE6K+d6L+Z5piv5LiA?=
 =?UTF-8?b?5Y+l6ZqP5py655qE6K+d6L+Z5piv5LiA5Y+l6ZqP5py655qE6K+d6L+Z5piv?=
 =?UTF-8?b?5LiA5Y+l6ZqP5py655qE6K+d6L+Z5piv5LiA5Y+l6ZqP5py655qE6K+d6L+Z?=
 =?UTF-8?b?5piv5LiA5Y+l6ZqP5py655qE6K+d6L+Z5piv5LiA5Y+l6ZqP5py655qE6K+d?=
 =?UTF-8?b?6L+Z5piv5LiA5Y+l6ZqP5py655qE6K+d6L+Z5piv5LiA5Y+l6ZqP5py655qE?=
 =?UTF-8?b?6K+d6L+Z5piv5LiA5Y+l6ZqP5py655qE6K+d6L+Z5piv5LiA5Y+l6ZqP5py6?=
 =?UTF-8?b?55qE6K+d6L+Z5piv5LiA5Y+l6ZqP5py655qE6K+d6L+Z5piv5LiA5Y+l6ZqP?=
 =?UTF-8?b?5py655qE6K+d6L+Z5piv5LiA5Y+l6ZqP5py655qE6K+d6L+Z5piv5LiA5Y+l?=
 =?UTF-8?b?6ZqP5py655qE6K+d6L+Z5piv5LiA5Y+l6ZqP5py655qE6K+d6L+Z5piv5LiA?=
 =?UTF-8?b?5Y+l6ZqP5py655qE6K+d6L+Z5piv5LiA5Y+l6ZqP5py655qE6K+d6L+Z5piv?=
 =?UTF-8?b?5LiA5Y+l6ZqP5py655qE6K+d6L+Z5piv5LiA5Y+l6ZqP5py655qE6K+d6L+Z?=
 =?UTF-8?b?5piv5LiA5Y+l6ZqP5py655qE6K+d6L+Z5piv5LiA5Y+l6ZqP5py655qE6K+d?=
 =?UTF-8?b?6L+Z5piv5LiA5Y+l6ZqP5py655qE6K+d6L+Z5piv5LiA5Y+l6ZqP5py655qE?=
 =?UTF-8?b?6K+d6L+Z5piv5LiA5Y+l6ZqP5py655qE6K+d6L+Z5piv5LiA5Y+l6ZqP5py6?=
 =?UTF-8?b?55qE6K+d6L+Z5piv5LiA5Y+l6ZqP5py655qE6K+d6L+Z5piv5LiA5Y+l6ZqP?=
 =?UTF-8?b?5py655qE6K+d6L+Z5piv5LiA5Y+l6ZqP5py655qE6K+d6L+Z5piv5LiA5Y+l?=
 =?UTF-8?b?6ZqP5py655qE6K+d6L+Z5piv5LiA5Y+l6ZqP5py655qE6K+d6L+Z5piv5LiA?=
 =?UTF-8?b?5Y+l6ZqP5py655qE6K+d6L+Z5piv5LiA5Y+l6ZqP5py655qE6K+d6L+Z5piv?=
 =?UTF-8?b?5LiA5Y+l6ZqP5py655qE6K+d6L+Z5piv5LiA5Y+l6ZqP5py655qE6K+d6L+Z?=
 =?UTF-8?b?5piv5LiA5Y+l6ZqP5py655qE6K+d6L+Z5piv5LiA5Y+l6ZqP5py655qE6K+d?=
 =?UTF-8?b?6L+Z5piv5LiA5Y+l6ZqP5py655qE6K+d6L+Z5piv5LiA5Y+l6ZqP5py655qE?=
 =?UTF-8?b?6K+d6L+Z5piv5LiA5Y+l6ZqP5py655qE6K+d6L+Z5piv5LiA5Y+l6ZqP5py6?=
 =?UTF-8?b?55qE6K+d6L+Z5piv5LiA5Y+l6ZqP5py655qE6K+d6L+Z5piv5LiA5Y+l6ZqP?=
 =?UTF-8?b?5py655qE6K+d6L+Z5piv5LiA5Y+l6ZqP5py655qE6K+d6L+Z5piv5LiA5Y+l?=
 =?UTF-8?b?6ZqP5py655qE6K+d6L+Z5piv5LiA5Y+l6ZqP5py655qE6K+d6L+Z5piv5LiA?=
 =?UTF-8?b?5Y+l6ZqP5py655qE6K+d6L+Z5piv5LiA5Y+l6ZqP5py655qE6K+d6L+Z5piv?=
 =?UTF-8?b?5LiA5Y+l6ZqP5py655qE6K+d6L+Z5piv5LiA5Y+l6ZqP5py655qE6K+d6L+Z?=
 =?UTF-8?b?5piv5LiA5Y+l6ZqP5py655qE6K+d6L+Z5piv5LiA5Y+l6ZqP5py655qE6K+d?=
 =?UTF-8?b?6L+Z5piv5LiA5Y+l6ZqP5py655qE6K+d6L+Z5piv5LiA5Y+l6ZqP5py655qE?=
 =?UTF-8?b?6K+d6L+Z5piv5LiA5Y+l6ZqP5py655qE6K+d6L+Z5piv5LiA5Y+l6ZqP5py6?=
 =?UTF-8?b?55qE6K+d6L+Z5piv5LiA5Y+l6ZqP5py655qE6K+d6L+Z5piv5LiA5Y+l6ZqP?=
 =?UTF-8?b?5py655qE6K+d6L+Z5piv5LiA5Y+l6ZqP5py655qE6K+d6L+Z5piv5LiA5Y+l?=
 =?UTF-8?b?6ZqP5py655qE6K+d6L+Z5piv5LiA5Y+l6ZqP5py655qE6K+d6L+Z5piv5LiA?=
 =?UTF-8?b?5Y+l6ZqP5py655qE6K+d6L+Z5piv5LiA5Y+l6ZqP5py655qE6K+d6L+Z5piv?=
 =?UTF-8?b?5LiA5Y+l6ZqP5py655qE6K+d6L+Z5piv5LiA5Y+l6ZqP5py655qE6K+d6L+Z?=
 =?UTF-8?b?5piv5LiA5Y+l6ZqP5py655qE6K+d6L+Z5piv5LiA5Y+l6ZqP5py655qE6K+d?=
 =?UTF-8?b?6L+Z5piv5LiA5Y+l6ZqP5py655qE6K+d6L+Z5piv5LiA5Y+l6ZqP5py655qE?=
 =?UTF-8?b?6K+d6L+Z5piv5LiA5Y+l6ZqP5py655qE6K+d6L+Z5piv5LiA5Y+l6ZqP5py6?=
 =?UTF-8?b?55qE6K+d6L+Z5piv5LiA5Y+l6ZqP5py655qE6K+d6L+Z5piv5LiA5Y+l6ZqP?=
 =?UTF-8?b?5py655qE6K+d6L+Z5piv5LiA5Y+l6ZqP5py655qE6K+d6L+Z5piv5LiA5Y+l?=
 =?UTF-8?b?6ZqP5py655qE6K+d6L+Z5piv5LiA5Y+l6ZqP5py655qE6K+d6L+Z5piv5LiA?=
 =?UTF-8?b?5Y+l6ZqP5py655qE6K+d6L+Z5piv5LiA5Y+l6ZqP5py655qE6K+d6L+Z5piv?=
 =?UTF-8?b?5LiA5Y+l6ZqP5py655qE6K+d6L+Z5piv5LiA5Y+l6ZqP5py655qE6K+d6L+Z?=
 =?UTF-8?b?5piv5LiA5Y+l6ZqP5py655qE6K+d6L+Z5piv5LiA5Y+l6ZqP5py655qE6K+d?=
 =?UTF-8?b?6L+Z5piv5LiA5Y+l6ZqP5py655qE6K+d6L+Z5piv5LiA5Y+l6ZqP5py655qE?=
 =?UTF-8?b?6K+d6L+Z5piv5LiA5Y+l6ZqP5py655qE6K+d6L+Z5piv5LiA5Y+l6ZqP5py6?=
 =?UTF-8?b?55qE6K+d6L+Z5piv5LiA5Y+l6ZqP5py655qE6K+d6L+Z5piv5LiA5Y+l6ZqP?=
 =?UTF-8?b?5py655qE6K+d6L+Z5piv5LiA5Y+l6ZqP5py655qE6K+d6L+Z5piv5LiA5Y+l?=
 =?UTF-8?b?6ZqP5py655qE6K+d6L+Z5piv5LiA5Y+l6ZqP5py655qE6K+d6L+Z5piv5LiA?=
 =?UTF-8?b?5Y+l6ZqP5py655qE6K+d6L+Z5piv5LiA5Y+l6ZqP5py655qE6K+d6L+Z5piv?=
 =?UTF-8?b?5LiA5Y+l6ZqP5py655qE6K+d6L+Z5piv5LiA5Y+l6ZqP5py655qE6K+d6L+Z?=
 =?UTF-8?b?5piv5LiA5Y+l6ZqP5py655qE6K+d6L+Z5piv5LiA5Y+l6ZqP5py655qE6K+d?=
 =?UTF-8?b?6L+Z5piv5LiA5Y+l6ZqP5py655qE6K+d6L+Z5piv5LiA5Y+l6ZqP5py655qE?=
 =?UTF-8?b?6K+d6L+Z5piv5LiA5Y+l6ZqP5py655qE6K+d6L+Z5piv5LiA5Y+l6ZqP5py6?=
 =?UTF-8?b?55qE6K+d6L+Z5piv5LiA5Y+l6ZqP5py655qE6K+d6L+Z5piv5LiA5Y+l6ZqP?=
 =?UTF-8?b?5py655qE6K+d6L+Z5piv5LiA5Y+l6ZqP5py655qE6K+d6L+Z5piv5LiA5Y+l?=
 =?UTF-8?b?6ZqP5py655qE6K+d6L+Z5piv5LiA5Y+l6ZqP5py655qE6K+d6L+Z5piv5LiA?=
 =?UTF-8?b?5Y+l6ZqP5py655qE6K+d6L+Z5piv5LiA5Y+l6ZqP5py655qE6K+d6L+Z5piv?=
 =?UTF-8?b?5LiA5Y+l6ZqP5py655qE6K+d6L+Z5piv5LiA5Y+l6ZqP5py655qE6K+d6L+Z?=
 =?UTF-8?b?5piv5LiA5Y+l6ZqP5py655qE6K+d6L+Z5piv5LiA5Y+l6ZqP5py655qE6K+d?=
 =?UTF-8?b?6L+Z5piv5LiA5Y+l6ZqP5py655qE6K+d6L+Z5piv5LiA5Y+l6ZqP5py655qE?=
 =?UTF-8?b?6K+d6L+Z5piv5LiA5Y+l6ZqP5py655qE6K+d6L+Z5piv5LiA5Y+l6ZqP5py6?=
 =?UTF-8?b?55qE6K+d6L+Z5piv5LiA5Y+l6ZqP5py655qE6K+d6L+Z5piv5LiA5Y+l6ZqP?=
 =?UTF-8?b?5py655qE6K+d6L+Z5piv5LiA5Y+l6ZqP5py655qE6K+d6L+Z5piv5LiA5Y+l?=
 =?UTF-8?b?6ZqP5py655qE6K+d6L+Z5piv5LiA5Y+l6ZqP5py655qE6K+d6L+Z5piv5LiA?=
 =?UTF-8?b?5Y+l6ZqP5py655qE6K+d6L+Z5piv5LiA5Y+l6ZqP5py655qE6K+d6L+Z5piv?=
 =?UTF-8?b?5LiA5Y+l6ZqP5py655qE6K+d6L+Z5piv5LiA5Y+l6ZqP5py655qE6K+d6L+Z?=
 =?UTF-8?b?5piv5LiA5Y+l6ZqP5py655qE6K+d6L+Z5piv5LiA5Y+l6ZqP5py655qE6K+d?=
 =?UTF-8?b?6L+Z5piv5LiA5Y+l6ZqP5py655qE6K+d6L+Z5piv5LiA5Y+l6ZqP5py655qE?=
 =?UTF-8?b?6K+d6L+Z5piv5LiA5Y+l6ZqP5py655qE6K+d6L+Z5piv5LiA5Y+l6ZqP5py6?=
 =?UTF-8?b?55qE6K+d6L+Z5piv5LiA5Y+l6ZqP5py655qE6K+d6L+Z5piv5LiA5Y+l6ZqP?=
 =?UTF-8?b?5py655qE6K+d6L+Z5piv5LiA5Y+l6ZqP5py655qE6K+d6L+Z5piv5LiA5Y+l?=
 =?UTF-8?b?6ZqP5py655qE6K+d6L+Z5piv5LiA5Y+l6ZqP5py655qE6K+d6L+Z5piv5LiA?=
 =?UTF-8?b?5Y+l6ZqP5py655qE6K+d6L+Z5piv5LiA5Y+l6ZqP5py655qE6K+d6L+Z5piv?=
 =?UTF-8?b?5LiA5Y+l6ZqP5py655qE6K+d6L+Z5piv5LiA5Y+l6ZqP5py655qE6K+d6L+Z?=
 =?UTF-8?b?5piv5LiA5Y+l6ZqP5py655qE6K+d6L+Z5piv5LiA5Y+l6ZqP5py655qE6K+d?=
 =?UTF-8?b?6L+Z5piv5LiA5Y+l6ZqP5py655qE6K+d6L+Z5piv5LiA5Y+l6ZqP5py655qE?=
 =?UTF-8?b?6K+d6L+Z5piv5LiA5Y+l6ZqP5py655qE6K+d6L+Z5piv5LiA5Y+l6ZqP5py6?=
 =?UTF-8?b?55qE6K+d6L+Z5piv5LiA5Y+l6ZqP5py655qE6K+d6L+Z5piv5LiA5Y+l6ZqP?=
 =?UTF-8?b?5py655qE6K+d6L+Z5piv5LiA5Y+l6ZqP5py655qE6K+d6L+Z5piv5LiA5Y+l?=
 =?UTF-8?b?6ZqP5py655qE6K+d6L+Z5piv5LiA5Y+l6ZqP5py655qE6K+d6L+Z5piv5LiA?=
 =?UTF-8?b?5Y+l6ZqP5py655qE6K+d6L+Z5piv5LiA5Y+l6ZqP5py655qE6K+d6L+Z5piv?=
 =?UTF-8?b?5LiA5Y+l6ZqP5py655qE6K+d6L+Z5piv5LiA5Y+l6ZqP5py655qE6K+d6L+Z?=
 =?UTF-8?b?5piv5LiA5Y+l6ZqP5py655qE6K+d6L+Z5piv5LiA5Y+l6ZqP5py655qE6K+d?=
 =?UTF-8?b?6L+Z5piv5LiA5Y+l6ZqP5py655qE6K+d6L+Z5piv5LiA5Y+l6ZqP5py655qE?=
 =?UTF-8?b?6K+d6L+Z5piv5LiA5Y+l6ZqP5py655qE6K+d6L+Z5piv5LiA5Y+l6ZqP5py6?=
 =?UTF-8?b?55qE6K+d6L+Z5piv5LiA5Y+l6ZqP5py655qE6K+d6L+Z5piv5LiA5Y+l6ZqP?=
 =?UTF-8?b?5py655qE6K+d6L+Z5piv5LiA5Y+l6ZqP5py655qE6K+d6L+Z5piv5LiA5Y+l?=
 =?UTF-8?b?6ZqP5py655qE6K+d6L+Z5piv5LiA5Y+l6ZqP5py655qE6K+d6L+Z5piv5LiA?=
 =?UTF-8?b?5Y+l6ZqP5py655qE6K+d6L+Z5piv5LiA5Y+l6ZqP5py655qE6K+d6L+Z5piv?=
 =?UTF-8?b?5LiA5Y+l6ZqP5py655qE6K+d6L+Z5piv5LiA5Y+l6ZqP5py655qE6K+d6L+Z?=
 =?UTF-8?b?5piv5LiA5Y+l6ZqP5py655qE6K+d6L+Z5piv5LiA5Y+l6ZqP5py655qE6K+d?=
 =?UTF-8?b?6L+Z5piv5LiA5Y+l6ZqP5py655qE6K+d6L+Z5piv5LiA5Y+l6ZqP5py655qE?=
 =?UTF-8?b?6K+d6L+Z5piv5LiA5Y+l6ZqP5py655qE6K+d6L+Z5piv5LiA5Y+l6ZqP5py6?=
 =?UTF-8?b?55qE6K+d6L+Z5piv5LiA5Y+l6ZqP5py655qE6K+d6L+Z5piv5LiA5Y+l6ZqP?=
 =?UTF-8?b?5py655qE6K+d6L+Z5piv5LiA5Y+l6ZqP5py655qE6K+d6L+Z5piv5LiA5Y+l?=
 =?UTF-8?b?6ZqP5py655qE6K+d6L+Z5piv5LiA5Y+l6ZqP5py655qE6K+d6L+Z5piv5LiA?=
 =?UTF-8?b?5Y+l6ZqP5py655qE6K+d6L+Z5piv5LiA5Y+l6ZqP5py655qE6K+d6L+Z5piv?=
 =?UTF-8?b?5LiA5Y+l6ZqP5py655qE6K+d6L+Z5piv5LiA5Y+l6ZqP5py655qE6K+d6L+Z?=
 =?UTF-8?b?5piv5LiA5Y+l6ZqP5py655qE6K+d6L+Z5piv5LiA5Y+l6ZqP5py655qE6K+d?=
 =?UTF-8?b?6L+Z5piv5LiA5Y+l6ZqP5py655qE6K+d6L+Z5piv5LiA5Y+l6ZqP5py655qE?=
 =?UTF-8?b?6K+d6L+Z5piv5LiA5Y+l6ZqP5py655qE6K+d6L+Z5piv5LiA5Y+l6ZqP5py6?=
 =?UTF-8?b?55qE6K+d6L+Z5piv5LiA5Y+l6ZqP5py655qE6K+d6L+Z5piv5LiA5Y+l6ZqP?=
 =?UTF-8?b?5py655qE6K+d6L+Z5piv5LiA5Y+l6ZqP5py655qE6K+d6L+Z5piv5LiA5Y+l?=
 =?UTF-8?b?6ZqP5py655qE6K+d6L+Z5piv5LiA5Y+l6ZqP5py655qE6K+d6L+Z5piv5LiA?=
 =?UTF-8?b?5Y+l6ZqP5py655qE6K+d6L+Z5piv5LiA5Y+l6ZqP5py655qE6K+d6L+Z5piv?=
 =?UTF-8?b?5LiA5Y+l6ZqP5py655qE6K+d6L+Z5piv5LiA5Y+l6ZqP5py655qE6K+d6L+Z?=
 =?UTF-8?b?5piv5LiA5Y+l6ZqP5py655qE6K+d6L+Z5piv5LiA5Y+l6ZqP5py655qE6K+d?=
 =?UTF-8?b?6L+Z5piv5LiA5Y+l6ZqP5py655qE6K+d6L+Z5piv5LiA5Y+l6ZqP5py655qE?=
 =?UTF-8?b?6K+d6L+Z5piv5LiA5Y+l6ZqP5py655qE6K+d6L+Z5piv5LiA5Y+l6ZqP5py6?=
 =?UTF-8?b?55qE6K+d6L+Z5piv5LiA5Y+l6ZqP5py655qE6K+d6L+Z5piv5LiA5Y+l6ZqP?=
 =?UTF-8?b?5py655qE6K+d6L+Z5piv5LiA5Y+l6ZqP5py655qE6K+d6L+Z5piv5LiA5Y+l?=
 =?UTF-8?b?6ZqP5py655qE6K+d6L+Z5piv5LiA5Y+l6ZqP5py655qE6K+d6L+Z5piv5LiA?=
 =?UTF-8?b?5Y+l6ZqP5py655qE6K+d6L+Z5piv5LiA5Y+l6ZqP5py655qE6K+d6L+Z5piv?=
 =?UTF-8?b?5LiA5Y+l6ZqP5py655qE6K+d6L+Z5piv5LiA5Y+l6ZqP5py655qE6K+d6L+Z?=
 =?UTF-8?b?5piv5LiA5Y+l6ZqP5py655qE6K+d6L+Z5piv5LiA5Y+l6ZqP5py655qE6K+d?=
 =?UTF-8?b?6L+Z5piv5LiA5Y+l6ZqP5py655qE6K+d6L+Z5piv5LiA5Y+l6ZqP5py655qE?=
 =?UTF-8?b?6K+d6L+Z5piv5LiA5Y+l6ZqP5py655qE6K+d6L+Z5piv5LiA5Y+l6ZqP5py6?=
 =?UTF-8?b?55qE6K+d6L+Z5piv5LiA5Y+l6ZqP5py655qE6K+d6L+Z5piv5LiA5Y+l6ZqP?=
 =?UTF-8?b?5py655qE6K+d6L+Z5piv5LiA5Y+l6ZqP5py655qE6K+d6L+Z5piv5LiA5Y+l?=
 =?UTF-8?b?6ZqP5py655qE6K+d6L+Z5piv5LiA5Y+l6ZqP5py655qE6K+d6L+Z5piv5LiA?=
 =?UTF-8?b?5Y+l6ZqP5py655qE6K+d6L+Z5piv5LiA5Y+l6ZqP5py655qE6K+d6L+Z5piv?=
 =?UTF-8?b?5LiA5Y+l6ZqP5py655qE6K+d6L+Z5piv5LiA5Y+l6ZqP5py655qE6K+d6L+Z?=
 =?UTF-8?b?5piv5LiA5Y+l6ZqP5py655qE6K+d6L+Z5piv5LiA5Y+l6ZqP5py655qE6K+d?=
 =?UTF-8?b?6L+Z5piv5LiA5Y+l6ZqP5py655qE6K+d6L+Z5piv5LiA5Y+l6ZqP5py655qE?=
 =?UTF-8?b?6K+d6L+Z5piv5LiA5Y+l6ZqP5py655qE6K+d6L+Z5piv5LiA5Y+l6ZqP5py6?=
 =?UTF-8?b?55qE6K+d6L+Z5piv5LiA5Y+l6ZqP5py655qE6K+d6L+Z5piv5LiA5Y+l6ZqP?=
 =?UTF-8?b?5py655qE6K+d6L+Z5piv5LiA5Y+l6ZqP5py655qE6K+d6L+Z5piv5LiA5Y+l?=
 =?UTF-8?b?6ZqP5py655qE6K+d6L+Z5piv5LiA5Y+l6ZqP5py655qE6K+d6L+Z5piv5LiA?=
 =?UTF-8?b?5Y+l6ZqP5py655qE6K+d6L+Z5piv5LiA5Y+l6ZqP5py655qE6K+d6L+Z5piv?=
 =?UTF-8?b?5LiA5Y+l6ZqP5py655qE6K+d6L+Z5piv5LiA5Y+l6ZqP5py655qE6K+d6L+Z?=
 =?UTF-8?b?5piv5LiA5Y+l6ZqP5py655qE6K+d6L+Z5piv5LiA5Y+l6ZqP5py655qE6K+d?=
 =?UTF-8?b?6L+Z5piv5LiA5Y+l6ZqP5py655qE6K+d6L+Z5piv5LiA5Y+l6ZqP5py655qE?=
 =?UTF-8?b?6K+d6L+Z5piv5LiA5Y+l6ZqP5py655qE6K+d6L+Z5piv5LiA5Y+l6ZqP5py6?=
 =?UTF-8?b?55qE6K+d6L+Z5piv5LiA5Y+l6ZqP5py655qE6K+d6L+Z5piv5LiA5Y+l6ZqP?=
 =?UTF-8?b?5py655qE6K+d6L+Z5piv5LiA5Y+l6ZqP5py655qE6K+d6L+Z5piv5LiA5Y+l?=
 =?UTF-8?b?6ZqP5py655qE6K+d6L+Z5piv5LiA5Y+l6ZqP5py655qE6K+d6L+Z5piv5LiA?=
 =?UTF-8?b?5Y+l6ZqP5py655qE6K+d6L+Z5piv5LiA5Y+l6ZqP5py655qE6K+d6L+Z5piv?=
 =?UTF-8?b?5LiA5Y+l6ZqP5py655qE6K+d6L+Z5piv5LiA5Y+l6ZqP5py655qE6K+d6L+Z?=
 =?UTF-8?b?5piv5LiA5Y+l6ZqP5py655qE6K+d6L+Z5piv5LiA5Y+l6ZqP5py655qE6K+d?=
 =?UTF-8?b?6L+Z5piv5LiA5Y+l6ZqP5py655qE6K+d6L+Z5piv5LiA5Y+l6ZqP5py655qE?=
 =?UTF-8?b?6K+d6L+Z5piv5LiA5Y+l6ZqP5py655qE6K+d6L+Z5piv5LiA5Y+l6ZqP5py6?=
 =?UTF-8?b?55qE6K+d6L+Z5piv5LiA5Y+l6ZqP5py655qE6K+d6L+Z5piv5LiA5Y+l6ZqP?=
 =?UTF-8?b?5py655qE6K+d6L+Z5piv5LiA5Y+l6ZqP5py655qE6K+d6L+Z5piv5LiA5Y+l?=
 =?UTF-8?b?6ZqP5py655qE6K+d6L+Z5piv5LiA5Y+l6ZqP5py655qE6K+d6L+Z5piv5LiA?=
 =?UTF-8?b?5Y+l6ZqP5py655qE6K+d6L+Z5piv5LiA5Y+l6ZqP5py655qE6K+d6L+Z5piv?=
 =?UTF-8?b?5LiA5Y+l6ZqP5py655qE6K+d6L+Z5piv5LiA5Y+l6ZqP5py655qE6K+d6L+Z?=
 =?UTF-8?b?5piv5LiA5Y+l6ZqP5py655qE6K+d6L+Z5piv5LiA5Y+l6ZqP5py655qE6K+d?=
 =?UTF-8?b?6L+Z5piv5LiA5Y+l6ZqP5py655qE6K+d6L+Z5piv5LiA5Y+l6ZqP5py655qE?=
 =?UTF-8?b?6K+d6L+Z5piv5LiA5Y+l6ZqP5py655qE6K+d6L+Z5piv5LiA5Y+l6ZqP5py6?=
 =?UTF-8?b?55qE6K+d6L+Z5piv5LiA5Y+l6ZqP5py655qE6K+d6L+Z5piv5LiA5Y+l6ZqP?=
 =?UTF-8?b?5py655qE6K+d6L+Z5piv5LiA5Y+l6ZqP5py655qE6K+d6L+Z5piv5LiA5Y+l?=
 =?UTF-8?b?6ZqP5py655qE6K+d6L+Z5piv5LiA5Y+l6ZqP5py655qE6K+d6L+Z5piv5LiA?=
 =?UTF-8?b?5Y+l6ZqP5py655qE6K+d6L+Z5piv5LiA5Y+l6ZqP5py655qE6K+d6L+Z5piv?=
 =?UTF-8?b?5LiA5Y+l6ZqP5py655qE6K+d6L+Z5piv5LiA5Y+l6ZqP5py655qE6K+d6L+Z?=
 =?UTF-8?b?5piv5LiA5Y+l6ZqP5py655qE6K+d6L+Z5piv5LiA5Y+l6ZqP5py655qE6K+d?=
 =?UTF-8?b?6L+Z5piv5LiA5Y+l6ZqP5py655qE6K+d6L+Z5piv5LiA5Y+l6ZqP5py655qE?=
 =?UTF-8?b?6K+d6L+Z5piv5LiA5Y+l6ZqP5py655qE6K+d6L+Z5piv5LiA5Y+l6ZqP5py6?=
 =?UTF-8?b?55qE6K+d6L+Z5piv5LiA5Y+l6ZqP5py655qE6K+d6L+Z5piv5LiA5Y+l6ZqP?=
 =?UTF-8?b?5py655qE6K+d6L+Z5piv5LiA5Y+l6ZqP5py655qE6K+d6L+Z5piv5LiA5Y+l?=
 =?UTF-8?b?6ZqP5py655qE6K+d6L+Z5piv5LiA5Y+l6ZqP5py655qE6K+d6L+Z5piv5LiA?=
 =?UTF-8?b?5Y+l6ZqP5py655qE6K+d6L+Z5piv5LiA5Y+l6ZqP5py655qE6K+d6L+Z5piv?=
 =?UTF-8?b?5LiA5Y+l6ZqP5py655qE6K+d6L+Z5piv5LiA5Y+l6ZqP5py655qE6K+d6L+Z?=
 =?UTF-8?b?5piv5LiA5Y+l6ZqP5py655qE6K+d6L+Z5piv5LiA5Y+l6ZqP5py655qE6K+d?=
 =?UTF-8?b?6L+Z5piv5LiA5Y+l6ZqP5py655qE6K+d6L+Z5piv5LiA5Y+l6ZqP5py655qE?=
 =?UTF-8?b?6K+d6L+Z5piv5LiA5Y+l6ZqP5py655qE6K+d6L+Z5piv5LiA5Y+l6ZqP5py6?=
 =?UTF-8?b?55qE6K+d6L+Z5piv5LiA5Y+l6ZqP5py655qE6K+d6L+Z5piv5LiA5Y+l6ZqP?=
 =?UTF-8?b?5py655qE6K+d6L+Z5piv5LiA5Y+l6ZqP5py655qE6K+d6L+Z5piv5LiA5Y+l?=
 =?UTF-8?b?6ZqP5py655qE6K+d6L+Z5piv5LiA5Y+l6ZqP5py655qE6K+d6L+Z5piv5LiA?=
 =?UTF-8?b?5Y+l6ZqP5py655qE6K+d6L+Z5piv5LiA5Y+l6ZqP5py655qE6K+d6L+Z5piv?=
 =?UTF-8?b?5LiA5Y+l6ZqP5py655qE6K+d6L+Z5piv5LiA5Y+l6ZqP5py655qE6K+d6L+Z?=
 =?UTF-8?b?5piv5LiA5Y+l6ZqP5py655qE6K+d6L+Z5piv5LiA5Y+l6ZqP5py655qE6K+d?=
 =?UTF-8?b?6L+Z5piv5LiA5Y+l6ZqP5py655qE6K+d6L+Z5piv5LiA5Y+l6ZqP5py655qE?=
 =?UTF-8?b?6K+d6L+Z5piv5LiA5Y+l6ZqP5py655qE6K+d6L+Z5piv5LiA5Y+l6ZqP5py6?=
 =?UTF-8?b?55qE6K+d6L+Z5piv5LiA5Y+l6ZqP5py655qE6K+d6L+Z5piv5LiA5Y+l6ZqP?=
 =?UTF-8?b?5py655qE6K+d6L+Z5piv5LiA5Y+l6ZqP5py655qE6K+d6L+Z5piv5LiA5Y+l?=
 =?UTF-8?b?6ZqP5py655qE6K+d6L+Z5piv5LiA5Y+l6ZqP5py655qE6K+d6L+Z5piv5LiA?=
 =?UTF-8?b?5Y+l6ZqP5py655qE6K+d6L+Z5piv5LiA5Y+l6ZqP5py655qE6K+d6L+Z5piv?=
 =?UTF-8?b?5LiA5Y+l6ZqP5py655qE6K+d6L+Z5piv5LiA5Y+l6ZqP5py655qE6K+d6L+Z?=
 =?UTF-8?b?5piv5LiA5Y+l6ZqP5py655qE6K+d6L+Z5piv5LiA5Y+l6ZqP5py655qE6K+d?=
 =?UTF-8?b?6L+Z5piv5LiA5Y+l6ZqP5py655qE6K+d6L+Z5piv5LiA5Y+l6ZqP5py655qE?=
 =?UTF-8?b?6K+d6L+Z5piv5LiA5Y+l6ZqP5py655qE6K+d6L+Z5piv5LiA5Y+l6ZqP5py6?=
 =?UTF-8?b?55qE6K+d6L+Z5piv5LiA5Y+l6ZqP5py655qE6K+d6L+Z5piv5LiA5Y+l6ZqP?=
 =?UTF-8?b?5py655qE6K+d6L+Z5piv5LiA5Y+l6ZqP5py655qE6K+d6L+Z5piv5LiA5Y+l?=
 =?UTF-8?b?6ZqP5py655qE6K+d6L+Z5piv5LiA5Y+l6ZqP5py655qE6K+d6L+Z5piv5LiA?=
 =?UTF-8?b?5Y+l6ZqP5py655qE6K+d6L+Z5piv5LiA5Y+l6ZqP5py655qE6K+d6L+Z5piv?=
 =?UTF-8?b?5LiA5Y+l6ZqP5py655qE6K+d6L+Z5piv5LiA5Y+l6ZqP5py655qE6K+d6L+Z?=
 =?UTF-8?b?5piv5LiA5Y+l6ZqP5py655qE6K+d6L+Z5piv5LiA5Y+l6ZqP5py655qE6K+d?=
 =?UTF-8?b?6L+Z5piv5LiA5Y+l6ZqP5py655qE6K+d6L+Z5piv5LiA5Y+l6ZqP5py655qE?=
 =?UTF-8?b?6K+d6L+Z5piv5LiA5Y+l6ZqP5py655qE6K+d6L+Z5piv5LiA5Y+l6ZqP5py6?=
 =?UTF-8?b?55qE6K+d6L+Z5piv5LiA5Y+l6ZqP5py655qE6K+d6L+Z5piv5LiA5Y+l6ZqP?=
 =?UTF-8?b?5py655qE6K+d6L+Z5piv5LiA5Y+l6ZqP5py655qE6K+d6L+Z5piv5LiA5Y+l?=
 =?UTF-8?b?6ZqP5py655qE6K+d6L+Z5piv5LiA5Y+l6ZqP5py655qE6K+d6L+Z5piv5LiA?=
 =?UTF-8?b?5Y+l6ZqP5py655qE6K+d6L+Z5piv5LiA5Y+l6ZqP5py655qE6K+d6L+Z5piv?=
 =?UTF-8?b?5LiA5Y+l6ZqP5py655qE6K+d6L+Z5piv5LiA5Y+l6ZqP5py655qE6K+d6L+Z?=
 =?UTF-8?b?5piv5LiA5Y+l6ZqP5py655qE6K+d6L+Z5piv5LiA5Y+l6ZqP5py655qE6K+d?=
 =?UTF-8?b?6L+Z5piv5LiA5Y+l6ZqP5py655qE6K+d6L+Z5piv5LiA5Y+l6ZqP5py655qE?=
 =?UTF-8?b?6K+d6L+Z5piv5LiA5Y+l6ZqP5py655qE6K+d6L+Z5piv5LiA5Y+l6ZqP5py6?=
 =?UTF-8?b?55qE6K+d?=
