From: "Sender" <sender@example.com>
To: "Recipient" <recipient@example.com>
Subject: Test Subject
MIME-Version: 1.0
Content-Type: multipart/mixed;
 boundary="Kxy?h7.ENQ:TPW5uMOlHIiUo4iief/WB_LAFmpaS8N60'SIsgU7-8'tFVi"
--Kxy?h7.ENQ:TPW5uMOlHIiUo4iief/WB_LAFmpaS8N60'SIsgU7-8'tFVi
Content-Type: text/plain; charset=utf-8
Content-Transfer-Encoding: quoted-printable

text
--Kxy?h7.ENQ:TPW5uMOlHIiUo4iief/WB_LAFmpaS8N60'SIsgU7-8'tFVi
Content-Type: text/plain
Content-Disposition: attachment; filename="log.txt"
Content-Transfer-Encoding: base64

cGxh
--Kxy?h7.ENQ:TPW5uMOlHIiUo4iief/WB_LAFmpaS8N60'SIsgU7-8'tFVi--
