From: "Sender" <sender@example.com>
To: "Recipient" <recipient@example.com>
Subject: =?UTF-8?b?VGVzdCBTdWJqZWN0INCf0LXRgNGI0LjQuQ==?=
MIME-Version: 1.0
Content-Type: text/plain; charset=utf-8
Content-Transfer-Encoding: quoted-printable

Ut non ipsum orci. Sed vel sollicitudin lectus. Sed quis arcu laoreet, euis=
mod enim ac, gravida justo. Vivamus sed nunc nec orci dignissim consequat a=
liquam consequat massa. Sed et porta leo. Pellentesque gravida enim vel dui=
 vulputate, quis vulputate turpis gravida. Integer lacinia, elit at venenat=
is posuere, odio turpis fringilla ipsum, eget tempor magna lacus sit amet n=
unc. Vivamus elementum massa non sapien luctus ornare. Etiam mattis est eu =
diam porttitor suscipit. Phasellus tortor tellus, porta sit amet sagittis n=
ec, rhoncus tincidunt sem. Cras porttitor pharetra turpis sit amet viverra.=
 Nulla egestas leo metus, quis tincidunt dui varius non. Fusce vel eros leo=
. Suspendisse iaculis pulvinar elementum. In nec dapibus lacus. Curabitur v=
iverra, nisi sit amet sagittis aliquet, ligula quam consectetur enim, et ma=
lesuada sapien nulla sed metus. Ut non ipsum orci. Sed vel sollicitudin lec=
tus. Sed quis arcu laoreet, euismod enim ac, gravida justo. Vivamus sed nun=
c nec orci dignissim consequat aliquam consequat massa. Sed et porta leo. P=
ellentesque gravida enim vel dui vulputate, quis vulputate turpis gravida. =
Integer lacinia, elit at venenatis posuere, odio turpis fringilla ipsum, eg=
et tempor magna lacus sit amet nunc. Vivamus elementum massa non sapien luc=
tus ornare. Etiam mattis est eu diam porttitor suscipit. Phasellus tortor t=
ellus, porta sit amet sagittis nec, rhoncus tincidunt sem. Cras porttitor p=
haretra turpis sit amet viverra. Nulla egestas leo metus, quis tincidunt du=
i varius non. Fusce vel eros leo. Suspendisse iaculis pulvinar elementum. I=
n nec dapibus lacus. Curabitur viverra, nisi sit amet sagittis aliquet, lig=
ula quam consectetur enim, et malesuada sapien nulla sed metus. Ut non ipsu=
m orci. Sed vel sollicitudin lectus. Sed quis arcu laoreet, euismod enim ac=
, gravida justo. Vivamus sed nunc nec orci dignissim consequat aliquam cons=
equat massa. Sed et porta leo. Pellentesque gravida enim vel dui vulputate,=
 quis vulputate turpis gravida. Integer lacinia, elit at venenatis posuere,=
 odio turpis fringilla ipsum, eget tempor magna lacus sit amet nunc. Vivamu=
s elementum massa non sapien luctus ornare. Etiam mattis est eu diam portti=
tor suscipit. Phasellus tortor tellus, porta sit amet sagittis nec, rhoncus=
 tincidunt sem. Cras porttitor pharetra turpis sit amet viverra. Nulla eges=
tas leo metus, quis tincidunt dui varius non. Fusce vel eros leo. Suspendis=
se iaculis pulvinar elementum. In nec dapibus lacus. Curabitur viverra, nis=
i sit amet sagittis aliquet, ligula quam consectetur enim, et malesuada sap=
ien nulla sed metus.