From: "Sender" <sender@example.com>
To: "Recipient" <recipient@example.com>
Subject: Test Subject
MIME-Version: 1.0
Content-Type: multipart/mixed;
 boundary="nF)SCtkuHBUZO54vMxgK9YM5WE-QZjqdU=)AscTY4aIpiJYo_u17hNyJv(5h3y-:"

--nF)SCtkuHBUZO54vMxgK9YM5WE-QZjqdU=)AscTY4aIpiJYo_u17hNyJv(5h3y-:
Content-Type: text/plain; charset=utf-8
Content-Transfer-Encoding: quoted-printable

text
--nF)SCtkuHBUZO54vMxgK9YM5WE-QZjqdU=)AscTY4aIpiJYo_u17hNyJv(5h3y-:
Content-Type: text/plain
Content-Disposition: attachment; filename="log.txt"
Content-Transfer-Encoding: base64

cGxh
--nF)SCtkuHBUZO54vMxgK9YM5WE-QZjqdU=)AscTY4aIpiJYo_u17hNyJv(5h3y-:--
