Content-Type: multipart/alternative; boundary="ac8a366dce7e87d9"; charset="utf-8"

--ac8a366dce7e87d9
Content-Transfer-Encoding: quoted-printable
Content-Type: text/plain; charset=utf-8
Mime-Version: 1.0

text
--ac8a366dce7e87d9
Content-Transfer-Encoding: quoted-printable
Content-Type: text/html; charset=utf-8
Mime-Version: 1.0

<b>text</b>Content-Type: multipart/mixed; boundary="ac8a366dce7e87d9"; charset="utf-8"


--ac8a366dce7e87d9
Content-Type: multipart/alternative; boundary="6bc727c69e416f1a"


--ac8a366dce7e87d9
Content-Transfer-Encoding: quoted-printable
Content-Type: text/plain; charset=utf-8
Mime-Version: 1.0

text
--ac8a366dce7e87d9
Content-Transfer-Encoding: quoted-printable
Content-Type: text/html; charset=utf-8
Mime-Version: 1.0

<b>text</b>
--6bc727c69e416f1a--

--ac8a366dce7e87d9--
