<h1 style="color:#11267;font-family:Georgia;font-size: 24px;">Title</h1>
<p style="font-size:12px;font-family:Georgia;color:#11226a;">&lt;www.plain.com&gt;</p>
<p style="font-size:12px;font-family:Georgia;color:#11226a;">Normal link will be ignored inside text: <a href="www.ignore.com" title="ignore" style="color:#335c9c;">normal</a></p>

		<table border="0" cellspacing="0" cellpadding="0">
			<tr>
        <td align="center">
		<table border="0" cellspacing="0" cellpadding="0">
      <tr>
          <td align="center" style="border-radius:5px;background-color:#3a86ff;width:80%;max-width:250px;"><a href="www.action.com" title="title1" style="font-size:18px;font-weight:bold;text-decoration:none;border-radius:5px;padding:12px 18px;display:inline-block;color:#ffffff;border:1px solid #3a86ff;font-family:Georgia;">action1 ahem</a></td></tr></table></td></tr></table><p style="font-size:12px;font-family:Georgia;color:#11226a;">Lorem.</p>

		<table border="0" cellspacing="0" cellpadding="0">
			<tr>
        <td align="center">
		<table border="0" cellspacing="0" cellpadding="0">
      <tr>
          <td align="center" style="border-radius:5px;background-color:#3a86ff;width:80%;max-width:250px;"><a href="www.action2.com" title="title2" style="font-size:18px;font-weight:bold;text-decoration:none;border-radius:5px;padding:12px 18px;display:inline-block;color:#ffffff;border:1px solid #3a86ff;font-family:Georgia;">action2 something</a></td></tr></table></td></tr></table><p style="font-size:12px;font-family:Georgia;color:#11226a;">Ipsum.</p>

		<table border="0" cellspacing="0" cellpadding="0">
			<tr>
        <td align="center">
		<table border="0" cellspacing="0" cellpadding="0">
      <tr>
          <td align="center" style="border-radius:5px;background-color:#3a86ff;width:80%;max-width:250px;"><a href="www.action3.com" title="action3" style="font-size:18px;font-weight:bold;text-decoration:none;border-radius:5px;padding:12px 18px;display:inline-block;color:#ffffff;border:1px solid #3a86ff;font-family:Georgia;">action3</a></td></tr></table></td></tr></table><p style="font-size:12px;font-family:Georgia;color:#11226a;">Dolor.</p>
