<h1 style="color:#11267;font-family:Georgia;font-size: 24px;">h1 Heading</h1>
<h2 style="color:#11267;font-family:Georgia;font-size: 22px;">h2 Heading</h2>
<h3 style="color:#11267;font-family:Georgia;font-size: 20px;">h3 Heading</h3>
<h4 style="color:#11267;font-family:Georgia;font-size: 18px;">h4 Heading</h4>
<h5 style="color:#11267;font-family:Georgia;font-size: 16px;">h5 Heading</h5>
<h6 style="color:#11267;font-family:Georgia;font-size: 14px;">h6 Heading</h6>
<h2 style="color:#11267;font-family:Georgia;font-size: 22px;">Horizontal Rules</h2>
<hr style="padding:10px 25px 10px 25px;border:none;border-top:2px solid #335c4c;">
<hr style="padding:10px 25px 10px 25px;border:none;border-top:2px solid #335c4c;">
<hr style="padding:10px 25px 10px 25px;border:none;border-top:2px solid #335c4c;">
<h2 style="color:#11267;font-family:Georgia;font-size: 22px;">Typographic replacements</h2>
<p style="font-size:12px;font-family:Georgia;color:#11226a;">Enable typographer option to see result.</p>
<p style="font-size:12px;font-family:Georgia;color:#11226a;">(c) (C) (r) (R) (tm) (TM) +-</p>
<p style="font-size:12px;font-family:Georgia;color:#11226a;">test.. test&hellip; test&hellip;.. test?&hellip;.. test!&hellip;.</p>
<p style="font-size:12px;font-family:Georgia;color:#11226a;">!!!!!! ???? ,,  &ndash; &mdash;</p>
<p style="font-size:12px;font-family:Georgia;color:#11226a;">&ldquo;Smartypants, double quotes&rdquo; and &lsquo;single quotes&rsquo;</p>
<h2 style="color:#11267;font-family:Georgia;font-size: 22px;">Emphasis</h2>
<p style="font-size:12px;font-family:Georgia;color:#11226a;"><strong>This is bold text</strong></p>
<p style="font-size:12px;font-family:Georgia;color:#11226a;"><strong>This is bold text</strong></p>
<p style="font-size:12px;font-family:Georgia;color:#11226a;"><em>This is italic text</em></p>
<p style="font-size:12px;font-family:Georgia;color:#11226a;"><em>This is italic text</em></p>
<p style="font-size:12px;font-family:Georgia;color:#11226a;">~~Strikethrough~~</p>
<h2 style="color:#11267;font-family:Georgia;font-size: 22px;">Blockquotes</h2>
<blockquote style="padding: 6px 14px 6px 12px;background-color:#e8ecfb;border:none;border-left:2px solid #335c4c;background-color:#e8ecfb;font-family:Georgia;"><p style="font-size:12px;font-family:Georgia;color:#11226a;">Blockquotes can also be nested&hellip;</p>
<blockquote style="padding: 6px 14px 6px 12px;background-color:#e8ecfb;border:none;border-left:2px solid #335c4c;background-color:#e8ecfb;font-family:Georgia;"><p style="font-size:12px;font-family:Georgia;color:#11226a;">&hellip;by using additional greater-than signs right next to each other&hellip;</p>
<blockquote style="padding: 6px 14px 6px 12px;background-color:#e8ecfb;border:none;border-left:2px solid #335c4c;background-color:#e8ecfb;font-family:Georgia;"><p style="font-size:12px;font-family:Georgia;color:#11226a;">&hellip;or with spaces between arrows.</p>
</blockquote>
</blockquote>
</blockquote>
<h2 style="color:#11267;font-family:Georgia;font-size: 22px;">Lists</h2>
<p style="font-size:12px;font-family:Georgia;color:#11226a;">Unordered</p>
<ul>
<li>Create a list by starting a line with <code style="font-family:monospace;background-color:#e8ecfb;">+</code>, <code style="font-family:monospace;background-color:#e8ecfb;">-</code>, or <code style="font-family:monospace;background-color:#e8ecfb;">*</code></li>
<li>Sub-lists are made by indenting 2 spaces:
<ul>
<li>Marker character change forces new list start:
<ul>
<li>Ac tristique libero volutpat at</li>
</ul>
<ul>
<li>Facilisis in pretium nisl aliquet</li>
</ul>
<ul>
<li>Nulla volutpat aliquam velit</li>
</ul>
</li>
</ul>
</li>
<li>Very easy!</li>
</ul>
<p style="font-size:12px;font-family:Georgia;color:#11226a;">Ordered</p>
<ol>
<li>
<p style="font-size:12px;font-family:Georgia;color:#11226a;">Lorem ipsum dolor sit amet</p>
</li>
<li>
<p style="font-size:12px;font-family:Georgia;color:#11226a;">Consectetur adipiscing elit</p>
</li>
<li>
<p style="font-size:12px;font-family:Georgia;color:#11226a;">Integer molestie lorem at massa</p>
</li>
<li>
<p style="font-size:12px;font-family:Georgia;color:#11226a;">You can use sequential numbers&hellip;</p>
</li>
<li>
<p style="font-size:12px;font-family:Georgia;color:#11226a;">&hellip;or keep all the numbers as <code style="font-family:monospace;background-color:#e8ecfb;">1.</code></p>
</li>
</ol>
<p style="font-size:12px;font-family:Georgia;color:#11226a;">Start numbering with offset:</p>
<ol start="57">
<li>foo</li>
<li>bar</li>
</ol>
<h2 style="color:#11267;font-family:Georgia;font-size: 22px;">Code</h2>
<p style="font-size:12px;font-family:Georgia;color:#11226a;">Inline <code style="font-family:monospace;background-color:#e8ecfb;">code</code></p>
<p style="font-size:12px;font-family:Georgia;color:#11226a;">Indented code</p>
<pre><code>// Some comments
line 1 of code
line 2 of code
line 3 of code
</code></pre>
<p style="font-size:12px;font-family:Georgia;color:#11226a;">Block code &ldquo;fences&rdquo;</p>
<pre><code>Sample text here...
</code></pre>
<p style="font-size:12px;font-family:Georgia;color:#11226a;">Syntax highlighting</p>
<pre><code class="language-js">var foo = function (bar) {
  return bar++;
};

console.log(foo(5));
</code></pre>
<h2 style="color:#11267;font-family:Georgia;font-size: 22px;">Tables</h2>
<table>
<thead>
<tr>
<th>Option</th>
<th>Description</th>
</tr>
</thead>
<tbody>
<tr>
<td>data</td>
<td>path to data files to supply the data that will be passed into templates.</td>
</tr>
<tr>
<td>engine</td>
<td>engine to be used for processing templates. Handlebars is the default.</td>
</tr>
<tr>
<td>ext</td>
<td>extension to be used for dest files.</td>
</tr>
</tbody>
</table>
<p style="font-size:12px;font-family:Georgia;color:#11226a;">Right aligned columns</p>
<table>
<thead>
<tr>
<th style="text-align:right">Option</th>
<th style="text-align:right">Description</th>
</tr>
</thead>
<tbody>
<tr>
<td style="text-align:right">data</td>
<td style="text-align:right">path to data files to supply the data that will be passed into templates.</td>
</tr>
<tr>
<td style="text-align:right">engine</td>
<td style="text-align:right">engine to be used for processing templates. Handlebars is the default.</td>
</tr>
<tr>
<td style="text-align:right">ext</td>
<td style="text-align:right">extension to be used for dest files.</td>
</tr>
</tbody>
</table>
<h2 style="color:#11267;font-family:Georgia;font-size: 22px;">Links</h2>
<p style="font-size:12px;font-family:Georgia;color:#11226a;"><a href="https://www.autolink.com" style="color:#335c9c;">https://www.autolink.com</a></p>

		<table border="0" cellspacing="0" cellpadding="0">
			<tr>
        <td align="center">
		<table border="0" cellspacing="0" cellpadding="0">
      <tr>
          <td align="center" style="border-radius:5px;background-color:#3a86ff;width:80%;max-width:250px;"><a href="http://dev.nodeca.com" style="font-size:18px;font-weight:bold;text-decoration:none;border-radius:5px;padding:12px 18px;display:inline-block;color:#ffffff;border:1px solid #3a86ff;font-family:Georgia;">link text</a></td></tr></table></td></tr></table>
		<table border="0" cellspacing="0" cellpadding="0">
			<tr>
        <td align="center">
		<table border="0" cellspacing="0" cellpadding="0">
      <tr>
          <td align="center" style="border-radius:5px;background-color:#3a86ff;width:80%;max-width:250px;"><a href="http://nodeca.github.io/pica/demo/" title="title text!" style="font-size:18px;font-weight:bold;text-decoration:none;border-radius:5px;padding:12px 18px;display:inline-block;color:#ffffff;border:1px solid #3a86ff;font-family:Georgia;">link with title</a></td></tr></table></td></tr></table><p style="font-size:12px;font-family:Georgia;color:#11226a;">Autoconverted link <a href="https://github.com/nodeca/pica" style="color:#335c9c;">https://github.com/nodeca/pica</a> (enable linkify to see)</p>
<h2 style="color:#11267;font-family:Georgia;font-size: 22px;">Images</h2>
<p style="font-size:12px;font-family:Georgia;color:#11226a;"><img src="https://octodex.github.com/images/minion.png" alt="Minion">
<img src="https://octodex.github.com/images/stormtroopocat.jpg" alt="Stormtroopocat" title="The Stormtroopocat"></p>
<p style="font-size:12px;font-family:Georgia;color:#11226a;">Like links, Images also have a footnote style syntax</p>
<p style="font-size:12px;font-family:Georgia;color:#11226a;"><img src="https://octodex.github.com/images/dojocat.jpg" alt="Alt text" title="The Dojocat"></p>
<p style="font-size:12px;font-family:Georgia;color:#11226a;">With a reference later in the document defining the URL location:</p>
<h2 style="color:#11267;font-family:Georgia;font-size: 22px;">Plugins</h2>
<p style="font-size:12px;font-family:Georgia;color:#11226a;">The killer feature of <code style="font-family:monospace;background-color:#e8ecfb;">markdown-it</code> is very effective support of
<a href="https://www.npmjs.org/browse/keyword/markdown-it-plugin" style="color:#335c9c;">syntax plugins</a>.</p>
<h3 style="color:#11267;font-family:Georgia;font-size: 20px;"><a href="https://github.com/markdown-it/markdown-it-emoji" style="color:#335c9c;">Emojies</a></h3>
<blockquote style="padding: 6px 14px 6px 12px;background-color:#e8ecfb;border:none;border-left:2px solid #335c4c;background-color:#e8ecfb;font-family:Georgia;"><p style="font-size:12px;font-family:Georgia;color:#11226a;">Classic markup: :wink: :cry: :laughing: :yum:</p>
<p style="font-size:12px;font-family:Georgia;color:#11226a;">Shortcuts (emoticons): :-) :-( 8-) ;)</p>
</blockquote>
<p style="font-size:12px;font-family:Georgia;color:#11226a;">see <a href="https://github.com/markdown-it/markdown-it-emoji#change-output" style="color:#335c9c;">how to change output</a> with twemoji.</p>
<h3 style="color:#11267;font-family:Georgia;font-size: 20px;"><a href="https://github.com/markdown-it/markdown-it-sub" style="color:#335c9c;">Subscript</a> / <a href="https://github.com/markdown-it/markdown-it-sup" style="color:#335c9c;">Superscript</a></h3>
<ul>
<li>19^th^</li>
<li>H~2~O</li>
</ul>
<h3 style="color:#11267;font-family:Georgia;font-size: 20px;"><a href="https://github.com/markdown-it/markdown-it-ins" style="color:#335c9c;">&lt;ins&gt;</a></h3>
<p style="font-size:12px;font-family:Georgia;color:#11226a;">++Inserted text++</p>
<h3 style="color:#11267;font-family:Georgia;font-size: 20px;"><a href="https://github.com/markdown-it/markdown-it-mark" style="color:#335c9c;">&lt;mark&gt;</a></h3>
<p style="font-size:12px;font-family:Georgia;color:#11226a;">==Marked text==</p>
<h3 style="color:#11267;font-family:Georgia;font-size: 20px;"><a href="https://github.com/markdown-it/markdown-it-footnote" style="color:#335c9c;">Footnotes</a></h3>
<p style="font-size:12px;font-family:Georgia;color:#11226a;">Footnote 1 link[^first].</p>
<p style="font-size:12px;font-family:Georgia;color:#11226a;">Footnote 2 link[^second].</p>
<p style="font-size:12px;font-family:Georgia;color:#11226a;">Inline footnote^[Text of inline footnote] definition.</p>
<p style="font-size:12px;font-family:Georgia;color:#11226a;">Duplicated footnote reference[^second].</p>
<p style="font-size:12px;font-family:Georgia;color:#11226a;">[^first]: Footnote <strong>can have markup</strong></p>
<pre><code>and multiple paragraphs.
</code></pre>
<p style="font-size:12px;font-family:Georgia;color:#11226a;">[^second]: Footnote text.</p>
<h3 style="color:#11267;font-family:Georgia;font-size: 20px;"><a href="https://github.com/markdown-it/markdown-it-deflist" style="color:#335c9c;">Definition lists</a></h3>
<p style="font-size:12px;font-family:Georgia;color:#11226a;">Term 1</p>
<p style="font-size:12px;font-family:Georgia;color:#11226a;">:   Definition 1
with lazy continuation.</p>
<p style="font-size:12px;font-family:Georgia;color:#11226a;">Term 2 with <em>inline markup</em></p>
<p style="font-size:12px;font-family:Georgia;color:#11226a;">:   Definition 2</p>
<pre><code>    { some code, part of Definition 2 }

Third paragraph of definition 2.
</code></pre>
<p style="font-size:12px;font-family:Georgia;color:#11226a;"><em>Compact style:</em></p>
<p style="font-size:12px;font-family:Georgia;color:#11226a;">Term 1
~ Definition 1</p>
<p style="font-size:12px;font-family:Georgia;color:#11226a;">Term 2
~ Definition 2a
~ Definition 2b</p>
<h3 style="color:#11267;font-family:Georgia;font-size: 20px;"><a href="https://github.com/markdown-it/markdown-it-abbr" style="color:#335c9c;">Abbreviations</a></h3>
<p style="font-size:12px;font-family:Georgia;color:#11226a;">This is HTML abbreviation example.</p>
<p style="font-size:12px;font-family:Georgia;color:#11226a;">It converts &ldquo;HTML&rdquo;, but keep intact partial entries like &ldquo;xxxHTMLyyy&rdquo; and so on.</p>
<p style="font-size:12px;font-family:Georgia;color:#11226a;">*[HTML]: Hyper Text Markup Language</p>
<h3 style="color:#11267;font-family:Georgia;font-size: 20px;"><a href="https://github.com/markdown-it/markdown-it-container" style="color:#335c9c;">Custom containers</a></h3>
<p style="font-size:12px;font-family:Georgia;color:#11226a;">::: warning
<em>here be dragons</em>
:::</p>
