subject: minimal example message
seed_key: Up7e8XiuQw9


Introduction
============

This is the simplest letter that can be sent. It has one recipient.


- _Letter_: this file.*Letter*: this file.
- _Message_: a rendered copy of this file for each recipient.*Message*: a rendered copy of this file for each recipient.

Sending requires a set of mailing service credentialsprovided as environment variables.


export SMTP_HOST=...
export SMTP_PORT=...
export SMTP_USERNAME=...
export SMTP_PASSWORD=...
mdsend send 1-minimal.md


Separate Queuing
----------------

Send command will continued to deliver anyqueued messages, which can be added to thequeue with a separate command.


mdsend queue add 1-minimal.md
mdsend queue add 2-attachments.md
mdsend send


Sample Content
==============

> A Markdown file requires valid 'from', 'to', and 'subject' fieldsin the frontmatter.

Lorem ipsum dolor sit amet, consectetur adipiscing elit. Fuscecommodo sapien sed magna eleifend, a aliquam nunc condimentum.Sed feugiat nibh at lorem malesuada, lobortis tincidunt urnabibendum. Maecenas pulvinar, quam id tincidunt auctor, sem esttincidunt nulla, ac fringilla velit sapien eget nisl.

Integer fringilla ipsum in elit `tempus varius`. Phasellus viverravelit in pulvinar bibendum. Pellentesque non varius est, in faucibusfelis. Praesent sem tellus, consequat id sem nec, tempor efficiturmi. Proin et sem condimentum, dictum dolor vitae, blandit mi.Vestibulum eget diam ante. Etiam facilisis mi non augue malesuadaplacerat. Maecenas porttitor nulla a sem mattis eleifend. Fusce atneque augue.

Integer at odio laoreet orci iaculis hendrerit. Curabitursollicitudin volutpat dui at sodales. Vestibulum elit magna, sempernec dolor eget, pharetra tempus augue.

Suspendisse iaculis tortor at massa congue condimentum. Ut interdumleo vel dignissim feugiat. Pellentesque volutpat molestie interdum.Vivamus vel purus sem. In eu hendrerit purus, vel gravida libero.



===========[HTML]=============

<!doctype html>
<html lang="en">

<head>
  <meta name="viewport" content="width=device-width, initial-scale=1.0">
  <meta http-equiv="Content-Type" content="text/html; charset=UTF-8" />
  <title>minimal example message</title>
</head>

<body style="color: #1d1d1d;">
  <div style="background-color: #e8ecfb; padding: 0.5em 1em 0.5em 1.5em;">
    <h1>Introduction</h1>
<p>This is the simplest letter that can be sent. It has one recipient.</p>
<ul>
<li><em>Letter</em>: this file.</li>
<li><em>Message</em>: a rendered copy of this file for each recipient.</li>
</ul>
<p>Sending requires a set of mailing service credentials
provided as environment variables.</p>
<pre><code class="language-sh">export SMTP_HOST=...
export SMTP_PORT=...
export SMTP_USERNAME=...
export SMTP_PASSWORD=...
mdsend send 1-minimal.md
</code></pre>
<h2>Separate Queuing</h2>
<p>Send command will continued to deliver any
queued messages, which can be added to the
queue with a separate command.</p>
<pre><code class="language-sh">mdsend queue add 1-minimal.md
mdsend queue add 2-attachments.md
mdsend send
</code></pre>
<h1>Sample Content</h1>
<blockquote>
<p>A Markdown file requires valid 'from', 'to', and 'subject' fields
in the frontmatter.</p>
</blockquote>
<p>Lorem ipsum dolor sit amet, consectetur adipiscing elit. Fusce
commodo sapien sed magna eleifend, a aliquam nunc condimentum.
Sed feugiat nibh at lorem malesuada, lobortis tincidunt urna
bibendum. Maecenas pulvinar, quam id tincidunt auctor, sem est
tincidunt nulla, ac fringilla velit sapien eget nisl.</p>
<p>Integer fringilla ipsum in elit <code>tempus varius</code>. Phasellus viverra
velit in pulvinar bibendum. Pellentesque non varius est, in faucibus
felis. Praesent sem tellus, consequat id sem nec, tempor efficitur
mi. Proin et sem condimentum, dictum dolor vitae, blandit mi.
Vestibulum eget diam ante. Etiam facilisis mi non augue malesuada
placerat. Maecenas porttitor nulla a sem mattis eleifend. Fusce at
neque augue.</p>
<p>Integer at odio laoreet orci iaculis hendrerit. Curabitur
sollicitudin volutpat dui at sodales. Vestibulum elit magna, semper
nec dolor eget, pharetra tempus augue.</p>
<p>Suspendisse iaculis tortor at massa congue condimentum. Ut interdum
leo vel dignissim feugiat. Pellentesque volutpat molestie interdum.
Vivamus vel purus sem. In eu hendrerit purus, vel gravida libero.</p>

  </div>
</body>

</html>
