subject: minimal example message
seed_key: X7kq1JUu8Rw


Content
=======

> A Markdown file requires valid 'from', 'to', and 'subject' fieldsin the frontmatter.

Lorem ipsum dolor sit amet, consectetur adipiscing elit. Fusce commodo sapien sed magna eleifend, a aliquam nunc condimentum. Sed feugiat nibh at lorem malesuada, lobortis tincidunt urna bibendum. Maecenas pulvinar, quam id tincidunt auctor, sem est tincidunt nulla, ac fringilla velit sapien eget nisl.

Integer fringilla ipsum in elit `tempus varius`. Phasellus viverra velit in pulvinar bibendum. Pellentesque non varius est, in faucibus felis. Praesent sem tellus, consequat id sem nec, tempor efficitur mi. Proin et sem condimentum, dictum dolor vitae, blandit mi. Vestibulum eget diam ante. Etiam facilisis mi non augue malesuada placerat. Maecenas porttitor nulla a sem mattis eleifend. Fusce at neque augue.

Integer at odio laoreet orci iaculis hendrerit. Curabitur sollicitudin volutpat dui at sodales. Vestibulum elit magna, semper nec dolor eget, pharetra tempus augue.

Suspendisse iaculis tortor at massa congue condimentum. Ut interdum leo vel dignissim feugiat. Pellentesque volutpat molestie interdum. Vivamus vel purus sem. In eu hendrerit purus, vel gravida libero.



===========[HTML]=============

<!doctype html>
<html lang="en">

<head>
  <meta name="viewport" content="width=device-width, initial-scale=1.0">
  <meta http-equiv="Content-Type" content="text/html; charset=UTF-8" />
  <title>minimal example message</title>
</head>

<body style="color: #1d1d1d;">
  <div style="background-color: #e8ecfb; padding: 0.5em 1em 0.5em 1.5em;">
    <h1>Content</h1>
<blockquote>
<p>A Markdown file requires valid 'from', 'to', and 'subject' fields
in the frontmatter.</p>
</blockquote>
<p>Lorem ipsum dolor sit amet, consectetur adipiscing elit. Fusce commodo sapien sed magna eleifend, a aliquam nunc condimentum. Sed feugiat nibh at lorem malesuada, lobortis tincidunt urna bibendum. Maecenas pulvinar, quam id tincidunt auctor, sem est tincidunt nulla, ac fringilla velit sapien eget nisl.</p>
<p>Integer fringilla ipsum in elit <code>tempus varius</code>. Phasellus viverra velit in pulvinar bibendum. Pellentesque non varius est, in faucibus felis. Praesent sem tellus, consequat id sem nec, tempor efficitur mi. Proin et sem condimentum, dictum dolor vitae, blandit mi. Vestibulum eget diam ante. Etiam facilisis mi non augue malesuada placerat. Maecenas porttitor nulla a sem mattis eleifend. Fusce at neque augue.</p>
<p>Integer at odio laoreet orci iaculis hendrerit. Curabitur sollicitudin volutpat dui at sodales. Vestibulum elit magna, semper nec dolor eget, pharetra tempus augue.</p>
<p>Suspendisse iaculis tortor at massa congue condimentum. Ut interdum leo vel dignissim feugiat. Pellentesque volutpat molestie interdum. Vivamus vel purus sem. In eu hendrerit purus, vel gravida libero.</p>

  </div>
</body>

</html>
