subject: scheduling deliveries
seed_key: G1j7TmbWjTh
schedule_after: 2026-12-30T00:30:00Z


Schedule Messages for Later Delivery
====================================

Queued messages can be delayed by providing `schedule` frontmatter instructions:


- **after:** time until the message can be sent.
Must be in ISO format `YYYY-MM-DD hh:mm`.**after:** time until the message can be sent.Must be in ISO format `YYYY-MM-DD hh:mm`.
- **delay:** time duration added to `after` or current time.**delay:** time duration added to `after` or current time.
- **step:** time duration added for each recipient.**step:** time duration added for each recipient.
- **fluctuate:** normalized random time duration added for each
mailing step, including the first message.**fluctuate:** normalized random time duration added for eachmailing step, including the first message.
- **expire:** time duration, after all the messages have been sent,
to keep the letter and message records in the database before they
are deleted.**expire:** time duration, after all the messages have been sent,to keep the letter and message records in the database before theyare deleted.


Time Duration Units
-------------------


- `m`: Minute`m`: Minute
- `h`: Hour`h`: Hour
- `d`: Day`d`: Day
- `w`: Week`w`: Week

Units can be combined together. For example, to delay the messageby eight weeks, four days, and seven hours, add to the front matter:


schedule:
  delay: 8w4d7h



===========[HTML]=============

<!doctype html>
<html lang="en">

<head>
  <meta name="viewport" content="width=device-width, initial-scale=1.0">
  <meta http-equiv="Content-Type" content="text/html; charset=UTF-8" />
  <title>scheduling deliveries</title>
</head>

<body style="color: #1d1d1d;">
  <div style="background-color: #e8ecfb; padding: 0.5em 1em 0.5em 1.5em;">
    <h1>Schedule Messages for Later Delivery</h1>
<p>Queued messages can be delayed by providing <code>schedule</code> frontmatter instructions:</p>
<ul>
<li><strong>after:</strong> time until the message can be sent.
Must be in ISO format <code>YYYY-MM-DD hh:mm</code>.</li>
<li><strong>delay:</strong> time duration added to <code>after</code> or current time.</li>
<li><strong>step:</strong> time duration added for each recipient.</li>
<li><strong>fluctuate:</strong> normalized random time duration added for each
mailing step, including the first message.</li>
<li><strong>expire:</strong> time duration, after all the messages have been sent,
to keep the letter and message records in the database before they
are deleted.</li>
</ul>
<h2>Time Duration Units</h2>
<ul>
<li><code>m</code>: Minute</li>
<li><code>h</code>: Hour</li>
<li><code>d</code>: Day</li>
<li><code>w</code>: Week</li>
</ul>
<p>Units can be combined together. For example, to delay the message
by eight weeks, four days, and seven hours, add to the front matter:</p>
<pre><code class="language-yaml">schedule:
  delay: 8w4d7h
</code></pre>

  </div>
</body>

</html>
