subject: scheduling deliveries
seed_key: HnGHvsjSojZ


Schedule Messages for Delivery
==============================


Context
-------

Template execution context contains the following fields:


- **Frontmatter:** the raw Markdown frontmatter as `map[string]any`.**Frontmatter:** the raw Markdown frontmatter as `map[string]any`.
- **Recipient:** the raw message target as `map[string]any`. It
will contain `name` and `email` fields and any other fields
fromt the contact source.**Recipient:** the raw message target as `map[string]any`. Itwill contain `name` and `email` fields and any other fieldsfromt the contact source.
- **Content:** rendered Markdown body.**Content:** rendered Markdown body.
- **Schedule:****Schedule:**


Reify Templates
---------------

Special `reify` function stores the output of a



===========[HTML]=============

<!doctype html>
<html lang="en">

<head>
  <meta name="viewport" content="width=device-width, initial-scale=1.0">
  <meta http-equiv="Content-Type" content="text/html; charset=UTF-8" />
  <title>scheduling deliveries</title>
</head>

<body style="color: #1d1d1d;">
  <div style="background-color: #e8ecfb; padding: 0.5em 1em 0.5em 1.5em;">
    <h1>Schedule Messages for Delivery</h1>
<h2>Context</h2>
<p>Template execution context contains the following fields:</p>
<ul>
<li><strong>Frontmatter:</strong> the raw Markdown frontmatter as <code>map[string]any</code>.</li>
<li><strong>Recipient:</strong> the raw message target as <code>map[string]any</code>. It
will contain <code>name</code> and <code>email</code> fields and any other fields
fromt the contact source.</li>
<li><strong>Content:</strong> rendered Markdown body.</li>
<li><strong>Schedule:</strong></li>
</ul>
<h2>Reify Templates</h2>
<p>Special <code>reify</code> function stores the output of a</p>

  </div>
</body>

</html>
