subject: example message for Full Name
seed_key: 2QN6svWdo7u
X-Template-Test: test

<!doctype html>


table, td {
  border-collapse: collapse;
  mso-table-lspace: 0pt;
  mso-table-rspace: 0pt;
}

img {
  border: 0;
  height: auto;
  line-height: 100%;
  outline: none;
  text-decoration: none;
  -ms-interpolation-mode: bicubic;
}

p {
  display: block;
  margin: 11px 0;
}

a { padding: 0; }




<div style="margin:0px auto;max-width:600px;">
  <table align="center" border="0" cellpadding="0" cellspacing="0" role="presentation" style="width:100%;">
    <tbody>
      <tr>
        <td style="font-size:0px;text-align:center;">
          
          <div class="main" style="font-size:0px;text-align:left;display:inline-block;vertical-align:top;width:100%;background-color:#fefeff;-webkit-box-shadow: 1px 4px 11px 0px rgba(0, 0, 0, 0.15); -moz-box-shadow: 1px 4px 11px 0px rgba(0, 0, 0, 0.15); box-shadow: 1px 4px 11px 0px rgba(0, 0, 0, 0.15);">
            <table border="0" cellpadding="0" cellspacing="0" role="presentation" style="vertical-align:top;" width="100%">
              <tbody>
                <tr>
                  <td align="center" style="font-size:0px;padding:10px 25px;word-break:break-word;background-color:#6784ff;">
                    <table border="0" cellpadding="0" cellspacing="0" role="presentation" style="border-collapse:collapse;border-spacing:0px;">
                      <tbody>
                        <tr>
                          <td style="width:100px;color:#e8ecfb;font-size: 32px;font-family:Georgia, &#39;Times New Roman&#39;, Helvetica, serif;">
                              <h1 style="margin: 0; padding: 0 0 16px 0; font-size: 28px; line-height: 34px; font-weight: bold;">
                                This is Template-Specific Title to Display above Content
                              </h1>
                          </td>
                        </tr>
                      </tbody>
                    </table>
                  </td>
                </tr>
                <tr>
                  <td align="left" style="font-size:0px;padding:14px 22px;word-break:break-word;">
                    <div style="font-family:Georgia, &#39;Times New Roman&#39;, Helvetica, serif;font-size:20px;line-height:1.2;text-align:left;color:#11226a;"></div>
                  </td>
                </tr>
              </tbody>
            </table>
          </div>
          
        </td>
      </tr>
      <tr>
        <td align="center" style="font-size:0px;padding: 24px 26px 10px 26px;word-break:break-word;">
          <table border="0" cellpadding="0" cellspacing="0" role="presentation" style="border-collapse:collapse;border-spacing:0px;">
            <tbody>
              <tr>
                <td style="color:#41629a;font-size: 11px;align: center"></td>
              </tr>
            </tbody>
          </table>
        </td>
      </tr>
    </tbody>
  </table>
</div>



===========[HTML]=============

<!doctype html><html lang="en" dir="auto">
<head>
  <title>example message for Full Name</title>
  <meta http-equiv="Content-Type" content="text/html; charset=UTF-8">
  <meta name="viewport" content="width=device-width, initial-scale=1">
  <style type="text/css">
    body {
      margin: 0;
      padding: 0;
      -webkit-text-size-adjust: 100%;
      -ms-text-size-adjust: 100%;
    }

    table, td {
      border-collapse: collapse;
      mso-table-lspace: 0pt;
      mso-table-rspace: 0pt;
    }

    img {
      border: 0;
      height: auto;
      line-height: 100%;
      outline: none;
      text-decoration: none;
      -ms-interpolation-mode: bicubic;
    }

    p {
      display: block;
      margin: 11px 0;
    }

    a { padding: 0; }

    
  </style>
  
  <style type="text/css">
    @media only screen and (min-width:600px) {
      .main {
        margin-top: 24px !important;
        width: 100% !important;
        max-width: 100%;
      }
    }
  </style>
  <style media="screen and (min-width:600px)">
    .moz-text-html .main {
      margin-top: 24px !important;
      width: 100% !important;
      max-width: 100%;
    }
  </style>
</head>

<body style="word-spacing:normal;background-color:#e8ecfb;">
  <div aria-roledescription="email" role="article" lang="en" dir="auto" style="word-spacing:normal;">
    
    <div style="margin:0px auto;max-width:600px;">
      <table align="center" border="0" cellpadding="0" cellspacing="0" role="presentation" style="width:100%;">
        <tbody>
          <tr>
            <td style="font-size:0px;text-align:center;">
              
              <div class="main" style="font-size:0px;text-align:left;display:inline-block;vertical-align:top;width:100%;background-color:#fefeff;-webkit-box-shadow: 1px 4px 11px 0px rgba(0, 0, 0, 0.15); -moz-box-shadow: 1px 4px 11px 0px rgba(0, 0, 0, 0.15); box-shadow: 1px 4px 11px 0px rgba(0, 0, 0, 0.15);">
                <table border="0" cellpadding="0" cellspacing="0" role="presentation" style="vertical-align:top;" width="100%">
                  <tbody>
                    <tr>
                      <td align="center" style="font-size:0px;padding:10px 25px;word-break:break-word;background-color:#6784ff;">
                        <table border="0" cellpadding="0" cellspacing="0" role="presentation" style="border-collapse:collapse;border-spacing:0px;">
                          <tbody>
                            <tr>
                              <td style="width:100px;color:#e8ecfb;font-size: 32px;font-family:Georgia, &#39;Times New Roman&#39;, Helvetica, serif;">
                                  <h1 style="margin: 0; padding: 0 0 16px 0; font-size: 28px; line-height: 34px; font-weight: bold;">
                                    This is Template-Specific Title to Display above Content
                                  </h1>
                              </td>
                            </tr>
                          </tbody>
                        </table>
                      </td>
                    </tr>
                    <tr>
                      <td align="left" style="font-size:0px;padding:14px 22px;word-break:break-word;">
                        <div style="font-family:Georgia, &#39;Times New Roman&#39;, Helvetica, serif;font-size:20px;line-height:1.2;text-align:left;color:#11226a;"><p>&lt;!doctype html&gt;<!-- raw HTML omitted --></p>
<!-- raw HTML omitted -->
<pre><code>table, td {
  border-collapse: collapse;
  mso-table-lspace: 0pt;
  mso-table-rspace: 0pt;
}

img {
  border: 0;
  height: auto;
  line-height: 100%;
  outline: none;
  text-decoration: none;
  -ms-interpolation-mode: bicubic;
}

p {
  display: block;
  margin: 11px 0;
}

a { padding: 0; }
</code></pre>
<p><!-- raw HTML omitted --></p>
<!-- raw HTML omitted -->
<!-- raw HTML omitted -->
<!-- raw HTML omitted -->
<!-- raw HTML omitted -->
<!-- raw HTML omitted -->
<!-- raw HTML omitted -->
<pre><code>&lt;div style=&quot;margin:0px auto;max-width:600px;&quot;&gt;
  &lt;table align=&quot;center&quot; border=&quot;0&quot; cellpadding=&quot;0&quot; cellspacing=&quot;0&quot; role=&quot;presentation&quot; style=&quot;width:100%;&quot;&gt;
    &lt;tbody&gt;
      &lt;tr&gt;
        &lt;td style=&quot;font-size:0px;text-align:center;&quot;&gt;
          
          &lt;div class=&quot;main&quot; style=&quot;font-size:0px;text-align:left;display:inline-block;vertical-align:top;width:100%;background-color:#fefeff;-webkit-box-shadow: 1px 4px 11px 0px rgba(0, 0, 0, 0.15); -moz-box-shadow: 1px 4px 11px 0px rgba(0, 0, 0, 0.15); box-shadow: 1px 4px 11px 0px rgba(0, 0, 0, 0.15);&quot;&gt;
            &lt;table border=&quot;0&quot; cellpadding=&quot;0&quot; cellspacing=&quot;0&quot; role=&quot;presentation&quot; style=&quot;vertical-align:top;&quot; width=&quot;100%&quot;&gt;
              &lt;tbody&gt;
                &lt;tr&gt;
                  &lt;td align=&quot;center&quot; style=&quot;font-size:0px;padding:10px 25px;word-break:break-word;background-color:#6784ff;&quot;&gt;
                    &lt;table border=&quot;0&quot; cellpadding=&quot;0&quot; cellspacing=&quot;0&quot; role=&quot;presentation&quot; style=&quot;border-collapse:collapse;border-spacing:0px;&quot;&gt;
                      &lt;tbody&gt;
                        &lt;tr&gt;
                          &lt;td style=&quot;width:100px;color:#e8ecfb;font-size: 32px;font-family:Georgia, &amp;#39;Times New Roman&amp;#39;, Helvetica, serif;&quot;&gt;
                              &lt;h1 style=&quot;margin: 0; padding: 0 0 16px 0; font-size: 28px; line-height: 34px; font-weight: bold;&quot;&gt;
                                This is Template-Specific Title to Display above Content
                              &lt;/h1&gt;
                          &lt;/td&gt;
                        &lt;/tr&gt;
                      &lt;/tbody&gt;
                    &lt;/table&gt;
                  &lt;/td&gt;
                &lt;/tr&gt;
                &lt;tr&gt;
                  &lt;td align=&quot;left&quot; style=&quot;font-size:0px;padding:14px 22px;word-break:break-word;&quot;&gt;
                    &lt;div style=&quot;font-family:Georgia, &amp;#39;Times New Roman&amp;#39;, Helvetica, serif;font-size:20px;line-height:1.2;text-align:left;color:#11226a;&quot;&gt;&lt;/div&gt;
                  &lt;/td&gt;
                &lt;/tr&gt;
              &lt;/tbody&gt;
            &lt;/table&gt;
          &lt;/div&gt;
          
        &lt;/td&gt;
      &lt;/tr&gt;
      &lt;tr&gt;
        &lt;td align=&quot;center&quot; style=&quot;font-size:0px;padding: 24px 26px 10px 26px;word-break:break-word;&quot;&gt;
          &lt;table border=&quot;0&quot; cellpadding=&quot;0&quot; cellspacing=&quot;0&quot; role=&quot;presentation&quot; style=&quot;border-collapse:collapse;border-spacing:0px;&quot;&gt;
            &lt;tbody&gt;
              &lt;tr&gt;
                &lt;td style=&quot;color:#41629a;font-size: 11px;align: center&quot;&gt;&lt;/td&gt;
              &lt;/tr&gt;
            &lt;/tbody&gt;
          &lt;/table&gt;
        &lt;/td&gt;
      &lt;/tr&gt;
    &lt;/tbody&gt;
  &lt;/table&gt;
&lt;/div&gt;
</code></pre>
<!-- raw HTML omitted -->
</div>
                      </td>
                    </tr>
                  </tbody>
                </table>
              </div>
              
            </td>
          </tr>
          <tr>
            <td align="center" style="font-size:0px;padding: 24px 26px 10px 26px;word-break:break-word;">
              <table border="0" cellpadding="0" cellspacing="0" role="presentation" style="border-collapse:collapse;border-spacing:0px;">
                <tbody>
                  <tr>
                    <td style="color:#41629a;font-size: 11px;align: center"></td>
                  </tr>
                </tbody>
              </table>
            </td>
          </tr>
        </tbody>
      </table>
    </div>
    
  </div>
</body>
</html>
