subject: extend one letter from letter
seed_key: ChFDZtJXnQE
List-Id: Some List <greatlist@test.com>
List-Unsubscribe: <mailto:unsub@yourdomain.com>, <https://yourdomain.com/unsub?id=MLFhcxXQr1kWB3z3sCTTnUCVT3TzmoMg3BUfGTBM5>
List-Unsubscribe-Post: token=MLFhcxXQr1kWB3z3sCTTnUCVT3TzmoMg3BUfGTBM5


Load Recipient Lists
====================

Target address fields, `to`, `cc`, and `bcc` support a list ofentries. Any entry can also point to a configuration file in avariety of common formats that will be merged into the parent list.


to: mailinglist.yaml
cc:
  - another_list.toml
  - jsonIsFine.json
  - cuelist.cue
bcc:
  - name: Named Entry
    email: test@test.com
    title: Mr.
    first_name: First

Each entry is a map, regardless of how it was loaded. Any value ofthe map is accessible to the template engine through the context.


Greeting <no value> <no value>,

I am writing, because ...

Carbon copy recipients (`cc`) are treated exactly the same as blindcarbon copy recipients. The field exists for historic reasons. Thoserecipients will not be displayed in sent messages by design forthe following reasons:


- To prevent accidental exposure of private contact information.
- To prevent possible message duplication in mailer APIs due toimplementation ambiguity in handling carbon copy recipients.


Load Recipient List From an Executable
--------------------------------------

If the recipient file does not have a recognizable extension,like `.yaml`, and is executable, it will be executed. The standardoutput will be captured and parsed according to the `Content-Type`set in the first line of the output.


to: script.sh
bcc: program.exe

The first line of output must match the desired file format.This protects `mdsend` from malformed content of failing scriptsand binary files, and precludes ambiguity in choosing between JSON andCuelang, CSV and other formats.


- *JSON:* Content-Type: application/json
- *Cue:* Content-Type: application/cue
- *YAML:* Content-Type: application/yaml
- *TOML:* Content-Type: application/toml
- *CSV:* Content-Type: text/csv


#!/bin/sh

# example of an executable script returning JSON data.
cat << EOF
Content-type: application/json

[
  {
    "name": "first",
    "email": "first@testmail.json"
  },
  {
    "name": "second",
    "email": "second@testmail.json"
  },
  {
    "name": "third",
    "email": "third@testmail.json"
  },
  {
    "name": "fourth",
    "email": "fourth@testmail.json"
  }
]
EOF

Sourcing recipients from an executable gives you the limitlessflexibility to fetch private contact information from a remotedatabase or encrypted location, to groom or combine and pre-process thecontact list.


Footer
------

You may unsubscribe here.

The CAN-SPAM act became law on Jan. 1, 2004. It says there manythings you must do as a commercial email-er. Highlights arebasically don't be deceptive, and that you **MUST** include aphysical mailing address as well as a working unsubscribe link inthe body.


Extend One Letter with Another
==============================

Merge the content and frontmatter fields into a letter from anotherfile by using the `extends` field.


extends:
  # this letter will inherit the content
  # and configuration values of `template.md`
  - template.md
  # load a configuration file
  - config.yaml

Any Markdown content below the last horizontal rule is added as afooter to the current letter. You may nest the extensions deep aslong as there are no circular references.



===========[HTML]=============

<!doctype html><html lang="en" dir="auto">
<head>
  <title>extend one letter from letter</title>
  <meta http-equiv="Content-Type" content="text/html; charset=UTF-8">
  <meta name="viewport" content="width=device-width, initial-scale=1">
  <style type="text/css">
    body {
      margin: 0;
      padding: 0;
      -webkit-text-size-adjust: 100%;
      -ms-text-size-adjust: 100%;
    }

    table, td {
      border-collapse: collapse;
      mso-table-lspace: 0pt;
      mso-table-rspace: 0pt;
    }

    img {
      border: 0;
      height: auto;
      line-height: 100%;
      outline: none;
      text-decoration: none;
      -ms-interpolation-mode: bicubic;
    }

    p {
      display: block;
      margin: 11px 0;
    }

    a { padding: 0; }

    
  </style>
  
  <style type="text/css">
    @media only screen and (min-width:600px) {
      .main {
        margin-top: 24px !important;
        width: 100% !important;
        max-width: 100%;
      }
    }
  </style>
  <style media="screen and (min-width:600px)">
    .moz-text-html .main {
      margin-top: 24px !important;
      width: 100% !important;
      max-width: 100%;
    }
  </style>
</head>

<body style="word-spacing:normal;background-color:#e8ecfb;">
  <div aria-roledescription="email" role="article" lang="en" dir="auto" style="word-spacing:normal;">
    
    <div style="margin:0px auto;max-width:600px;">
      <table align="center" border="0" cellpadding="0" cellspacing="0" role="presentation" style="width:100%;">
        <tbody>
          <tr>
            <td style="font-size:0px;text-align:center;">
              
              <div class="main" style="font-size:0px;text-align:left;display:inline-block;vertical-align:top;width:100%;background-color:#fefeff;-webkit-box-shadow: 1px 4px 11px 0px rgba(0, 0, 0, 0.15); -moz-box-shadow: 1px 4px 11px 0px rgba(0, 0, 0, 0.15); box-shadow: 1px 4px 11px 0px rgba(0, 0, 0, 0.15);">
                <table border="0" cellpadding="0" cellspacing="0" role="presentation" style="vertical-align:top;" width="100%">
                  <tbody>
                    <tr>
                      <td align="center" style="font-size:0px;padding:10px 25px;word-break:break-word;background-color:#6784ff;">
                        <table border="0" cellpadding="0" cellspacing="0" role="presentation" style="border-collapse:collapse;border-spacing:0px;">
                          <tbody>
                            <tr>
                              <td style="width:100px;color:#e8ecfb;font-size: 32px;font-family:Georgia, &#39;Times New Roman&#39;, Helvetica, serif;"></td>
                            </tr>
                          </tbody>
                        </table>
                      </td>
                    </tr>
                    <tr>
                      <td align="left" style="font-size:0px;padding:14px 22px;word-break:break-word;">
                        <div style="font-family:Georgia, &#39;Times New Roman&#39;, Helvetica, serif;font-size:20px;line-height:1.2;text-align:left;color:#11226a;"><!-- raw HTML omitted -->
<h1>Load Recipient Lists</h1>
<p>Target address fields, <code>to</code>, <code>cc</code>, and <code>bcc</code> support a list of
entries. Any entry can also point to a configuration file in a
variety of common formats that will be merged into the parent list.</p>
<pre><code class="language-yaml">to: mailinglist.yaml
cc:
  - another_list.toml
  - jsonIsFine.json
  - cuelist.cue
bcc:
  - name: Named Entry
    email: test@test.com
    title: Mr.
    first_name: First
</code></pre>
<p>Each entry is a map, regardless of how it was loaded. Any value of
the map is accessible to the template engine through the context.</p>
<pre><code class="language-markdown">Greeting &lt;no value&gt; &lt;no value&gt;,

I am writing, because ...
</code></pre>
<p>Carbon copy recipients (<code>cc</code>) are treated exactly the same as blind
carbon copy recipients. The field exists for historic reasons. Those
recipients will not be displayed in sent messages by design for
the following reasons:</p>
<ul>
<li>To prevent accidental exposure of private contact information.</li>
<li>To prevent possible message duplication in mailer APIs due to
implementation ambiguity in handling carbon copy recipients.</li>
</ul>
<h2>Load Recipient List From an Executable</h2>
<p>If the recipient file does not have a recognizable extension,
like <code>.yaml</code>, and is executable, it will be executed. The standard
output will be captured and parsed according to the <code>Content-Type</code>
set in the first line of the output.</p>
<pre><code class="language-yaml">to: script.sh
bcc: program.exe
</code></pre>
<p>The first line of output must match the desired file format.
This protects <code>mdsend</code> from malformed content of failing scripts
and binary files, and precludes ambiguity in choosing between JSON and
Cuelang, CSV and other formats.</p>
<ul>
<li><em>JSON:</em> Content-Type: application/json</li>
<li><em>Cue:</em> Content-Type: application/cue</li>
<li><em>YAML:</em> Content-Type: application/yaml</li>
<li><em>TOML:</em> Content-Type: application/toml</li>
<li><em>CSV:</em> Content-Type: text/csv</li>
</ul>
<pre><code class="language-sh">#!/bin/sh

# example of an executable script returning JSON data.
cat &lt;&lt; EOF
Content-type: application/json

[
  {
    &quot;name&quot;: &quot;first&quot;,
    &quot;email&quot;: &quot;first@testmail.json&quot;
  },
  {
    &quot;name&quot;: &quot;second&quot;,
    &quot;email&quot;: &quot;second@testmail.json&quot;
  },
  {
    &quot;name&quot;: &quot;third&quot;,
    &quot;email&quot;: &quot;third@testmail.json&quot;
  },
  {
    &quot;name&quot;: &quot;fourth&quot;,
    &quot;email&quot;: &quot;fourth@testmail.json&quot;
  }
]
EOF
</code></pre>
<p>Sourcing recipients from an executable gives you the limitless
flexibility to fetch private contact information from a remote
database or encrypted location, to groom or combine and pre-process the
contact list.</p>
<h2>Footer</h2>
<p>You may unsubscribe <!-- raw HTML omitted -->here<!-- raw HTML omitted -->.</p>
<p>The CAN-SPAM act became law on Jan. 1, 2004. It says there many
things you must do as a commercial email-er. Highlights are
basically don't be deceptive, and that you <strong>MUST</strong> include a
physical mailing address as well as a working unsubscribe link in
the body.<!-- raw HTML omitted --></p>
<h1>Extend One Letter with Another</h1>
<p>Merge the content and frontmatter fields into a letter from another
file by using the <code>extends</code> field.</p>
<pre><code class="language-yaml">extends:
  # this letter will inherit the content
  # and configuration values of `template.md`
  - template.md
  # load a configuration file
  - config.yaml
</code></pre>
<p>Any Markdown content below the last horizontal rule is added as a
footer to the current letter. You may nest the extensions deep as
long as there are no circular references.</p>
</div>
                      </td>
                    </tr>
                  </tbody>
                </table>
              </div>
              
            </td>
          </tr>
          <tr>
            <td align="center" style="font-size:0px;padding: 24px 26px 10px 26px;word-break:break-word;">
              <table border="0" cellpadding="0" cellspacing="0" role="presentation" style="border-collapse:collapse;border-spacing:0px;">
                <tbody>
                  <tr>
                    <td style="color:#41629a;font-size: 11px;align: center"></td>
                  </tr>
                </tbody>
              </table>
            </td>
          </tr>
        </tbody>
      </table>
    </div>
    
  </div>
</body>
</html>
